Archive member included because of file (symbol)

c:/program files (x86)/atmel/atmel toolchain/avr8 gcc/native/3.4.2.1002/avr8-gnu-toolchain/bin/../lib/gcc/avr/4.7.2/avrxmega2\libgcc.a(_udivmodhi4.o)
                              src/ASF/xmega/drivers/usb/usb_device.o (__udivmodhi4)
c:/program files (x86)/atmel/atmel toolchain/avr8 gcc/native/3.4.2.1002/avr8-gnu-toolchain/bin/../lib/gcc/avr/4.7.2/avrxmega2\libgcc.a(_udivmodsi4.o)
                              src/ASF/xmega/drivers/usart/usart.o (__udivmodsi4)
c:/program files (x86)/atmel/atmel toolchain/avr8 gcc/native/3.4.2.1002/avr8-gnu-toolchain/bin/../lib/gcc/avr/4.7.2/avrxmega2\libgcc.a(_exit.o)
                              c:/program files (x86)/atmel/atmel toolchain/avr8 gcc/native/3.4.2.1002/avr8-gnu-toolchain/bin/../lib/gcc/avr/4.7.2/../../../../avr/lib/avrxmega2/crtx32a4u.o (exit)
c:/program files (x86)/atmel/atmel toolchain/avr8 gcc/native/3.4.2.1002/avr8-gnu-toolchain/bin/../lib/gcc/avr/4.7.2/avrxmega2\libgcc.a(_copy_data.o)
                              src/OctopusBot/drivers/bluetooth.o (__do_copy_data)
c:/program files (x86)/atmel/atmel toolchain/avr8 gcc/native/3.4.2.1002/avr8-gnu-toolchain/bin/../lib/gcc/avr/4.7.2/avrxmega2\libgcc.a(_clear_bss.o)
                              src/OctopusBot/drivers/bluetooth.o (__do_clear_bss)
c:/program files (x86)/atmel/atmel toolchain/avr8 gcc/native/3.4.2.1002/avr8-gnu-toolchain/bin/../lib/gcc/avr/4.7.2/avrxmega2\libgcc.a(_umulhisi3.o)
                              src/ASF/xmega/services/pwm/pwm.o (__umulhisi3)
c:/program files (x86)/atmel/atmel toolchain/avr8 gcc/native/3.4.2.1002/avr8-gnu-toolchain/bin/../lib/gcc/avr/4.7.2/avrxmega2\libgcc.a(_muldi3.o)
                              src/OctopusBot/drivers/leds.o (__muldi3)
c:/program files (x86)/atmel/atmel toolchain/avr8 gcc/native/3.4.2.1002/avr8-gnu-toolchain/bin/../lib/gcc/avr/4.7.2/avrxmega2\libgcc.a(_fixunssfsi.o)
                              src/OctopusBot/drivers/PWM.o (__fixunssfsi)
c:/program files (x86)/atmel/atmel toolchain/avr8 gcc/native/3.4.2.1002/avr8-gnu-toolchain/bin/../lib/gcc/avr/4.7.2/avrxmega2\libgcc.a(_fixunssfdi.o)
                              src/OctopusBot/drivers/leds.o (__fixunssfdi)
c:/program files (x86)/atmel/atmel toolchain/avr8 gcc/native/3.4.2.1002/avr8-gnu-toolchain/bin/../lib/gcc/avr/4.7.2/avrxmega2\libgcc.a(_floatundisf.o)
                              src/OctopusBot/drivers/leds.o (__floatundisf)
c:/program files (x86)/atmel/atmel toolchain/avr8 gcc/native/3.4.2.1002/avr8-gnu-toolchain/bin/../lib/gcc/avr/4.7.2/avrxmega2\libgcc.a(_addsub_sf.o)
                              c:/program files (x86)/atmel/atmel toolchain/avr8 gcc/native/3.4.2.1002/avr8-gnu-toolchain/bin/../lib/gcc/avr/4.7.2/avrxmega2\libgcc.a(_fixunssfsi.o) (__subsf3)
c:/program files (x86)/atmel/atmel toolchain/avr8 gcc/native/3.4.2.1002/avr8-gnu-toolchain/bin/../lib/gcc/avr/4.7.2/avrxmega2\libgcc.a(_mul_sf.o)
                              src/OctopusBot/drivers/PWM.o (__mulsf3)
c:/program files (x86)/atmel/atmel toolchain/avr8 gcc/native/3.4.2.1002/avr8-gnu-toolchain/bin/../lib/gcc/avr/4.7.2/avrxmega2\libgcc.a(_div_sf.o)
                              src/OctopusBot/drivers/leds.o (__divsf3)
c:/program files (x86)/atmel/atmel toolchain/avr8 gcc/native/3.4.2.1002/avr8-gnu-toolchain/bin/../lib/gcc/avr/4.7.2/avrxmega2\libgcc.a(_ge_sf.o)
                              c:/program files (x86)/atmel/atmel toolchain/avr8 gcc/native/3.4.2.1002/avr8-gnu-toolchain/bin/../lib/gcc/avr/4.7.2/avrxmega2\libgcc.a(_fixunssfsi.o) (__gesf2)
c:/program files (x86)/atmel/atmel toolchain/avr8 gcc/native/3.4.2.1002/avr8-gnu-toolchain/bin/../lib/gcc/avr/4.7.2/avrxmega2\libgcc.a(_lt_sf.o)
                              c:/program files (x86)/atmel/atmel toolchain/avr8 gcc/native/3.4.2.1002/avr8-gnu-toolchain/bin/../lib/gcc/avr/4.7.2/avrxmega2\libgcc.a(_fixunssfdi.o) (__ltsf2)
c:/program files (x86)/atmel/atmel toolchain/avr8 gcc/native/3.4.2.1002/avr8-gnu-toolchain/bin/../lib/gcc/avr/4.7.2/avrxmega2\libgcc.a(_si_to_sf.o)
                              src/OctopusBot/drivers/PWM.o (__floatsisf)
c:/program files (x86)/atmel/atmel toolchain/avr8 gcc/native/3.4.2.1002/avr8-gnu-toolchain/bin/../lib/gcc/avr/4.7.2/avrxmega2\libgcc.a(_sf_to_si.o)
                              c:/program files (x86)/atmel/atmel toolchain/avr8 gcc/native/3.4.2.1002/avr8-gnu-toolchain/bin/../lib/gcc/avr/4.7.2/avrxmega2\libgcc.a(_fixunssfsi.o) (__fixsfsi)
c:/program files (x86)/atmel/atmel toolchain/avr8 gcc/native/3.4.2.1002/avr8-gnu-toolchain/bin/../lib/gcc/avr/4.7.2/avrxmega2\libgcc.a(_thenan_sf.o)
                              c:/program files (x86)/atmel/atmel toolchain/avr8 gcc/native/3.4.2.1002/avr8-gnu-toolchain/bin/../lib/gcc/avr/4.7.2/avrxmega2\libgcc.a(_addsub_sf.o) (__thenan_sf)
c:/program files (x86)/atmel/atmel toolchain/avr8 gcc/native/3.4.2.1002/avr8-gnu-toolchain/bin/../lib/gcc/avr/4.7.2/avrxmega2\libgcc.a(_usi_to_sf.o)
[...]
Memory Configuration

Name             Origin             Length             Attributes
text             0x00000000         0x00100000         xr
data             0x00802000         0x0000ffa0         rw !x
eeprom           0x00810000         0x00010000         rw !x
fuse             0x00820000         0x00000400         rw !x
lock             0x00830000         0x00000400         rw !x
signature        0x00840000         0x00000400         rw !x
user_signatures  0x00850000         0x00000400         rw !x
*default*        0x00000000         0xffffffff

Linker script and memory map

LOAD c:/program files (x86)/atmel/atmel toolchain/avr8 gcc/native/3.4.2.1002/avr8-gnu-toolchain/bin/../lib/gcc/avr/4.7.2/../../../../avr/lib/avrxmega2/crtx32a4u.o
LOAD src/OctopusBot/drivers/bluetooth.o
LOAD src/OctopusBot/drivers/leds.o
LOAD src/OctopusBot/drivers/motors.o
LOAD src/OctopusBot/drivers/OctopusBot.o
LOAD src/OctopusBot/drivers/PWM.o
LOAD src/OctopusBot/drivers/switch.o
LOAD src/OctopusBot/drivers/usb_serial.o
LOAD src/ASF/common/services/clock/xmega/sysclk.o
LOAD src/ASF/common/services/ioport/xmega/ioport_compat.o
LOAD src/ASF/common/services/serial/usart_serial.o
LOAD src/ASF/common/services/sleepmgr/xmega/sleepmgr.o
LOAD src/ASF/common/services/usb/class/cdc/device/udi_cdc.o
LOAD src/ASF/common/services/usb/class/cdc/device/udi_cdc_desc.o
LOAD src/ASF/common/services/usb/udc/udc.o
LOAD src/ASF/xmega/drivers/cpu/ccp.o
LOAD src/ASF/xmega/drivers/nvm/nvm.o
LOAD src/ASF/xmega/drivers/nvm/nvm_asm.o
LOAD src/ASF/xmega/drivers/tc/tc.o
LOAD src/ASF/xmega/drivers/usart/usart.o
LOAD src/ASF/xmega/drivers/usb/usb_device.o
LOAD src/ASF/xmega/services/pwm/pwm.o
LOAD src/main.o
LOAD src/ASF/common/boards/user_board/init.o
START GROUP
END GROUP
LOAD c:/program files (x86)/atmel/atmel toolchain/avr8 gcc/native/3.4.2.1002/avr8-gnu-toolchain/bin/../lib/gcc/avr/4.7.2/avrxmega2\libgcc.a
LOAD c:/program files (x86)/atmel/atmel toolchain/avr8 gcc/native/3.4.2.1002/avr8-gnu-toolchain/bin/../lib/gcc/avr/4.7.2/../../../../avr/lib/avrxmega2\libc.a
LOAD c:/program files (x86)/atmel/atmel toolchain/avr8 gcc/native/3.4.2.1002/avr8-gnu-toolchain/bin/../lib/gcc/avr/4.7.2/avrxmega2\libgcc.a

.hash
 *(.hash)

.dynsym
 *(.dynsym)

.dynstr
 *(.dynstr)

.gnu.version
 *(.gnu.version)

.gnu.version_d
 *(.gnu.version_d)

.gnu.version_r
 *(.gnu.version_r)

.rel.init
 *(.rel.init)

.rela.init
 *(.rela.init)

.rel.text
 *(.rel.text)
 *(.rel.text.*)
 *(.rel.gnu.linkonce.t*)

.rela.text
 *(.rela.text)
 *(.rela.text.*)
 *(.rela.gnu.linkonce.t*)

.rel.fini
 *(.rel.fini)

.rela.fini
 *(.rela.fini)

.rel.rodata
 *(.rel.rodata)
 *(.rel.rodata.*)
 *(.rel.gnu.linkonce.r*)

.rela.rodata
 *(.rela.rodata)
 *(.rela.rodata.*)
 *(.rela.gnu.linkonce.r*)

.rel.data
 *(.rel.data)
 *(.rel.data.*)
 *(.rel.gnu.linkonce.d*)

.rela.data
 *(.rela.data)
 *(.rela.data.*)
 *(.rela.gnu.linkonce.d*)

.rel.ctors
 *(.rel.ctors)

.rela.ctors
 *(.rela.ctors)

.rel.dtors
 *(.rel.dtors)

.rela.dtors
 *(.rela.dtors)

.rel.got
 *(.rel.got)

.rela.got
 *(.rela.got)

.rel.bss
 *(.rel.bss)

.rela.bss
 *(.rela.bss)

.rel.plt
 *(.rel.plt)

.rela.plt
 *(.rela.plt)

.text           0x00000000     0x51f8
 *(.vectors)
 .vectors       0x00000000      0x1fc c:/program files (x86)/atmel/atmel toolchain/avr8 gcc/native/3.4.2.1002/avr8-gnu-toolchain/bin/../lib/gcc/avr/4.7.2/../../../../avr/lib/avrxmega2/crtx32a4u.o
                0x00000000                __vector_default
                0x00000000                __vectors
 *(.vectors)
 *(.progmem.gcc*)
 *(.progmem*)
 .progmem.data  0x000001fc        0xc c:/program files (x86)/atmel/atmel toolchain/avr8 gcc/native/3.4.2.1002/avr8-gnu-toolchain/bin/../lib/gcc/avr/4.7.2/../../../../avr/lib/avrxmega2\libc.a(vfscanf_std.o)
                0x00000208                . = ALIGN (0x2)
                0x00000208                __trampolines_start = .
 *(.trampolines)
 .trampolines   0x00000208        0x0 linker stubs
 *(.trampolines*)
                0x00000208                __trampolines_end = .
 *(.jumptables)
 *(.jumptables*)
 *(.lowtext)
 *(.lowtext*)
                0x00000208                __ctors_start = .
 *(.ctors)
                0x00000208                __ctors_end = .
                0x00000208                __dtors_start = .
 *(.dtors)
                0x00000208                __dtors_end = .
 SORT(*)(.ctors)
 SORT(*)(.dtors)
 *(.init0)
 .init0         0x00000208        0x0 c:/program files (x86)/atmel/atmel toolchain/avr8 gcc/native/3.4.2.1002/avr8-gnu-toolchain/bin/../lib/gcc/avr/4.7.2/../../../../avr/lib/avrxmega2/crtx32a4u.o
                0x00000208                __init
 *(.init0)
 *(.init1)
 *(.init1)
 *(.init2)
 .init2         0x00000208        0xc c:/program files (x86)/atmel/atmel toolchain/avr8 gcc/native/3.4.2.1002/avr8-gnu-toolchain/bin/../lib/gcc/avr/4.7.2/../../../../avr/lib/avrxmega2/crtx32a4u.o
 *(.init2)
 *(.init3)
 *(.init3)
 *(.init4)
 .init4         0x00000214       0x16 c:/program files (x86)/atmel/atmel toolchain/avr8 gcc/native/3.4.2.1002/avr8-gnu-toolchain/bin/../lib/gcc/avr/4.7.2/avrxmega2\libgcc.a(_copy_data.o)
                0x00000214                __do_copy_data
 .init4         0x0000022a       0x10 c:/program files (x86)/atmel/atmel toolchain/avr8 gcc/native/3.4.2.1002/avr8-gnu-toolchain/bin/../lib/gcc/avr/4.7.2/avrxmega2\libgcc.a(_clear_bss.o)
                0x0000022a                __do_clear_bss
 *(.init4)
 *(.init5)
 *(.init5)
 *(.init6)
 *(.init6)
 *(.init7)
 *(.init7)
 *(.init8)
 *(.init8)
 *(.init9)
 .init9         0x0000023a        0x8 c:/program files (x86)/atmel/atmel toolchain/avr8 gcc/native/3.4.2.1002/avr8-gnu-toolchain/bin/../lib/gcc/avr/4.7.2/../../../../avr/lib/avrxmega2/crtx32a4u.o
 *(.init9)
 *(.text)
 .text          0x00000242        0x2 c:/program files (x86)/atmel/atmel toolchain/avr8 gcc/native/3.4.2.1002/avr8-gnu-toolchain/bin/../lib/gcc/avr/4.7.2/../../../../avr/lib/avrxmega2/crtx32a4u.o
                0x00000242                __vector_38
                0x00000242                __vector_104
                0x00000242                __vector_63
                0x00000242                __vector_28
                0x00000242                __vector_67
                0x00000242                __vector_1
                0x00000242                __vector_119
                0x00000242                __vector_32
                0x00000242                __vector_75
                0x00000242                __vector_71
                0x00000242                __vector_91
                0x00000242                __vector_34
                0x00000242                __vector_62
                0x00000242                __vector_102
                0x00000242                __vector_24
                0x00000242                __vector_12
                0x00000242                __vector_55
                0x00000242                __vector_69
                0x00000242                __vector_90
                0x00000242                __vector_46
                0x00000242                __bad_interrupt
                0x00000242                __vector_122
                0x00000242                __vector_72
                0x00000242                __vector_114
                0x00000242                __vector_6
                0x00000242                __vector_110
                0x00000242                __vector_31
                0x00000242                __vector_92
                0x00000242                __vector_35
                0x00000242                __vector_74
                0x00000242                __vector_117
                0x00000242                __vector_39
                0x00000242                __vector_107
                0x00000242                __vector_3
                0x00000242                __vector_105
                0x00000242                __vector_98
                0x00000242                __vector_68
                0x00000242                __vector_30
                0x00000242                __vector_73
                0x00000242                __vector_45
                0x00000242                __vector_25
                0x00000242                __vector_93
                0x00000242                __vector_61
                0x00000242                __vector_11
                0x00000242                __vector_54
                0x00000242                __vector_99
                0x00000242                __vector_13
                0x00000242                __vector_56
                0x00000242                __vector_7
                0x00000242                __vector_123
                0x00000242                __vector_41
                0x00000242                __vector_100
                0x00000242                __vector_101
                0x00000242                __vector_64
                0x00000242                __vector_109
                0x00000242                __vector_43
                0x00000242                __vector_27
                0x00000242                __vector_5
                0x00000242                __vector_113
                0x00000242                __vector_33
                0x00000242                __vector_76
                0x00000242                __vector_115
                0x00000242                __vector_37
                0x00000242                __vector_95
                0x00000242                __vector_103
                0x00000242                __vector_96
                0x00000242                __vector_89
                0x00000242                __vector_108
                0x00000242                __vector_4
                0x00000242                __vector_44
                0x00000242                __vector_106
                0x00000242                __vector_118
                0x00000242                __vector_9
                0x00000242                __vector_2
                0x00000242                __vector_66
                0x00000242                __vector_36
                0x00000242                __vector_58
                0x00000242                __vector_70
                0x00000242                __vector_29
                0x00000242                __vector_60
                0x00000242                __vector_121
                0x00000242                __vector_40
                0x00000242                __vector_94
                0x00000242                __vector_8
                0x00000242                __vector_26
                0x00000242                __vector_124
                0x00000242                __vector_116
                0x00000242                __vector_112
                0x00000242                __vector_111
                0x00000242                __vector_57
                0x00000242                __vector_53
                0x00000242                __vector_10
                0x00000242                __vector_59
                0x00000242                __vector_97
                0x00000242                __vector_42
                0x00000242                __vector_87
                0x00000242                __vector_65
                0x00000242                __vector_120
 .text          0x00000244       0x52 c:/program files (x86)/atmel/atmel toolchain/avr8 gcc/native/3.4.2.1002/avr8-gnu-toolchain/bin/../lib/gcc/avr/4.7.2/avrxmega2\libgcc.a(_fixunssfsi.o)
                0x00000244                __fixunssfsi
 .text          0x00000296      0x162 c:/program files (x86)/atmel/atmel toolchain/avr8 gcc/native/3.4.2.1002/avr8-gnu-toolchain/bin/../lib/gcc/avr/4.7.2/avrxmega2\libgcc.a(_fixunssfdi.o)
                0x00000296                __fixunssfdi
 .text          0x000003f8      0x132 c:/program files (x86)/atmel/atmel toolchain/avr8 gcc/native/3.4.2.1002/avr8-gnu-toolchain/bin/../lib/gcc/avr/4.7.2/avrxmega2\libgcc.a(_floatundisf.o)
                0x000003f8                __floatundisf
 .text          0x0000052a      0x360 c:/program files (x86)/atmel/atmel toolchain/avr8 gcc/native/3.4.2.1002/avr8-gnu-toolchain/bin/../lib/gcc/avr/4.7.2/avrxmega2\libgcc.a(_addsub_sf.o)
                0x000007e2                __addsf3
                0x00000832                __subsf3
 .text          0x0000088a      0x1c4 c:/program files (x86)/atmel/atmel toolchain/avr8 gcc/native/3.4.2.1002/avr8-gnu-toolchain/bin/../lib/gcc/avr/4.7.2/avrxmega2\libgcc.a(_mul_sf.o)
                0x0000088a                __mulsf3
 .text          0x00000a4e      0x140 c:/program files (x86)/atmel/atmel toolchain/avr8 gcc/native/3.4.2.1002/avr8-gnu-toolchain/bin/../lib/gcc/avr/4.7.2/avrxmega2\libgcc.a(_div_sf.o)
                0x00000a4e                __divsf3
 .text          0x00000b8e       0x58 c:/program files (x86)/atmel/atmel toolchain/avr8 gcc/native/3.4.2.1002/avr8-gnu-toolchain/bin/../lib/gcc/avr/4.7.2/avrxmega2\libgcc.a(_ge_sf.o)
                0x00000b8e                __gesf2
 .text          0x00000be6       0x58 c:/program files (x86)/atmel/atmel toolchain/avr8 gcc/native/3.4.2.1002/avr8-gnu-toolchain/bin/../lib/gcc/avr/4.7.2/avrxmega2\libgcc.a(_lt_sf.o)
                0x00000be6                __ltsf2
 .text          0x00000c3e       0xb6 c:/program files (x86)/atmel/atmel toolchain/avr8 gcc/native/3.4.2.1002/avr8-gnu-toolchain/bin/../lib/gcc/avr/4.7.2/avrxmega2\libgcc.a(_si_to_sf.o)
                0x00000c3e                __floatsisf
 .text          0x00000cf4       0x9c c:/program files (x86)/atmel/atmel toolchain/avr8 gcc/native/3.4.2.1002/avr8-gnu-toolchain/bin/../lib/gcc/avr/4.7.2/avrxmega2\libgcc.a(_sf_to_si.o)
                0x00000cf4                __fixsfsi
 .text          0x00000d90       0xea c:/program files (x86)/atmel/atmel toolchain/avr8 gcc/native/3.4.2.1002/avr8-gnu-toolchain/bin/../lib/gcc/avr/4.7.2/avrxmega2\libgcc.a(_usi_to_sf.o)
                0x00000d90                __floatunsisf
 .text          0x00000e7a      0x194 c:/program files (x86)/atmel/atmel toolchain/avr8 gcc/native/3.4.2.1002/avr8-gnu-toolchain/bin/../lib/gcc/avr/4.7.2/avrxmega2\libgcc.a(_pack_sf.o)
                0x00000e7a                __pack_f
 .text          0x0000100e       0xde c:/program files (x86)/atmel/atmel toolchain/avr8 gcc/native/3.4.2.1002/avr8-gnu-toolchain/bin/../lib/gcc/avr/4.7.2/avrxmega2\libgcc.a(_unpack_sf.o)
                0x0000100e                __unpack_f
 .text          0x000010ec       0xc2 c:/program files (x86)/atmel/atmel toolchain/avr8 gcc/native/3.4.2.1002/avr8-gnu-toolchain/bin/../lib/gcc/avr/4.7.2/avrxmega2\libgcc.a(_fpcmp_parts_sf.o)
                0x000010ec                __fpcmp_parts_f
                0x000011ae                . = ALIGN (0x2)
 *(.text.*)
 .text.bluetooth_init
                0x000011ae       0x82 src/OctopusBot/drivers/bluetooth.o
                0x000011ae                bluetooth_init
 .text.bluetooth_putchar
                0x00001230        0xa src/OctopusBot/drivers/bluetooth.o
                0x00001230                bluetooth_putchar
 .text.bluetooth_putchar_printf
                0x0000123a       0x18 src/OctopusBot/drivers/bluetooth.o
                0x0000123a                bluetooth_putchar_printf
 .text.bluetooth_getchar
                0x00001252        0x8 src/OctopusBot/drivers/bluetooth.o
                0x00001252                bluetooth_getchar
 .text.bluetooth_getchar_scanf
                0x0000125a       0x1c src/OctopusBot/drivers/bluetooth.o
                0x0000125a                bluetooth_getchar_scanf
 .text.bluetooth_is_rx_complete
                0x00001276       0x18 src/OctopusBot/drivers/bluetooth.o
                0x00001276                bluetooth_is_rx_complete
 .text.leds_init
                0x0000128e       0x28 src/OctopusBot/drivers/leds.o
                0x0000128e                leds_init
 .text.led1     0x000012b6       0x30 src/OctopusBot/drivers/leds.o
                0x000012b6                led1
 .text.led2     0x000012e6       0x30 src/OctopusBot/drivers/leds.o
                0x000012e6                led2
 .text.led3     0x00001316       0x30 src/OctopusBot/drivers/leds.o
                0x00001316                led3
 .text.led4     0x00001346       0x30 src/OctopusBot/drivers/leds.o
                0x00001346                led4
 .text.motors_init
                0x00001376       0x8e src/OctopusBot/drivers/motors.o
                0x00001376                motors_init
 .text.init_octopus
                0x00001404        0xa src/OctopusBot/drivers/OctopusBot.o
                0x00001404                init_octopus
 .text.pwm_ini  0x0000140e       0x96 src/OctopusBot/drivers/PWM.o
                0x0000140e                pwm_ini
 .text.pwm_update
                0x000014a4      0x29c src/OctopusBot/drivers/PWM.o
                0x000014a4                pwm_update
 .text.switch_init
                0x00001740        0xe src/OctopusBot/drivers/switch.o
                0x00001740                switch_init
 .text.sysclk_init
                0x0000174e       0xd8 src/ASF/common/services/clock/xmega/sysclk.o
                0x0000174e                sysclk_init
 .text.sysclk_enable_module
                0x00001826       0x16 src/ASF/common/services/clock/xmega/sysclk.o
                0x00001826                sysclk_enable_module
 .text.udi_cdc_comm_enable
                0x0000183c       0x70 src/ASF/common/services/usb/class/cdc/device/udi_cdc.o
                0x0000183c                udi_cdc_comm_enable
 .text.udi_cdc_comm_disable
                0x000018ac        0xc src/ASF/common/services/usb/class/cdc/device/udi_cdc.o
                0x000018ac                udi_cdc_comm_disable
 .text.udi_cdc_data_disable
                0x000018b8       0x14 src/ASF/common/services/usb/class/cdc/device/udi_cdc.o
                0x000018b8                udi_cdc_data_disable
 .text.udi_cdc_data_setup
                0x000018cc        0x4 src/ASF/common/services/usb/class/cdc/device/udi_cdc.o
                0x000018cc                udi_cdc_data_setup
 .text.udi_cdc_getsetting
                0x000018d0        0x4 src/ASF/common/services/usb/class/cdc/device/udi_cdc.o
                0x000018d0                udi_cdc_getsetting
 .text.udi_cdc_comm_setup
                0x000018d4       0xa0 src/ASF/common/services/usb/class/cdc/device/udi_cdc.o
                0x000018d4                udi_cdc_comm_setup
 .text.udi_cdc_line_coding_received
                0x00001974        0x2 src/ASF/common/services/usb/class/cdc/device/udi_cdc.o
 .text.udi_cdc_tx_send
                0x00001976      0x156 src/ASF/common/services/usb/class/cdc/device/udi_cdc.o
 .text.udi_cdc_data_sof_notify
                0x00001acc        0x4 src/ASF/common/services/usb/class/cdc/device/udi_cdc.o
                0x00001acc                udi_cdc_data_sof_notify
 .text.udi_cdc_data_sent
                0x00001ad0       0x30 src/ASF/common/services/usb/class/cdc/device/udi_cdc.o
 .text.udi_cdc_multi_get_nb_received_data
                0x00001b00       0x2a src/ASF/common/services/usb/class/cdc/device/udi_cdc.o
                0x00001b00                udi_cdc_multi_get_nb_received_data
 .text.udi_cdc_multi_is_rx_ready
                0x00001b2a        0xe src/ASF/common/services/usb/class/cdc/device/udi_cdc.o
                0x00001b2a                udi_cdc_multi_is_rx_ready
 .text.udi_cdc_rx_start
                0x00001b38       0x8e src/ASF/common/services/usb/class/cdc/device/udi_cdc.o
 .text.udi_cdc_data_received
                0x00001bc6       0x62 src/ASF/common/services/usb/class/cdc/device/udi_cdc.o
 .text.udi_cdc_data_enable
                0x00001c28       0x6c src/ASF/common/services/usb/class/cdc/device/udi_cdc.o
                0x00001c28                udi_cdc_data_enable
 .text.udc_get_eof_conf
                0x00001c94       0x1c src/ASF/common/services/usb/udc/udc.o
 .text.udc_next_desc_in_iface
                0x00001cb0       0x5e src/ASF/common/services/usb/udc/udc.o
 .text.udc_update_iface_desc
                0x00001d0e       0x82 src/ASF/common/services/usb/udc/udc.o
 .text.udc_valid_address
                0x00001d90        0xa src/ASF/common/services/usb/udc/udc.o
 .text.udc_iface_enable
                0x00001d9a       0x6a src/ASF/common/services/usb/udc/udc.o
 .text.udc_iface_disable
                0x00001e04       0x84 src/ASF/common/services/usb/udc/udc.o
 .text.udc_reset
                0x00001e88       0x4e src/ASF/common/services/usb/udc/udc.o
                0x00001e88                udc_reset
 .text.udc_sof_notify
                0x00001ed6       0x5e src/ASF/common/services/usb/udc/udc.o
                0x00001ed6                udc_sof_notify
 .text.udc_process_setup
                0x00001f34      0x4fe src/ASF/common/services/usb/udc/udc.o
                0x00001f34                udc_process_setup
 .text.ccp_write_io
                0x00002432        0xc src/ASF/xmega/drivers/cpu/ccp.o
                0x00002432                ccp_write_io
 .text.nvm_read_byte
                0x0000243e       0x14 src/ASF/xmega/drivers/nvm/nvm_asm.o
                0x0000243e                nvm_read_byte
 .text.__vector_14
                0x00002452       0x52 src/ASF/xmega/drivers/tc/tc.o
                0x00002452                __vector_14
 .text.__vector_15
                0x000024a4       0x52 src/ASF/xmega/drivers/tc/tc.o
                0x000024a4                __vector_15
 .text.__vector_16
                0x000024f6       0x52 src/ASF/xmega/drivers/tc/tc.o
                0x000024f6                __vector_16
 .text.__vector_17
                0x00002548       0x52 src/ASF/xmega/drivers/tc/tc.o
                0x00002548                __vector_17
 .text.__vector_18
                0x0000259a       0x52 src/ASF/xmega/drivers/tc/tc.o
                0x0000259a                __vector_18
 .text.__vector_19
                0x000025ec       0x52 src/ASF/xmega/drivers/tc/tc.o
                0x000025ec                __vector_19
 .text.__vector_20
                0x0000263e       0x52 src/ASF/xmega/drivers/tc/tc.o
                0x0000263e                __vector_20
 .text.__vector_21
                0x00002690       0x52 src/ASF/xmega/drivers/tc/tc.o
                0x00002690                __vector_21
 .text.__vector_22
                0x000026e2       0x52 src/ASF/xmega/drivers/tc/tc.o
                0x000026e2                __vector_22
 .text.__vector_23
                0x00002734       0x52 src/ASF/xmega/drivers/tc/tc.o
                0x00002734                __vector_23
 .text.__vector_77
                0x00002786       0x52 src/ASF/xmega/drivers/tc/tc.o
                0x00002786                __vector_77
 .text.__vector_78
                0x000027d8       0x52 src/ASF/xmega/drivers/tc/tc.o
                0x000027d8                __vector_78
 .text.__vector_79
                0x0000282a       0x52 src/ASF/xmega/drivers/tc/tc.o
                0x0000282a                __vector_79
 .text.__vector_80
                0x0000287c       0x52 src/ASF/xmega/drivers/tc/tc.o
                0x0000287c                __vector_80
 .text.__vector_81
                0x000028ce       0x52 src/ASF/xmega/drivers/tc/tc.o
                0x000028ce                __vector_81
 .text.__vector_82
                0x00002920       0x52 src/ASF/xmega/drivers/tc/tc.o
                0x00002920                __vector_82
 .text.__vector_83
                0x00002972       0x52 src/ASF/xmega/drivers/tc/tc.o
                0x00002972                __vector_83
 .text.__vector_84
                0x000029c4       0x52 src/ASF/xmega/drivers/tc/tc.o
                0x000029c4                __vector_84
 .text.__vector_85
                0x00002a16       0x52 src/ASF/xmega/drivers/tc/tc.o
                0x00002a16                __vector_85
 .text.__vector_86
                0x00002a68       0x52 src/ASF/xmega/drivers/tc/tc.o
                0x00002a68                __vector_86
 .text.__vector_47
                0x00002aba       0x52 src/ASF/xmega/drivers/tc/tc.o
                0x00002aba                __vector_47
 .text.__vector_48
                0x00002b0c       0x52 src/ASF/xmega/drivers/tc/tc.o
                0x00002b0c                __vector_48
 .text.__vector_49
                0x00002b5e       0x52 src/ASF/xmega/drivers/tc/tc.o
                0x00002b5e                __vector_49
 .text.__vector_50
                0x00002bb0       0x52 src/ASF/xmega/drivers/tc/tc.o
                0x00002bb0                __vector_50
 .text.__vector_51
                0x00002c02       0x52 src/ASF/xmega/drivers/tc/tc.o
                0x00002c02                __vector_51
 .text.__vector_52
                0x00002c54       0x52 src/ASF/xmega/drivers/tc/tc.o
                0x00002c54                __vector_52
 .text.tc_enable
                0x00002ca6       0xb4 src/ASF/xmega/drivers/tc/tc.o
                0x00002ca6                tc_enable
 .text.usart_putchar
                0x00002d5a       0x10 src/ASF/xmega/drivers/usart/usart.o
                0x00002d5a                usart_putchar
 .text.usart_getchar
                0x00002d6a        0xc src/ASF/xmega/drivers/usart/usart.o
                0x00002d6a                usart_getchar
 .text.usart_set_baudrate
                0x00002d76      0x224 src/ASF/xmega/drivers/usart/usart.o
                0x00002d76                usart_set_baudrate
 .text.usart_init_rs232
                0x00002f9a      0x238 src/ASF/xmega/drivers/usart/usart.o
                0x00002f9a                usart_init_rs232
 .text.udd_sleep_mode
                0x000031d2       0x3e src/ASF/xmega/drivers/usb/usb_device.o
 .text.udd_ep_get_ctrl
                0x00003210       0x32 src/ASF/xmega/drivers/usb/usb_device.o
 .text.udd_ep_init
                0x00003242       0x98 src/ASF/xmega/drivers/usb/usb_device.o
 .text.udd_ctrl_init
                0x000032da       0x5a src/ASF/xmega/drivers/usb/usb_device.o
 .text.udd_ctrl_stall_data
                0x00003334       0x22 src/ASF/xmega/drivers/usb/usb_device.o
 .text.udd_ctrl_send_zlp_in
                0x00003356       0x22 src/ASF/xmega/drivers/usb/usb_device.o
 .text.udd_ctrl_send_zlp_out
                0x00003378       0x1a src/ASF/xmega/drivers/usb/usb_device.o
 .text.udd_ctrl_endofrequest
                0x00003392       0x10 src/ASF/xmega/drivers/usb/usb_device.o
 .text.udd_ctrl_in_sent
                0x000033a2       0xd4 src/ASF/xmega/drivers/usb/usb_device.o
 .text.udd_ep_get_size
                0x00003476       0x56 src/ASF/xmega/drivers/usb/usb_device.o
 .text.udd_ep_get_job
                0x000034cc       0x3c src/ASF/xmega/drivers/usb/usb_device.o
 .text.udd_ctrl_interrupt_tc_setup
                0x00003508       0xee src/ASF/xmega/drivers/usb/usb_device.o
 .text.udd_ep_trans_complet
                0x000035f6      0x210 src/ASF/xmega/drivers/usb/usb_device.o
 .text.udd_is_high_speed
                0x00003806        0x4 src/ASF/xmega/drivers/usb/usb_device.o
                0x00003806                udd_is_high_speed
 .text.udd_set_address
                0x0000380a        0x6 src/ASF/xmega/drivers/usb/usb_device.o
                0x0000380a                udd_set_address
 .text.udd_getaddress
                0x00003810        0x6 src/ASF/xmega/drivers/usb/usb_device.o
                0x00003810                udd_getaddress
 .text.udd_get_frame_number
                0x00003816        0xe src/ASF/xmega/drivers/usb/usb_device.o
                0x00003816                udd_get_frame_number
 .text.udd_get_micro_frame_number
                0x00003824        0x6 src/ASF/xmega/drivers/usb/usb_device.o
                0x00003824                udd_get_micro_frame_number
 .text.udd_set_setup_payload
                0x0000382a       0x12 src/ASF/xmega/drivers/usb/usb_device.o
                0x0000382a                udd_set_setup_payload
 .text.udd_ep_alloc
                0x0000383c       0x52 src/ASF/xmega/drivers/usb/usb_device.o
                0x0000383c                udd_ep_alloc
 .text.udd_ep_is_halted
                0x0000388e        0xe src/ASF/xmega/drivers/usb/usb_device.o
                0x0000388e                udd_ep_is_halted
 .text.udd_ep_clear_halt
                0x0000389c       0x32 src/ASF/xmega/drivers/usb/usb_device.o
                0x0000389c                udd_ep_clear_halt
 .text.udd_ep_run
                0x000038ce       0xec src/ASF/xmega/drivers/usb/usb_device.o
                0x000038ce                udd_ep_run
 .text.udd_ep_abort
                0x000039ba       0x50 src/ASF/xmega/drivers/usb/usb_device.o
                0x000039ba                udd_ep_abort
 .text.udd_ep_set_halt
                0x00003a0a       0x20 src/ASF/xmega/drivers/usb/usb_device.o
                0x00003a0a                udd_ep_set_halt
 .text.udd_ep_free
                0x00003a2a       0x12 src/ASF/xmega/drivers/usb/usb_device.o
                0x00003a2a                udd_ep_free
 .text.__vector_125
                0x00003a3c      0x164 src/ASF/xmega/drivers/usb/usb_device.o
                0x00003a3c                __vector_125
 .text.__vector_126
                0x00003ba0      0x1ba src/ASF/xmega/drivers/usb/usb_device.o
                0x00003ba0                __vector_126
 .text.pwm_set_frequency
                0x00003d5a       0xee src/ASF/xmega/services/pwm/pwm.o
                0x00003d5a                pwm_set_frequency
 .text.pwm_init
                0x00003e48      0x184 src/ASF/xmega/services/pwm/pwm.o
                0x00003e48                pwm_init
 .text.pwm_start
                0x00003fcc       0xac src/ASF/xmega/services/pwm/pwm.o
                0x00003fcc                pwm_start
 .text.__vector_88
                0x00004078       0xa2 src/main.o
                0x00004078                __vector_88
 .text.initial_animation
                0x0000411a      0x63c src/main.o
                0x0000411a                initial_animation
 .text.main     0x00004756      0x20a src/main.o
                0x00004756                main
 .text.libgcc.div
                0x00004960       0x28 c:/program files (x86)/atmel/atmel toolchain/avr8 gcc/native/3.4.2.1002/avr8-gnu-toolchain/bin/../lib/gcc/avr/4.7.2/avrxmega2\libgcc.a(_udivmodhi4.o)
                0x00004960                __udivmodhi4
 .text.libgcc.div
                0x00004988       0x44 c:/program files (x86)/atmel/atmel toolchain/avr8 gcc/native/3.4.2.1002/avr8-gnu-toolchain/bin/../lib/gcc/avr/4.7.2/avrxmega2\libgcc.a(_udivmodsi4.o)
                0x00004988                __udivmodsi4
 .text.libgcc.mul
                0x000049cc       0x18 c:/program files (x86)/atmel/atmel toolchain/avr8 gcc/native/3.4.2.1002/avr8-gnu-toolchain/bin/../lib/gcc/avr/4.7.2/avrxmega2\libgcc.a(_umulhisi3.o)
                0x000049cc                __umulhisi3
 .text.libgcc.mul
                0x000049e4       0xa2 c:/program files (x86)/atmel/atmel toolchain/avr8 gcc/native/3.4.2.1002/avr8-gnu-toolchain/bin/../lib/gcc/avr/4.7.2/avrxmega2\libgcc.a(_muldi3.o)
                0x000049e4                __muldi3
 .text.libgcc.builtins
                0x00004a86        0xe c:/program files (x86)/atmel/atmel toolchain/avr8 gcc/native/3.4.2.1002/avr8-gnu-toolchain/bin/../lib/gcc/avr/4.7.2/avrxmega2\libgcc.a(_clzsi2.o)
                0x00004a86                __clzsi2
 .text.libgcc.builtins
                0x00004a94       0x24 c:/program files (x86)/atmel/atmel toolchain/avr8 gcc/native/3.4.2.1002/avr8-gnu-toolchain/bin/../lib/gcc/avr/4.7.2/avrxmega2\libgcc.a(_clzhi2.o)
                0x00004a94                __clzhi2
 .text.libgcc.prologue
                0x00004ab8       0x32 c:/program files (x86)/atmel/atmel toolchain/avr8 gcc/native/3.4.2.1002/avr8-gnu-toolchain/bin/../lib/gcc/avr/4.7.2/avrxmega2\libgcc.a(_prologue.o)
                0x00004ab8                __prologue_saves__
 .text.libgcc.prologue
                0x00004aea       0x30 c:/program files (x86)/atmel/atmel toolchain/avr8 gcc/native/3.4.2.1002/avr8-gnu-toolchain/bin/../lib/gcc/avr/4.7.2/avrxmega2\libgcc.a(_epilogue.o)
                0x00004aea                __epilogue_restores__
 .text.libgcc.builtins
                0x00004b1a       0x1e c:/program files (x86)/atmel/atmel toolchain/avr8 gcc/native/3.4.2.1002/avr8-gnu-toolchain/bin/../lib/gcc/avr/4.7.2/avrxmega2\libgcc.a(_ashldi3.o)
                0x00004b1a                __ashldi3
 .text.libgcc.builtins
                0x00004b38       0x1e c:/program files (x86)/atmel/atmel toolchain/avr8 gcc/native/3.4.2.1002/avr8-gnu-toolchain/bin/../lib/gcc/avr/4.7.2/avrxmega2\libgcc.a(_lshrdi3.o)
                0x00004b38                __lshrdi3
 .text.libgcc   0x00004b56       0x12 c:/program files (x86)/atmel/atmel toolchain/avr8 gcc/native/3.4.2.1002/avr8-gnu-toolchain/bin/../lib/gcc/avr/4.7.2/avrxmega2\libgcc.a(_cmpdi2.o)
                0x00004b56                __cmpdi2
 .text.avr-libc
                0x00004b68       0x12 c:/program files (x86)/atmel/atmel toolchain/avr8 gcc/native/3.4.2.1002/avr8-gnu-toolchain/bin/../lib/gcc/avr/4.7.2/../../../../avr/lib/avrxmega2\libc.a(memcpy.o)
                0x00004b68                memcpy
 .text.avr-libc
                0x00004b7a       0x22 c:/program files (x86)/atmel/atmel toolchain/avr8 gcc/native/3.4.2.1002/avr8-gnu-toolchain/bin/../lib/gcc/avr/4.7.2/../../../../avr/lib/avrxmega2\libc.a(scanf.o)
                0x00004b7a                scanf
 .text.avr-libc
                0x00004b9c      0x576 c:/program files (x86)/atmel/atmel toolchain/avr8 gcc/native/3.4.2.1002/avr8-gnu-toolchain/bin/../lib/gcc/avr/4.7.2/../../../../avr/lib/avrxmega2\libc.a(vfscanf_std.o)
                0x00004ed2                vfscanf
 .text.avr-libc
                0x00005112       0x10 c:/program files (x86)/atmel/atmel toolchain/avr8 gcc/native/3.4.2.1002/avr8-gnu-toolchain/bin/../lib/gcc/avr/4.7.2/../../../../avr/lib/avrxmega2\libc.a(isspace.o)
                0x00005112                isspace
 .text.avr-libc
                0x00005122       0x16 c:/program files (x86)/atmel/atmel toolchain/avr8 gcc/native/3.4.2.1002/avr8-gnu-toolchain/bin/../lib/gcc/avr/4.7.2/../../../../avr/lib/avrxmega2\libc.a(strchr_P.o)
                0x00005122                strchr_P
 .text.avr-libc
                0x00005138       0x80 c:/program files (x86)/atmel/atmel toolchain/avr8 gcc/native/3.4.2.1002/avr8-gnu-toolchain/bin/../lib/gcc/avr/4.7.2/../../../../avr/lib/avrxmega2\libc.a(fgetc.o)
                0x00005138                fgetc
 .text.avr-libc
                0x000051b8       0x36 c:/program files (x86)/atmel/atmel toolchain/avr8 gcc/native/3.4.2.1002/avr8-gnu-toolchain/bin/../lib/gcc/avr/4.7.2/../../../../avr/lib/avrxmega2\libc.a(ungetc.o)
                0x000051b8                ungetc
 .text.avr-libc
                0x000051ee        0x6 c:/program files (x86)/atmel/atmel toolchain/avr8 gcc/native/3.4.2.1002/avr8-gnu-toolchain/bin/../lib/gcc/avr/4.7.2/../../../../avr/lib/avrxmega2\libc.a(cty_isfalse.o)
                0x000051ee                __ctype_isfalse
                0x000051f2                __ctype_istrue
                0x000051f4                . = ALIGN (0x2)
 *(.fini9)
 .fini9         0x000051f4        0x0 c:/program files (x86)/atmel/atmel toolchain/avr8 gcc/native/3.4.2.1002/avr8-gnu-toolchain/bin/../lib/gcc/avr/4.7.2/avrxmega2\libgcc.a(_exit.o)
                0x000051f4                _exit
                0x000051f4                exit
 *(.fini9)
 *(.fini8)
 *(.fini8)
 *(.fini7)
 *(.fini7)
 *(.fini6)
 *(.fini6)
 *(.fini5)
 *(.fini5)
 *(.fini4)
 *(.fini4)
 *(.fini3)
 *(.fini3)
 *(.fini2)
 *(.fini2)
 *(.fini1)
 *(.fini1)
 *(.fini0)
 .fini0         0x000051f4        0x4 c:/program files (x86)/atmel/atmel toolchain/avr8 gcc/native/3.4.2.1002/avr8-gnu-toolchain/bin/../lib/gcc/avr/4.7.2/avrxmega2\libgcc.a(_exit.o)
 *(.fini0)
                0x000051f8                _etext = .

.data           0x00802000       0xac load address 0x000051f8
                0x00802000                PROVIDE (__data_start, .)
 *(.data)
 .data          0x00802000        0x0 c:/program files (x86)/atmel/atmel toolchain/avr8 gcc/native/3.4.2.1002/avr8-gnu-toolchain/bin/../lib/gcc/avr/4.7.2/../../../../avr/lib/avrxmega2/crtx32a4u.o
 .data          0x00802000        0x0 src/OctopusBot/drivers/bluetooth.o
 .data          0x00802000        0x0 src/OctopusBot/drivers/leds.o
 .data          0x00802000        0x0 src/OctopusBot/drivers/motors.o
 .data          0x00802000        0x0 src/OctopusBot/drivers/OctopusBot.o
 .data          0x00802000        0x0 src/OctopusBot/drivers/PWM.o
 .data          0x00802000        0x0 src/OctopusBot/drivers/switch.o
 .data          0x00802000        0x0 src/OctopusBot/drivers/usb_serial.o
 .data          0x00802000        0x0 src/ASF/common/services/clock/xmega/sysclk.o
 .data          0x00802000        0x0 src/ASF/common/services/ioport/xmega/ioport_compat.o
 .data          0x00802000        0x0 src/ASF/common/services/serial/usart_serial.o
 .data          0x00802000        0x0 src/ASF/common/services/sleepmgr/xmega/sleepmgr.o
 .data          0x00802000        0x0 src/ASF/common/services/usb/class/cdc/device/udi_cdc.o
 .data          0x00802000        0x0 src/ASF/common/services/usb/class/cdc/device/udi_cdc_desc.o
 .data          0x00802000        0x0 src/ASF/common/services/usb/udc/udc.o
 .data          0x00802000        0x0 src/ASF/xmega/drivers/cpu/ccp.o
 .data          0x00802000        0x0 src/ASF/xmega/drivers/nvm/nvm.o
 .data          0x00802000        0x0 src/ASF/xmega/drivers/nvm/nvm_asm.o
 .data          0x00802000        0x0 src/ASF/xmega/drivers/tc/tc.o
 .data          0x00802000        0x0 src/ASF/xmega/drivers/usart/usart.o
 .data          0x00802000        0x0 src/ASF/xmega/drivers/usb/usb_device.o
 .data          0x00802000        0x0 src/ASF/xmega/services/pwm/pwm.o
 .data          0x00802000        0x0 src/main.o
 .data          0x00802000        0x0 src/ASF/common/boards/user_board/init.o
 .data          0x00802000        0x0 c:/program files (x86)/atmel/atmel toolchain/avr8 gcc/native/3.4.2.1002/avr8-gnu-toolchain/bin/../lib/gcc/avr/4.7.2/avrxmega2\libgcc.a(_udivmodhi4.o)
 .data          0x00802000        0x0 c:/program files (x86)/atmel/atmel toolchain/avr8 gcc/native/3.4.2.1002/avr8-gnu-toolchain/bin/../lib/gcc/avr/4.7.2/avrxmega2\libgcc.a(_udivmodsi4.o)
 .data          0x00802000        0x0 c:/program files (x86)/atmel/atmel toolchain/avr8 gcc/native/3.4.2.1002/avr8-gnu-toolchain/bin/../lib/gcc/avr/4.7.2/avrxmega2\libgcc.a(_exit.o)
 .data          0x00802000        0x0 c:/program files (x86)/atmel/atmel toolchain/avr8 gcc/native/3.4.2.1002/avr8-gnu-toolchain/bin/../lib/gcc/avr/4.7.2/avrxmega2\libgcc.a(_copy_data.o)
 .data          0x00802000        0x0 c:/program files (x86)/atmel/atmel toolchain/avr8 gcc/native/3.4.2.1002/avr8-gnu-toolchain/bin/../lib/gcc/avr/4.7.2/avrxmega2\libgcc.a(_clear_bss.o)
 .data          0x00802000        0x0 c:/program files (x86)/atmel/atmel toolchain/avr8 gcc/native/3.4.2.1002/avr8-gnu-toolchain/bin/../lib/gcc/avr/4.7.2/avrxmega2\libgcc.a(_umulhisi3.o)
 .data          0x00802000        0x0 c:/program files (x86)/atmel/atmel toolchain/avr8 gcc/native/3.4.2.1002/avr8-gnu-toolchain/bin/../lib/gcc/avr/4.7.2/avrxmega2\libgcc.a(_muldi3.o)
 .data          0x00802000        0x0 c:/program files (x86)/atmel/atmel toolchain/avr8 gcc/native/3.4.2.1002/avr8-gnu-toolchain/bin/../lib/gcc/avr/4.7.2/avrxmega2\libgcc.a(_fixunssfsi.o)
 .data          0x00802000        0x0 c:/program files (x86)/atmel/atmel toolchain/avr8 gcc/native/3.4.2.1002/avr8-gnu-toolchain/bin/../lib/gcc/avr/4.7.2/avrxmega2\libgcc.a(_fixunssfdi.o)
 .data          0x00802000        0x0 c:/program files (x86)/atmel/atmel toolchain/avr8 gcc/native/3.4.2.1002/avr8-gnu-toolchain/bin/../lib/gcc/avr/4.7.2/avrxmega2\libgcc.a(_floatundisf.o)
 .data          0x00802000        0x0 c:/program files (x86)/atmel/atmel toolchain/avr8 gcc/native/3.4.2.1002/avr8-gnu-toolchain/bin/../lib/gcc/avr/4.7.2/avrxmega2\libgcc.a(_addsub_sf.o)
 .data          0x00802000        0x0 c:/program files (x86)/atmel/atmel toolchain/avr8 gcc/native/3.4.2.1002/avr8-gnu-toolchain/bin/../lib/gcc/avr/4.7.2/avrxmega2\libgcc.a(_mul_sf.o)
 .data          0x00802000        0x0 c:/program files (x86)/atmel/atmel toolchain/avr8 gcc/native/3.4.2.1002/avr8-gnu-toolchain/bin/../lib/gcc/avr/4.7.2/avrxmega2\libgcc.a(_div_sf.o)
 .data          0x00802000        0x0 c:/program files (x86)/atmel/atmel toolchain/avr8 gcc/native/3.4.2.1002/avr8-gnu-toolchain/bin/../lib/gcc/avr/4.7.2/avrxmega2\libgcc.a(_ge_sf.o)
 .data          0x00802000        0x0 c:/program files (x86)/atmel/atmel toolchain/avr8 gcc/native/3.4.2.1002/avr8-gnu-toolchain/bin/../lib/gcc/avr/4.7.2/avrxmega2\libgcc.a(_lt_sf.o)
 .data          0x00802000        0x0 c:/program files (x86)/atmel/atmel toolchain/avr8 gcc/native/3.4.2.1002/avr8-gnu-toolchain/bin/../lib/gcc/avr/4.7.2/avrxmega2\libgcc.a(_si_to_sf.o)
 .data          0x00802000        0x0 c:/program files (x86)/atmel/atmel toolchain/avr8 gcc/native/3.4.2.1002/avr8-gnu-toolchain/bin/../lib/gcc/avr/4.7.2/avrxmega2\libgcc.a(_sf_to_si.o)
 .data          0x00802000        0x0 c:/program files (x86)/atmel/atmel toolchain/avr8 gcc/native/3.4.2.1002/avr8-gnu-toolchain/bin/../lib/gcc/avr/4.7.2/avrxmega2\libgcc.a(_thenan_sf.o)
 .data          0x00802000        0x0 c:/program files (x86)/atmel/atmel toolchain/avr8 gcc/native/3.4.2.1002/avr8-gnu-toolchain/bin/../lib/gcc/avr/4.7.2/avrxmega2\libgcc.a(_usi_to_sf.o)
 .data          0x00802000        0x0 c:/program files (x86)/atmel/atmel toolchain/avr8 gcc/native/3.4.2.1002/avr8-gnu-toolchain/bin/../lib/gcc/avr/4.7.2/avrxmega2\libgcc.a(_clzsi2.o)
 .data          0x00802000        0x0 c:/program files (x86)/atmel/atmel toolchain/avr8 gcc/native/3.4.2.1002/avr8-gnu-toolchain/bin/../lib/gcc/avr/4.7.2/avrxmega2\libgcc.a(_clzhi2.o)
 .data          0x00802000        0x0 c:/program files (x86)/atmel/atmel toolchain/avr8 gcc/native/3.4.2.1002/avr8-gnu-toolchain/bin/../lib/gcc/avr/4.7.2/avrxmega2\libgcc.a(_prologue.o)
 .data          0x00802000        0x0 c:/program files (x86)/atmel/atmel toolchain/avr8 gcc/native/3.4.2.1002/avr8-gnu-toolchain/bin/../lib/gcc/avr/4.7.2/avrxmega2\libgcc.a(_epilogue.o)
 .data          0x00802000        0x0 c:/program files (x86)/atmel/atmel toolchain/avr8 gcc/native/3.4.2.1002/avr8-gnu-toolchain/bin/../lib/gcc/avr/4.7.2/avrxmega2\libgcc.a(_ashldi3.o)
 .data          0x00802000        0x0 c:/program files (x86)/atmel/atmel toolchain/avr8 gcc/native/3.4.2.1002/avr8-gnu-toolchain/bin/../lib/gcc/avr/4.7.2/avrxmega2\libgcc.a(_lshrdi3.o)
 .data          0x00802000        0x0 c:/program files (x86)/atmel/atmel toolchain/avr8 gcc/native/3.4.2.1002/avr8-gnu-toolchain/bin/../lib/gcc/avr/4.7.2/avrxmega2\libgcc.a(_cmpdi2.o)
 .data          0x00802000        0x0 c:/program files (x86)/atmel/atmel toolchain/avr8 gcc/native/3.4.2.1002/avr8-gnu-toolchain/bin/../lib/gcc/avr/4.7.2/avrxmega2\libgcc.a(_pack_sf.o)
 .data          0x00802000        0x0 c:/program files (x86)/atmel/atmel toolchain/avr8 gcc/native/3.4.2.1002/avr8-gnu-toolchain/bin/../lib/gcc/avr/4.7.2/avrxmega2\libgcc.a(_unpack_sf.o)
 .data          0x00802000        0x0 c:/program files (x86)/atmel/atmel toolchain/avr8 gcc/native/3.4.2.1002/avr8-gnu-toolchain/bin/../lib/gcc/avr/4.7.2/avrxmega2\libgcc.a(_fpcmp_parts_sf.o)
 .data          0x00802000        0x0 c:/program files (x86)/atmel/atmel toolchain/avr8 gcc/native/3.4.2.1002/avr8-gnu-toolchain/bin/../lib/gcc/avr/4.7.2/../../../../avr/lib/avrxmega2\libc.a(memcpy.o)
 .data          0x00802000        0x0 c:/program files (x86)/atmel/atmel toolchain/avr8 gcc/native/3.4.2.1002/avr8-gnu-toolchain/bin/../lib/gcc/avr/4.7.2/../../../../avr/lib/avrxmega2\libc.a(iob.o)
 .data          0x00802000        0x0 c:/program files (x86)/atmel/atmel toolchain/avr8 gcc/native/3.4.2.1002/avr8-gnu-toolchain/bin/../lib/gcc/avr/4.7.2/../../../../avr/lib/avrxmega2\libc.a(printf.o)
 .data          0x00802000        0x0 c:/program files (x86)/atmel/atmel toolchain/avr8 gcc/native/3.4.2.1002/avr8-gnu-toolchain/bin/../lib/gcc/avr/4.7.2/../../../../avr/lib/avrxmega2\libc.a(scanf.o)
 .data          0x00802000        0x0 c:/program files (x86)/atmel/atmel toolchain/avr8 gcc/native/3.4.2.1002/avr8-gnu-toolchain/bin/../lib/gcc/avr/4.7.2/../../../../avr/lib/avrxmega2\libc.a(sprintf.o)
 .data          0x00802000        0x0 c:/program files (x86)/atmel/atmel toolchain/avr8 gcc/native/3.4.2.1002/avr8-gnu-toolchain/bin/../lib/gcc/avr/4.7.2/../../../../avr/lib/avrxmega2\libc.a(vfprintf_std.o)
 .data          0x00802000        0x0 c:/program files (x86)/atmel/atmel toolchain/avr8 gcc/native/3.4.2.1002/avr8-gnu-toolchain/bin/../lib/gcc/avr/4.7.2/../../../../avr/lib/avrxmega2\libc.a(vfscanf_std.o)
 .data          0x00802000        0x0 c:/program files (x86)/atmel/atmel toolchain/avr8 gcc/native/3.4.2.1002/avr8-gnu-toolchain/bin/../lib/gcc/avr/4.7.2/../../../../avr/lib/avrxmega2\libc.a(isspace.o)
 .data          0x00802000        0x0 c:/program files (x86)/atmel/atmel toolchain/avr8 gcc/native/3.4.2.1002/avr8-gnu-toolchain/bin/../lib/gcc/avr/4.7.2/../../../../avr/lib/avrxmega2\libc.a(strchr_P.o)
 .data          0x00802000        0x0 c:/program files (x86)/atmel/atmel toolchain/avr8 gcc/native/3.4.2.1002/avr8-gnu-toolchain/bin/../lib/gcc/avr/4.7.2/../../../../avr/lib/avrxmega2\libc.a(strnlen_P.o)
 .data          0x00802000        0x0 c:/program files (x86)/atmel/atmel toolchain/avr8 gcc/native/3.4.2.1002/avr8-gnu-toolchain/bin/../lib/gcc/avr/4.7.2/../../../../avr/lib/avrxmega2\libc.a(strnlen.o)
 .data          0x00802000        0x0 c:/program files (x86)/atmel/atmel toolchain/avr8 gcc/native/3.4.2.1002/avr8-gnu-toolchain/bin/../lib/gcc/avr/4.7.2/../../../../avr/lib/avrxmega2\libc.a(fgetc.o)
 .data          0x00802000        0x0 c:/program files (x86)/atmel/atmel toolchain/avr8 gcc/native/3.4.2.1002/avr8-gnu-toolchain/bin/../lib/gcc/avr/4.7.2/../../../../avr/lib/avrxmega2\libc.a(fputc.o)
 .data          0x00802000        0x0 c:/program files (x86)/atmel/atmel toolchain/avr8 gcc/native/3.4.2.1002/avr8-gnu-toolchain/bin/../lib/gcc/avr/4.7.2/../../../../avr/lib/avrxmega2\libc.a(ungetc.o)
 .data          0x00802000        0x0 c:/program files (x86)/atmel/atmel toolchain/avr8 gcc/native/3.4.2.1002/avr8-gnu-toolchain/bin/../lib/gcc/avr/4.7.2/../../../../avr/lib/avrxmega2\libc.a(ultoa_invert.o)
 .data          0x00802000        0x0 c:/program files (x86)/atmel/atmel toolchain/avr8 gcc/native/3.4.2.1002/avr8-gnu-toolchain/bin/../lib/gcc/avr/4.7.2/../../../../avr/lib/avrxmega2\libc.a(cty_isfalse.o)
 *(.data*)
 .data.usart_options.5982
                0x00802000        0x9 src/OctopusBot/drivers/bluetooth.o
 .data.mystdout
                0x00802009        0xe src/OctopusBot/drivers/bluetooth.o
 .data.udi_api_cdc_data
                0x00802017        0xa src/ASF/common/services/usb/class/cdc/device/udi_cdc.o
                0x00802017                udi_api_cdc_data
 .data.udi_api_cdc_comm
                0x00802021        0xa src/ASF/common/services/usb/class/cdc/device/udi_cdc.o
                0x00802021                udi_api_cdc_comm
 .data.udc_config
                0x0080202b        0x4 src/ASF/common/services/usb/class/cdc/device/udi_cdc_desc.o
                0x0080202b                udc_config
 .data.udc_config_fs
                0x0080202f        0x4 src/ASF/common/services/usb/class/cdc/device/udi_cdc_desc.o
                0x0080202f                udc_config_fs
 .data.udi_apis
                0x00802033        0x4 src/ASF/common/services/usb/class/cdc/device/udi_cdc_desc.o
                0x00802033                udi_apis
 *fill*         0x00802037        0x1 
 .data.udc_desc_fs
                0x00802038       0x44 src/ASF/common/services/usb/class/cdc/device/udi_cdc_desc.o
                0x00802038                udc_desc_fs
 .data.udc_device_desc
                0x0080207c       0x12 src/ASF/common/services/usb/class/cdc/device/udi_cdc_desc.o
                0x0080207c                udc_device_desc
 .data.udc_string_desc_languageid
                0x0080208e        0x4 src/ASF/common/services/usb/udc/udc.o
 *(.rodata)
 .rodata        0x00802092        0x8 c:/program files (x86)/atmel/atmel toolchain/avr8 gcc/native/3.4.2.1002/avr8-gnu-toolchain/bin/../lib/gcc/avr/4.7.2/avrxmega2\libgcc.a(_thenan_sf.o)
                0x00802092                __thenan_sf
 *(.rodata*)
 .rodata.str1.1
                0x0080209a       0x11 src/main.o
 *(.gnu.linkonce.d*)
                0x008020ac                . = ALIGN (0x2)
 *fill*         0x008020ab        0x1 
                0x008020ac                _edata = .
                0x008020ac                PROVIDE (__data_end, .)

.bss            0x008020ac      0x300
                0x008020ac                PROVIDE (__bss_start, .)
 *(.bss)
 *(.bss*)
 .bss.udi_cdc_tx_both_buf_to_send
                0x008020ac        0x1 src/ASF/common/services/usb/class/cdc/device/udi_cdc.o
 .bss.udi_cdc_tx_trans_ongoing
                0x008020ad        0x1 src/ASF/common/services/usb/class/cdc/device/udi_cdc.o
 .bss.udi_cdc_tx_buf_sel
                0x008020ae        0x1 src/ASF/common/services/usb/class/cdc/device/udi_cdc.o
 .bss.udi_cdc_rx_trans_ongoing
                0x008020af        0x1 src/ASF/common/services/usb/class/cdc/device/udi_cdc.o
 .bss.udi_cdc_rx_pos
                0x008020b0        0x2 src/ASF/common/services/usb/class/cdc/device/udi_cdc.o
 .bss.udi_cdc_rx_buf_sel
                0x008020b2        0x1 src/ASF/common/services/usb/class/cdc/device/udi_cdc.o
 .bss.udi_cdc_data_running
                0x008020b3        0x1 src/ASF/common/services/usb/class/cdc/device/udi_cdc.o
 .bss.udi_cdc_nb_data_enabled
                0x008020b4        0x1 src/ASF/common/services/usb/class/cdc/device/udi_cdc.o
 .bss.udi_cdc_nb_comm_enabled
                0x008020b5        0x1 src/ASF/common/services/usb/class/cdc/device/udi_cdc.o
 .bss.udi_cdc_state
                0x008020b6        0x2 src/ASF/common/services/usb/class/cdc/device/udi_cdc.o
 .bss.uid_cdc_state_msg
                0x008020b8        0xa src/ASF/common/services/usb/class/cdc/device/udi_cdc.o
 .bss.udi_cdc_line_coding
                0x008020c2        0x7 src/ASF/common/services/usb/class/cdc/device/udi_cdc.o
 .bss.udi_cdc_tx_buf_nb
                0x008020c9        0x4 src/ASF/common/services/usb/class/cdc/device/udi_cdc.o
 .bss.udi_cdc_tx_sof_num
                0x008020cd        0x2 src/ASF/common/services/usb/class/cdc/device/udi_cdc.o
 .bss.udi_cdc_rx_buf_nb
                0x008020cf        0x4 src/ASF/common/services/usb/class/cdc/device/udi_cdc.o
 .bss.sof_zlp_counter.4653
                0x008020d3        0x2 src/ASF/common/services/usb/class/cdc/device/udi_cdc.o
 *fill*         0x008020d5        0x1 
 .bss.udi_cdc_tx_buf
                0x008020d6       0x80 src/ASF/common/services/usb/class/cdc/device/udi_cdc.o
 .bss.udi_cdc_rx_buf
                0x00802156       0x80 src/ASF/common/services/usb/class/cdc/device/udi_cdc.o
 .bss.udc_ptr_iface
                0x008021d6        0x2 src/ASF/common/services/usb/udc/udc.o
 .bss.udc_num_configuration
                0x008021d8        0x1 src/ASF/common/services/usb/udc/udc.o
 .bss.udc_ptr_conf
                0x008021d9        0x2 src/ASF/common/services/usb/udc/udc.o
 .bss.udc_device_status
                0x008021db        0x2 src/ASF/common/services/usb/udc/udc.o
 .bss.udc_iface_setting.4413
                0x008021dd        0x1 src/ASF/common/services/usb/udc/udc.o
 .bss.udc_ep_status.4357
                0x008021de        0x2 src/ASF/common/services/usb/udc/udc.o
 .bss.tc_tcc0_ovf_callback
                0x008021e0        0x2 src/ASF/xmega/drivers/tc/tc.o
 .bss.tc_tcc0_err_callback
                0x008021e2        0x2 src/ASF/xmega/drivers/tc/tc.o
 .bss.tc_tcc0_cca_callback
                0x008021e4        0x2 src/ASF/xmega/drivers/tc/tc.o
 .bss.tc_tcc0_ccb_callback
                0x008021e6        0x2 src/ASF/xmega/drivers/tc/tc.o
 .bss.tc_tcc0_ccc_callback
                0x008021e8        0x2 src/ASF/xmega/drivers/tc/tc.o
 .bss.tc_tcc0_ccd_callback
                0x008021ea        0x2 src/ASF/xmega/drivers/tc/tc.o
 .bss.tc_tcc1_ovf_callback
                0x008021ec        0x2 src/ASF/xmega/drivers/tc/tc.o
 .bss.tc_tcc1_err_callback
                0x008021ee        0x2 src/ASF/xmega/drivers/tc/tc.o
 .bss.tc_tcc1_cca_callback
                0x008021f0        0x2 src/ASF/xmega/drivers/tc/tc.o
 .bss.tc_tcc1_ccb_callback
                0x008021f2        0x2 src/ASF/xmega/drivers/tc/tc.o
 .bss.tc_tcd0_ovf_callback
                0x008021f4        0x2 src/ASF/xmega/drivers/tc/tc.o
 .bss.tc_tcd0_err_callback
                0x008021f6        0x2 src/ASF/xmega/drivers/tc/tc.o
 .bss.tc_tcd0_cca_callback
                0x008021f8        0x2 src/ASF/xmega/drivers/tc/tc.o
 .bss.tc_tcd0_ccb_callback
                0x008021fa        0x2 src/ASF/xmega/drivers/tc/tc.o
 .bss.tc_tcd0_ccc_callback
                0x008021fc        0x2 src/ASF/xmega/drivers/tc/tc.o
 .bss.tc_tcd0_ccd_callback
                0x008021fe        0x2 src/ASF/xmega/drivers/tc/tc.o
 .bss.tc_tcd1_ovf_callback
                0x00802200        0x2 src/ASF/xmega/drivers/tc/tc.o
 .bss.tc_tcd1_err_callback
                0x00802202        0x2 src/ASF/xmega/drivers/tc/tc.o
 .bss.tc_tcd1_cca_callback
                0x00802204        0x2 src/ASF/xmega/drivers/tc/tc.o
 .bss.tc_tcd1_ccb_callback
                0x00802206        0x2 src/ASF/xmega/drivers/tc/tc.o
 .bss.tc_tce0_ovf_callback
                0x00802208        0x2 src/ASF/xmega/drivers/tc/tc.o
 .bss.tc_tce0_err_callback
                0x0080220a        0x2 src/ASF/xmega/drivers/tc/tc.o
 .bss.tc_tce0_cca_callback
                0x0080220c        0x2 src/ASF/xmega/drivers/tc/tc.o
 .bss.tc_tce0_ccb_callback
                0x0080220e        0x2 src/ASF/xmega/drivers/tc/tc.o
 .bss.tc_tce0_ccc_callback
                0x00802210        0x2 src/ASF/xmega/drivers/tc/tc.o
 .bss.tc_tce0_ccd_callback
                0x00802212        0x2 src/ASF/xmega/drivers/tc/tc.o
 .bss.udd_sram  0x00802214       0x40 src/ASF/xmega/drivers/usb/usb_device.o
 .bss.udd_ep_job
                0x00802254       0x24 src/ASF/xmega/drivers/usb/usb_device.o
 .bss.udd_b_idle
                0x00802278        0x1 src/ASF/xmega/drivers/usb/usb_device.o
 .bss.udd_ep_out_cache_buffer
                0x00802279       0x80 src/ASF/xmega/drivers/usb/usb_device.o
 .bss.udd_ctrl_buffer
                0x008022f9       0x40 src/ASF/xmega/drivers/usb/usb_device.o
 .bss.udd_ep_control_state
                0x00802339        0x2 src/ASF/xmega/drivers/usb/usb_device.o
 .bss.udd_ctrl_prev_payload_nb_trans
                0x0080233b        0x2 src/ASF/xmega/drivers/usb/usb_device.o
 .bss.udd_ctrl_payload_nb_trans
                0x0080233d        0x2 src/ASF/xmega/drivers/usb/usb_device.o
 .bss.b_shortpacket.5062
                0x0080233f        0x1 src/ASF/xmega/drivers/usb/usb_device.o
 *(COMMON)
 COMMON         0x00802340       0x50 src/OctopusBot/drivers/bluetooth.o
                0x00802340                pwm_servo0
                0x0080234a                pwm_mot4
                0x00802354                pwm_mot1
                0x0080235e                pwm_servo1
                0x00802368                pwm_servo3
                0x00802372                pwm_mot2
                0x0080237c                pwm_mot3
                0x00802386                pwm_servo2
 COMMON         0x00802390        0x6 src/ASF/common/services/sleepmgr/xmega/sleepmgr.o
                0x00802390                sleepmgr_locks
 COMMON         0x00802396       0x10 src/ASF/xmega/drivers/usb/usb_device.o
                0x00802396                udd_g_ctrlreq
 COMMON         0x008023a6        0x6 c:/program files (x86)/atmel/atmel toolchain/avr8 gcc/native/3.4.2.1002/avr8-gnu-toolchain/bin/../lib/gcc/avr/4.7.2/../../../../avr/lib/avrxmega2\libc.a(iob.o)
                0x008023a6                __iob
                0x008023ac                PROVIDE (__bss_end, .)
                0x000051f8                __data_load_start = LOADADDR (.data)
                0x000052a4                __data_load_end = (__data_load_start + SIZEOF (.data))

.noinit         0x008023ac        0x0
                0x008023ac                PROVIDE (__noinit_start, .)
 *(.noinit*)
                0x008023ac                PROVIDE (__noinit_end, .)
                0x008023ac                _end = .
                0x008023ac                PROVIDE (__heap_start, .)

.eeprom         0x00810000        0x0
 *(.eeprom*)
                0x00810000                __eeprom_end = .

.fuse
 *(.fuse)
 *(.lfuse)
 *(.hfuse)
 *(.efuse)

.lock
 *(.lock*)

.signature
 *(.signature*)

.user_signatures
 *(.user_signatures*)

.stab           0x00000000      0xea0
 *(.stab)
 .stab          0x00000000      0x6cc c:/program files (x86)/atmel/atmel toolchain/avr8 gcc/native/3.4.2.1002/avr8-gnu-toolchain/bin/../lib/gcc/avr/4.7.2/../../../../avr/lib/avrxmega2/crtx32a4u.o
 .stab          0x000006cc       0x84 c:/program files (x86)/atmel/atmel toolchain/avr8 gcc/native/3.4.2.1002/avr8-gnu-toolchain/bin/../lib/gcc/avr/4.7.2/../../../../avr/lib/avrxmega2\libc.a(memcpy.o)
                                 0x90 (size before relaxing)
 .stab          0x00000750       0x9c c:/program files (x86)/atmel/atmel toolchain/avr8 gcc/native/3.4.2.1002/avr8-gnu-toolchain/bin/../lib/gcc/avr/4.7.2/../../../../avr/lib/avrxmega2\libc.a(isspace.o)
                                 0xa8 (size before relaxing)
 .stab          0x000007ec       0x9c c:/program files (x86)/atmel/atmel toolchain/avr8 gcc/native/3.4.2.1002/avr8-gnu-toolchain/bin/../lib/gcc/avr/4.7.2/../../../../avr/lib/avrxmega2\libc.a(strchr_P.o)
                                 0xa8 (size before relaxing)
 .stab          0x00000888       0x9c c:/program files (x86)/atmel/atmel toolchain/avr8 gcc/native/3.4.2.1002/avr8-gnu-toolchain/bin/../lib/gcc/avr/4.7.2/../../../../avr/lib/avrxmega2\libc.a(strnlen_P.o)
                                 0xa8 (size before relaxing)
 .stab          0x00000924       0x9c c:/program files (x86)/atmel/atmel toolchain/avr8 gcc/native/3.4.2.1002/avr8-gnu-toolchain/bin/../lib/gcc/avr/4.7.2/../../../../avr/lib/avrxmega2\libc.a(strnlen.o)
                                 0xa8 (size before relaxing)
 .stab          0x000009c0      0x480 c:/program files (x86)/atmel/atmel toolchain/avr8 gcc/native/3.4.2.1002/avr8-gnu-toolchain/bin/../lib/gcc/avr/4.7.2/../../../../avr/lib/avrxmega2\libc.a(ultoa_invert.o)
                                0x48c (size before relaxing)
 .stab          0x00000e40       0x60 c:/program files (x86)/atmel/atmel toolchain/avr8 gcc/native/3.4.2.1002/avr8-gnu-toolchain/bin/../lib/gcc/avr/4.7.2/../../../../avr/lib/avrxmega2\libc.a(cty_isfalse.o)
                                 0x6c (size before relaxing)

.stabstr        0x00000000      0x38b
 *(.stabstr)
 .stabstr       0x00000000      0x38b c:/program files (x86)/atmel/atmel toolchain/avr8 gcc/native/3.4.2.1002/avr8-gnu-toolchain/bin/../lib/gcc/avr/4.7.2/../../../../avr/lib/avrxmega2/crtx32a4u.o

.stab.excl
 *(.stab.excl)

.stab.exclstr
 *(.stab.exclstr)

.stab.index
 *(.stab.index)

.stab.indexstr
 *(.stab.indexstr)

.comment        0x00000000       0x2f
 *(.comment)
 .comment       0x00000000       0x2f src/OctopusBot/drivers/bluetooth.o
                                 0x30 (size before relaxing)
 .comment       0x00000000       0x30 src/OctopusBot/drivers/leds.o
 .comment       0x00000000       0x30 src/OctopusBot/drivers/motors.o
 .comment       0x00000000       0x30 src/OctopusBot/drivers/OctopusBot.o
 .comment       0x00000000       0x30 src/OctopusBot/drivers/PWM.o
 .comment       0x00000000       0x30 src/OctopusBot/drivers/switch.o
 .comment       0x00000000       0x30 src/OctopusBot/drivers/usb_serial.o
 .comment       0x00000000       0x30 src/ASF/common/services/clock/xmega/sysclk.o
 .comment       0x00000000       0x30 src/ASF/common/services/ioport/xmega/ioport_compat.o
 .comment       0x00000000       0x30 src/ASF/common/services/serial/usart_serial.o
 .comment       0x00000000       0x30 src/ASF/common/services/sleepmgr/xmega/sleepmgr.o
 .comment       0x00000000       0x30 src/ASF/common/services/usb/class/cdc/device/udi_cdc.o
 .comment       0x00000000       0x30 src/ASF/common/services/usb/class/cdc/device/udi_cdc_desc.o
 .comment       0x00000000       0x30 src/ASF/common/services/usb/udc/udc.o
 .comment       0x00000000       0x30 src/ASF/xmega/drivers/nvm/nvm.o
 .comment       0x00000000       0x30 src/ASF/xmega/drivers/tc/tc.o
 .comment       0x00000000       0x30 src/ASF/xmega/drivers/usart/usart.o
 .comment       0x00000000       0x30 src/ASF/xmega/drivers/usb/usb_device.o
 .comment       0x00000000       0x30 src/ASF/xmega/services/pwm/pwm.o
 .comment       0x00000000       0x30 src/main.o
 .comment       0x00000000       0x30 src/ASF/common/boards/user_board/init.o
 .comment       0x00000000       0x30 c:/program files (x86)/atmel/atmel toolchain/avr8 gcc/native/3.4.2.1002/avr8-gnu-toolchain/bin/../lib/gcc/avr/4.7.2/avrxmega2\libgcc.a(_fixunssfsi.o)
 .comment       0x00000000       0x30 c:/program files (x86)/atmel/atmel toolchain/avr8 gcc/native/3.4.2.1002/avr8-gnu-toolchain/bin/../lib/gcc/avr/4.7.2/avrxmega2\libgcc.a(_fixunssfdi.o)
 .comment       0x00000000       0x30 c:/program files (x86)/atmel/atmel toolchain/avr8 gcc/native/3.4.2.1002/avr8-gnu-toolchain/bin/../lib/gcc/avr/4.7.2/avrxmega2\libgcc.a(_floatundisf.o)
 .comment       0x00000000       0x30 c:/program files (x86)/atmel/atmel toolchain/avr8 gcc/native/3.4.2.1002/avr8-gnu-toolchain/bin/../lib/gcc/avr/4.7.2/avrxmega2\libgcc.a(_addsub_sf.o)
 .comment       0x00000000       0x30 c:/program files (x86)/atmel/atmel toolchain/avr8 gcc/native/3.4.2.1002/avr8-gnu-toolchain/bin/../lib/gcc/avr/4.7.2/avrxmega2\libgcc.a(_mul_sf.o)
 .comment       0x00000000       0x30 c:/program files (x86)/atmel/atmel toolchain/avr8 gcc/native/3.4.2.1002/avr8-gnu-toolchain/bin/../lib/gcc/avr/4.7.2/avrxmega2\libgcc.a(_div_sf.o)
 .comment       0x00000000       0x30 c:/program files (x86)/atmel/atmel toolchain/avr8 gcc/native/3.4.2.1002/avr8-gnu-toolchain/bin/../lib/gcc/avr/4.7.2/avrxmega2\libgcc.a(_ge_sf.o)
 .comment       0x00000000       0x30 c:/program files (x86)/atmel/atmel toolchain/avr8 gcc/native/3.4.2.1002/avr8-gnu-toolchain/bin/../lib/gcc/avr/4.7.2/avrxmega2\libgcc.a(_lt_sf.o)
 .comment       0x00000000       0x30 c:/program files (x86)/atmel/atmel toolchain/avr8 gcc/native/3.4.2.1002/avr8-gnu-toolchain/bin/../lib/gcc/avr/4.7.2/avrxmega2\libgcc.a(_si_to_sf.o)
 .comment       0x00000000       0x30 c:/program files (x86)/atmel/atmel toolchain/avr8 gcc/native/3.4.2.1002/avr8-gnu-toolchain/bin/../lib/gcc/avr/4.7.2/avrxmega2\libgcc.a(_sf_to_si.o)
 .comment       0x00000000       0x30 c:/program files (x86)/atmel/atmel toolchain/avr8 gcc/native/3.4.2.1002/avr8-gnu-toolchain/bin/../lib/gcc/avr/4.7.2/avrxmega2\libgcc.a(_thenan_sf.o)
 .comment       0x00000000       0x30 c:/program files (x86)/atmel/atmel toolchain/avr8 gcc/native/3.4.2.1002/avr8-gnu-toolchain/bin/../lib/gcc/avr/4.7.2/avrxmega2\libgcc.a(_usi_to_sf.o)
 .comment       0x00000000       0x30 c:/program files (x86)/atmel/atmel toolchain/avr8 gcc/native/3.4.2.1002/avr8-gnu-toolchain/bin/../lib/gcc/avr/4.7.2/avrxmega2\libgcc.a(_pack_sf.o)
 .comment       0x00000000       0x30 c:/program files (x86)/atmel/atmel toolchain/avr8 gcc/native/3.4.2.1002/avr8-gnu-toolchain/bin/../lib/gcc/avr/4.7.2/avrxmega2\libgcc.a(_unpack_sf.o)
 .comment       0x00000000       0x30 c:/program files (x86)/atmel/atmel toolchain/avr8 gcc/native/3.4.2.1002/avr8-gnu-toolchain/bin/../lib/gcc/avr/4.7.2/avrxmega2\libgcc.a(_fpcmp_parts_sf.o)
 .comment       0x00000000       0x30 c:/program files (x86)/atmel/atmel toolchain/avr8 gcc/native/3.4.2.1002/avr8-gnu-toolchain/bin/../lib/gcc/avr/4.7.2/../../../../avr/lib/avrxmega2\libc.a(iob.o)
 .comment       0x00000000       0x30 c:/program files (x86)/atmel/atmel toolchain/avr8 gcc/native/3.4.2.1002/avr8-gnu-toolchain/bin/../lib/gcc/avr/4.7.2/../../../../avr/lib/avrxmega2\libc.a(printf.o)
 .comment       0x00000000       0x30 c:/program files (x86)/atmel/atmel toolchain/avr8 gcc/native/3.4.2.1002/avr8-gnu-toolchain/bin/../lib/gcc/avr/4.7.2/../../../../avr/lib/avrxmega2\libc.a(scanf.o)
 .comment       0x00000000       0x30 c:/program files (x86)/atmel/atmel toolchain/avr8 gcc/native/3.4.2.1002/avr8-gnu-toolchain/bin/../lib/gcc/avr/4.7.2/../../../../avr/lib/avrxmega2\libc.a(sprintf.o)
 .comment       0x00000000       0x30 c:/program files (x86)/atmel/atmel toolchain/avr8 gcc/native/3.4.2.1002/avr8-gnu-toolchain/bin/../lib/gcc/avr/4.7.2/../../../../avr/lib/avrxmega2\libc.a(vfprintf_std.o)
 .comment       0x00000000       0x30 c:/program files (x86)/atmel/atmel toolchain/avr8 gcc/native/3.4.2.1002/avr8-gnu-toolchain/bin/../lib/gcc/avr/4.7.2/../../../../avr/lib/avrxmega2\libc.a(vfscanf_std.o)
 .comment       0x00000000       0x30 c:/program files (x86)/atmel/atmel toolchain/avr8 gcc/native/3.4.2.1002/avr8-gnu-toolchain/bin/../lib/gcc/avr/4.7.2/../../../../avr/lib/avrxmega2\libc.a(fgetc.o)
 .comment       0x00000000       0x30 c:/program files (x86)/atmel/atmel toolchain/avr8 gcc/native/3.4.2.1002/avr8-gnu-toolchain/bin/../lib/gcc/avr/4.7.2/../../../../avr/lib/avrxmega2\libc.a(fputc.o)
 .comment       0x00000000       0x30 c:/program files (x86)/atmel/atmel toolchain/avr8 gcc/native/3.4.2.1002/avr8-gnu-toolchain/bin/../lib/gcc/avr/4.7.2/../../../../avr/lib/avrxmega2\libc.a(ungetc.o)

.debug
 *(.debug)

.line
 *(.line)

.debug_srcinfo
 *(.debug_srcinfo)

.debug_sfnames
 *(.debug_sfnames)

.debug_aranges  0x00000000      0xc10
 *(.debug_aranges)
 .debug_aranges
                0x00000000       0xb0 src/OctopusBot/drivers/bluetooth.o
 .debug_aranges
                0x000000b0       0x60 src/OctopusBot/drivers/leds.o
 .debug_aranges
                0x00000110       0x48 src/OctopusBot/drivers/motors.o
 .debug_aranges
                0x00000158       0x28 src/OctopusBot/drivers/OctopusBot.o
 .debug_aranges
                0x00000180       0x28 src/OctopusBot/drivers/PWM.o
 .debug_aranges
                0x000001a8       0x28 src/OctopusBot/drivers/switch.o
 .debug_aranges
                0x000001d0       0x50 src/OctopusBot/drivers/usb_serial.o
 .debug_aranges
                0x00000220       0x40 src/ASF/common/services/clock/xmega/sysclk.o
 .debug_aranges
                0x00000260       0x18 src/ASF/common/services/ioport/xmega/ioport_compat.o
 .debug_aranges
                0x00000278       0x28 src/ASF/common/services/serial/usart_serial.o
 .debug_aranges
                0x000002a0       0x18 src/ASF/common/services/sleepmgr/xmega/sleepmgr.o
 .debug_aranges
                0x000002b8      0x168 src/ASF/common/services/usb/class/cdc/device/udi_cdc.o
 .debug_aranges
                0x00000420       0x18 src/ASF/common/services/usb/class/cdc/device/udi_cdc_desc.o
 .debug_aranges
                0x00000438       0x78 src/ASF/common/services/usb/udc/udc.o
 .debug_aranges
                0x000004b0       0x20 src/ASF/xmega/drivers/cpu/ccp.o
 .debug_aranges
                0x000004d0       0xc0 src/ASF/xmega/drivers/nvm/nvm.o
 .debug_aranges
                0x00000590       0x28 src/ASF/xmega/drivers/nvm/nvm_asm.o
 .debug_aranges
                0x000005b8      0x128 src/ASF/xmega/drivers/tc/tc.o
 .debug_aranges
                0x000006e0       0x58 src/ASF/xmega/drivers/usart/usart.o
 .debug_aranges
                0x00000738      0x138 src/ASF/xmega/drivers/usb/usb_device.o
 .debug_aranges
                0x00000870       0x30 src/ASF/xmega/services/pwm/pwm.o
 .debug_aranges
                0x000008a0       0x38 src/main.o
 .debug_aranges
                0x000008d8       0x20 src/ASF/common/boards/user_board/init.o
 .debug_aranges
                0x000008f8       0x20 c:/program files (x86)/atmel/atmel toolchain/avr8 gcc/native/3.4.2.1002/avr8-gnu-toolchain/bin/../lib/gcc/avr/4.7.2/avrxmega2\libgcc.a(_fixunssfsi.o)
 .debug_aranges
                0x00000918       0x20 c:/program files (x86)/atmel/atmel toolchain/avr8 gcc/native/3.4.2.1002/avr8-gnu-toolchain/bin/../lib/gcc/avr/4.7.2/avrxmega2\libgcc.a(_fixunssfdi.o)
 .debug_aranges
                0x00000938       0x20 c:/program files (x86)/atmel/atmel toolchain/avr8 gcc/native/3.4.2.1002/avr8-gnu-toolchain/bin/../lib/gcc/avr/4.7.2/avrxmega2\libgcc.a(_floatundisf.o)
 .debug_aranges
                0x00000958       0x20 c:/program files (x86)/atmel/atmel toolchain/avr8 gcc/native/3.4.2.1002/avr8-gnu-toolchain/bin/../lib/gcc/avr/4.7.2/avrxmega2\libgcc.a(_addsub_sf.o)
 .debug_aranges
                0x00000978       0x20 c:/program files (x86)/atmel/atmel toolchain/avr8 gcc/native/3.4.2.1002/avr8-gnu-toolchain/bin/../lib/gcc/avr/4.7.2/avrxmega2\libgcc.a(_mul_sf.o)
 .debug_aranges
                0x00000998       0x20 c:/program files (x86)/atmel/atmel toolchain/avr8 gcc/native/3.4.2.1002/avr8-gnu-toolchain/bin/../lib/gcc/avr/4.7.2/avrxmega2\libgcc.a(_div_sf.o)
 .debug_aranges
                0x000009b8       0x20 c:/program files (x86)/atmel/atmel toolchain/avr8 gcc/native/3.4.2.1002/avr8-gnu-toolchain/bin/../lib/gcc/avr/4.7.2/avrxmega2\libgcc.a(_ge_sf.o)
 .debug_aranges
                0x000009d8       0x20 c:/program files (x86)/atmel/atmel toolchain/avr8 gcc/native/3.4.2.1002/avr8-gnu-toolchain/bin/../lib/gcc/avr/4.7.2/avrxmega2\libgcc.a(_lt_sf.o)
 .debug_aranges
                0x000009f8       0x20 c:/program files (x86)/atmel/atmel toolchain/avr8 gcc/native/3.4.2.1002/avr8-gnu-toolchain/bin/../lib/gcc/avr/4.7.2/avrxmega2\libgcc.a(_si_to_sf.o)
 .debug_aranges
                0x00000a18       0x20 c:/program files (x86)/atmel/atmel toolchain/avr8 gcc/native/3.4.2.1002/avr8-gnu-toolchain/bin/../lib/gcc/avr/4.7.2/avrxmega2\libgcc.a(_sf_to_si.o)
 .debug_aranges
                0x00000a38       0x18 c:/program files (x86)/atmel/atmel toolchain/avr8 gcc/native/3.4.2.1002/avr8-gnu-toolchain/bin/../lib/gcc/avr/4.7.2/avrxmega2\libgcc.a(_thenan_sf.o)
 .debug_aranges
                0x00000a50       0x20 c:/program files (x86)/atmel/atmel toolchain/avr8 gcc/native/3.4.2.1002/avr8-gnu-toolchain/bin/../lib/gcc/avr/4.7.2/avrxmega2\libgcc.a(_usi_to_sf.o)
 .debug_aranges
                0x00000a70       0x20 c:/program files (x86)/atmel/atmel toolchain/avr8 gcc/native/3.4.2.1002/avr8-gnu-toolchain/bin/../lib/gcc/avr/4.7.2/avrxmega2\libgcc.a(_pack_sf.o)
 .debug_aranges
                0x00000a90       0x20 c:/program files (x86)/atmel/atmel toolchain/avr8 gcc/native/3.4.2.1002/avr8-gnu-toolchain/bin/../lib/gcc/avr/4.7.2/avrxmega2\libgcc.a(_unpack_sf.o)
 .debug_aranges
                0x00000ab0       0x20 c:/program files (x86)/atmel/atmel toolchain/avr8 gcc/native/3.4.2.1002/avr8-gnu-toolchain/bin/../lib/gcc/avr/4.7.2/avrxmega2\libgcc.a(_fpcmp_parts_sf.o)
 .debug_aranges
                0x00000ad0       0x18 c:/program files (x86)/atmel/atmel toolchain/avr8 gcc/native/3.4.2.1002/avr8-gnu-toolchain/bin/../lib/gcc/avr/4.7.2/../../../../avr/lib/avrxmega2\libc.a(iob.o)
 .debug_aranges
                0x00000ae8       0x20 c:/program files (x86)/atmel/atmel toolchain/avr8 gcc/native/3.4.2.1002/avr8-gnu-toolchain/bin/../lib/gcc/avr/4.7.2/../../../../avr/lib/avrxmega2\libc.a(printf.o)
 .debug_aranges
                0x00000b08       0x20 c:/program files (x86)/atmel/atmel toolchain/avr8 gcc/native/3.4.2.1002/avr8-gnu-toolchain/bin/../lib/gcc/avr/4.7.2/../../../../avr/lib/avrxmega2\libc.a(scanf.o)
 .debug_aranges
                0x00000b28       0x20 c:/program files (x86)/atmel/atmel toolchain/avr8 gcc/native/3.4.2.1002/avr8-gnu-toolchain/bin/../lib/gcc/avr/4.7.2/../../../../avr/lib/avrxmega2\libc.a(sprintf.o)
 .debug_aranges
                0x00000b48       0x20 c:/program files (x86)/atmel/atmel toolchain/avr8 gcc/native/3.4.2.1002/avr8-gnu-toolchain/bin/../lib/gcc/avr/4.7.2/../../../../avr/lib/avrxmega2\libc.a(vfprintf_std.o)
 .debug_aranges
                0x00000b68       0x48 c:/program files (x86)/atmel/atmel toolchain/avr8 gcc/native/3.4.2.1002/avr8-gnu-toolchain/bin/../lib/gcc/avr/4.7.2/../../../../avr/lib/avrxmega2\libc.a(vfscanf_std.o)
 .debug_aranges
                0x00000bb0       0x20 c:/program files (x86)/atmel/atmel toolchain/avr8 gcc/native/3.4.2.1002/avr8-gnu-toolchain/bin/../lib/gcc/avr/4.7.2/../../../../avr/lib/avrxmega2\libc.a(fgetc.o)
 .debug_aranges
                0x00000bd0       0x20 c:/program files (x86)/atmel/atmel toolchain/avr8 gcc/native/3.4.2.1002/avr8-gnu-toolchain/bin/../lib/gcc/avr/4.7.2/../../../../avr/lib/avrxmega2\libc.a(fputc.o)
 .debug_aranges
                0x00000bf0       0x20 c:/program files (x86)/atmel/atmel toolchain/avr8 gcc/native/3.4.2.1002/avr8-gnu-toolchain/bin/../lib/gcc/avr/4.7.2/../../../../avr/lib/avrxmega2\libc.a(ungetc.o)

.debug_pubnames
 *(.debug_pubnames)

.debug_info     0x00000000    0x1880e
 *(.debug_info)
 .debug_info    0x00000000     0x13cb src/OctopusBot/drivers/bluetooth.o
 .debug_info    0x000013cb     0x12a7 src/OctopusBot/drivers/leds.o
 .debug_info    0x00002672      0xde3 src/OctopusBot/drivers/motors.o
 .debug_info    0x00003455      0x88c src/OctopusBot/drivers/OctopusBot.o
 .debug_info    0x00003ce1     0x118c src/OctopusBot/drivers/PWM.o
 .debug_info    0x00004e6d      0x710 src/OctopusBot/drivers/switch.o
 .debug_info    0x0000557d      0x72a src/OctopusBot/drivers/usb_serial.o
 .debug_info    0x00005ca7      0xbea src/ASF/common/services/clock/xmega/sysclk.o
 .debug_info    0x00006891       0x6f src/ASF/common/services/ioport/xmega/ioport_compat.o
 .debug_info    0x00006900      0x393 src/ASF/common/services/serial/usart_serial.o
 .debug_info    0x00006c93      0x121 src/ASF/common/services/sleepmgr/xmega/sleepmgr.o
 .debug_info    0x00006db4     0x178e src/ASF/common/services/usb/class/cdc/device/udi_cdc.o
 .debug_info    0x00008542      0x74a src/ASF/common/services/usb/class/cdc/device/udi_cdc_desc.o
 .debug_info    0x00008c8c     0x107b src/ASF/common/services/usb/udc/udc.o
 .debug_info    0x00009d07       0x87 src/ASF/xmega/drivers/cpu/ccp.o
 .debug_info    0x00009d8e     0x1384 src/ASF/xmega/drivers/nvm/nvm.o
 .debug_info    0x0000b112       0x87 src/ASF/xmega/drivers/nvm/nvm_asm.o
 .debug_info    0x0000b199     0x174d src/ASF/xmega/drivers/tc/tc.o
 .debug_info    0x0000c8e6     0x2e9b src/ASF/xmega/drivers/usart/usart.o
 .debug_info    0x0000f781     0x1d22 src/ASF/xmega/drivers/usb/usb_device.o
 .debug_info    0x000114a3     0x1389 src/ASF/xmega/services/pwm/pwm.o
 .debug_info    0x0001282c     0x1d6d src/main.o
 .debug_info    0x00014599      0x13a src/ASF/common/boards/user_board/init.o
 .debug_info    0x000146d3       0xbe c:/program files (x86)/atmel/atmel toolchain/avr8 gcc/native/3.4.2.1002/avr8-gnu-toolchain/bin/../lib/gcc/avr/4.7.2/avrxmega2\libgcc.a(_fixunssfsi.o)
 .debug_info    0x00014791      0x119 c:/program files (x86)/atmel/atmel toolchain/avr8 gcc/native/3.4.2.1002/avr8-gnu-toolchain/bin/../lib/gcc/avr/4.7.2/avrxmega2\libgcc.a(_fixunssfdi.o)
 .debug_info    0x000148aa      0x114 c:/program files (x86)/atmel/atmel toolchain/avr8 gcc/native/3.4.2.1002/avr8-gnu-toolchain/bin/../lib/gcc/avr/4.7.2/avrxmega2\libgcc.a(_floatundisf.o)
 .debug_info    0x000149be      0x589 c:/program files (x86)/atmel/atmel toolchain/avr8 gcc/native/3.4.2.1002/avr8-gnu-toolchain/bin/../lib/gcc/avr/4.7.2/avrxmega2\libgcc.a(_addsub_sf.o)
 .debug_info    0x00014f47      0x47c c:/program files (x86)/atmel/atmel toolchain/avr8 gcc/native/3.4.2.1002/avr8-gnu-toolchain/bin/../lib/gcc/avr/4.7.2/avrxmega2\libgcc.a(_mul_sf.o)
 .debug_info    0x000153c3      0x403 c:/program files (x86)/atmel/atmel toolchain/avr8 gcc/native/3.4.2.1002/avr8-gnu-toolchain/bin/../lib/gcc/avr/4.7.2/avrxmega2\libgcc.a(_div_sf.o)
 .debug_info    0x000157c6      0x32d c:/program files (x86)/atmel/atmel toolchain/avr8 gcc/native/3.4.2.1002/avr8-gnu-toolchain/bin/../lib/gcc/avr/4.7.2/avrxmega2\libgcc.a(_ge_sf.o)
 .debug_info    0x00015af3      0x32d c:/program files (x86)/atmel/atmel toolchain/avr8 gcc/native/3.4.2.1002/avr8-gnu-toolchain/bin/../lib/gcc/avr/4.7.2/avrxmega2\libgcc.a(_lt_sf.o)
 .debug_info    0x00015e20      0x261 c:/program files (x86)/atmel/atmel toolchain/avr8 gcc/native/3.4.2.1002/avr8-gnu-toolchain/bin/../lib/gcc/avr/4.7.2/avrxmega2\libgcc.a(_si_to_sf.o)
 .debug_info    0x00016081      0x2e6 c:/program files (x86)/atmel/atmel toolchain/avr8 gcc/native/3.4.2.1002/avr8-gnu-toolchain/bin/../lib/gcc/avr/4.7.2/avrxmega2\libgcc.a(_sf_to_si.o)
 .debug_info    0x00016367      0x150 c:/program files (x86)/atmel/atmel toolchain/avr8 gcc/native/3.4.2.1002/avr8-gnu-toolchain/bin/../lib/gcc/avr/4.7.2/avrxmega2\libgcc.a(_thenan_sf.o)
 .debug_info    0x000164b7      0x264 c:/program files (x86)/atmel/atmel toolchain/avr8 gcc/native/3.4.2.1002/avr8-gnu-toolchain/bin/../lib/gcc/avr/4.7.2/avrxmega2\libgcc.a(_usi_to_sf.o)
 .debug_info    0x0001671b      0x2d2 c:/program files (x86)/atmel/atmel toolchain/avr8 gcc/native/3.4.2.1002/avr8-gnu-toolchain/bin/../lib/gcc/avr/4.7.2/avrxmega2\libgcc.a(_pack_sf.o)
 .debug_info    0x000169ed      0x268 c:/program files (x86)/atmel/atmel toolchain/avr8 gcc/native/3.4.2.1002/avr8-gnu-toolchain/bin/../lib/gcc/avr/4.7.2/avrxmega2\libgcc.a(_unpack_sf.o)
 .debug_info    0x00016c55      0x1ef c:/program files (x86)/atmel/atmel toolchain/avr8 gcc/native/3.4.2.1002/avr8-gnu-toolchain/bin/../lib/gcc/avr/4.7.2/avrxmega2\libgcc.a(_fpcmp_parts_sf.o)
 .debug_info    0x00016e44      0x14e c:/program files (x86)/atmel/atmel toolchain/avr8 gcc/native/3.4.2.1002/avr8-gnu-toolchain/bin/../lib/gcc/avr/4.7.2/../../../../avr/lib/avrxmega2\libc.a(iob.o)
 .debug_info    0x00016f92      0x1fa c:/program files (x86)/atmel/atmel toolchain/avr8 gcc/native/3.4.2.1002/avr8-gnu-toolchain/bin/../lib/gcc/avr/4.7.2/../../../../avr/lib/avrxmega2\libc.a(printf.o)
 .debug_info    0x0001718c      0x1fa c:/program files (x86)/atmel/atmel toolchain/avr8 gcc/native/3.4.2.1002/avr8-gnu-toolchain/bin/../lib/gcc/avr/4.7.2/../../../../avr/lib/avrxmega2\libc.a(scanf.o)
 .debug_info    0x00017386      0x204 c:/program files (x86)/atmel/atmel toolchain/avr8 gcc/native/3.4.2.1002/avr8-gnu-toolchain/bin/../lib/gcc/avr/4.7.2/../../../../avr/lib/avrxmega2\libc.a(sprintf.o)
 .debug_info    0x0001758a      0x549 c:/program files (x86)/atmel/atmel toolchain/avr8 gcc/native/3.4.2.1002/avr8-gnu-toolchain/bin/../lib/gcc/avr/4.7.2/../../../../avr/lib/avrxmega2\libc.a(vfprintf_std.o)
 .debug_info    0x00017ad3      0x8f3 c:/program files (x86)/atmel/atmel toolchain/avr8 gcc/native/3.4.2.1002/avr8-gnu-toolchain/bin/../lib/gcc/avr/4.7.2/../../../../avr/lib/avrxmega2\libc.a(vfscanf_std.o)
 .debug_info    0x000183c6      0x169 c:/program files (x86)/atmel/atmel toolchain/avr8 gcc/native/3.4.2.1002/avr8-gnu-toolchain/bin/../lib/gcc/avr/4.7.2/../../../../avr/lib/avrxmega2\libc.a(fgetc.o)
 .debug_info    0x0001852f      0x174 c:/program files (x86)/atmel/atmel toolchain/avr8 gcc/native/3.4.2.1002/avr8-gnu-toolchain/bin/../lib/gcc/avr/4.7.2/../../../../avr/lib/avrxmega2\libc.a(fputc.o)
 .debug_info    0x000186a3      0x16b c:/program files (x86)/atmel/atmel toolchain/avr8 gcc/native/3.4.2.1002/avr8-gnu-toolchain/bin/../lib/gcc/avr/4.7.2/../../../../avr/lib/avrxmega2\libc.a(ungetc.o)
 *(.gnu.linkonce.wi.*)

.debug_abbrev   0x00000000     0x5793
 *(.debug_abbrev)
 .debug_abbrev  0x00000000      0x3c3 src/OctopusBot/drivers/bluetooth.o
 .debug_abbrev  0x000003c3      0x2ca src/OctopusBot/drivers/leds.o
 .debug_abbrev  0x0000068d      0x2a0 src/OctopusBot/drivers/motors.o
 .debug_abbrev  0x0000092d      0x285 src/OctopusBot/drivers/OctopusBot.o
 .debug_abbrev  0x00000bb2      0x25b src/OctopusBot/drivers/PWM.o
 .debug_abbrev  0x00000e0d      0x245 src/OctopusBot/drivers/switch.o
 .debug_abbrev  0x00001052      0x29f src/OctopusBot/drivers/usb_serial.o
 .debug_abbrev  0x000012f1      0x2cf src/ASF/common/services/clock/xmega/sysclk.o
 .debug_abbrev  0x000015c0       0x29 src/ASF/common/services/ioport/xmega/ioport_compat.o
 .debug_abbrev  0x000015e9      0x18b src/ASF/common/services/serial/usart_serial.o
 .debug_abbrev  0x00001774       0x80 src/ASF/common/services/sleepmgr/xmega/sleepmgr.o
 .debug_abbrev  0x000017f4      0x390 src/ASF/common/services/usb/class/cdc/device/udi_cdc.o
 .debug_abbrev  0x00001b84       0xef src/ASF/common/services/usb/class/cdc/device/udi_cdc_desc.o
 .debug_abbrev  0x00001c73      0x3b0 src/ASF/common/services/usb/udc/udc.o
 .debug_abbrev  0x00002023       0x14 src/ASF/xmega/drivers/cpu/ccp.o
 .debug_abbrev  0x00002037      0x3f4 src/ASF/xmega/drivers/nvm/nvm.o
 .debug_abbrev  0x0000242b       0x12 src/ASF/xmega/drivers/nvm/nvm_asm.o
 .debug_abbrev  0x0000243d      0x2a7 src/ASF/xmega/drivers/tc/tc.o
 .debug_abbrev  0x000026e4      0x3e8 src/ASF/xmega/drivers/usart/usart.o
 .debug_abbrev  0x00002acc      0x596 src/ASF/xmega/drivers/usb/usb_device.o
 .debug_abbrev  0x00003062      0x29c src/ASF/xmega/services/pwm/pwm.o
 .debug_abbrev  0x000032fe      0x3ba src/main.o
 .debug_abbrev  0x000036b8       0xa8 src/ASF/common/boards/user_board/init.o
 .debug_abbrev  0x00003760       0x60 c:/program files (x86)/atmel/atmel toolchain/avr8 gcc/native/3.4.2.1002/avr8-gnu-toolchain/bin/../lib/gcc/avr/4.7.2/avrxmega2\libgcc.a(_fixunssfsi.o)
 .debug_abbrev  0x000037c0       0x85 c:/program files (x86)/atmel/atmel toolchain/avr8 gcc/native/3.4.2.1002/avr8-gnu-toolchain/bin/../lib/gcc/avr/4.7.2/avrxmega2\libgcc.a(_fixunssfdi.o)
 .debug_abbrev  0x00003845       0x7e c:/program files (x86)/atmel/atmel toolchain/avr8 gcc/native/3.4.2.1002/avr8-gnu-toolchain/bin/../lib/gcc/avr/4.7.2/avrxmega2\libgcc.a(_floatundisf.o)
 .debug_abbrev  0x000038c3      0x215 c:/program files (x86)/atmel/atmel toolchain/avr8 gcc/native/3.4.2.1002/avr8-gnu-toolchain/bin/../lib/gcc/avr/4.7.2/avrxmega2\libgcc.a(_addsub_sf.o)
 .debug_abbrev  0x00003ad8      0x228 c:/program files (x86)/atmel/atmel toolchain/avr8 gcc/native/3.4.2.1002/avr8-gnu-toolchain/bin/../lib/gcc/avr/4.7.2/avrxmega2\libgcc.a(_mul_sf.o)
 .debug_abbrev  0x00003d00      0x21a c:/program files (x86)/atmel/atmel toolchain/avr8 gcc/native/3.4.2.1002/avr8-gnu-toolchain/bin/../lib/gcc/avr/4.7.2/avrxmega2\libgcc.a(_div_sf.o)
 .debug_abbrev  0x00003f1a      0x1a5 c:/program files (x86)/atmel/atmel toolchain/avr8 gcc/native/3.4.2.1002/avr8-gnu-toolchain/bin/../lib/gcc/avr/4.7.2/avrxmega2\libgcc.a(_ge_sf.o)
 .debug_abbrev  0x000040bf      0x1a5 c:/program files (x86)/atmel/atmel toolchain/avr8 gcc/native/3.4.2.1002/avr8-gnu-toolchain/bin/../lib/gcc/avr/4.7.2/avrxmega2\libgcc.a(_lt_sf.o)
 .debug_abbrev  0x00004264      0x19c c:/program files (x86)/atmel/atmel toolchain/avr8 gcc/native/3.4.2.1002/avr8-gnu-toolchain/bin/../lib/gcc/avr/4.7.2/avrxmega2\libgcc.a(_si_to_sf.o)
 .debug_abbrev  0x00004400      0x194 c:/program files (x86)/atmel/atmel toolchain/avr8 gcc/native/3.4.2.1002/avr8-gnu-toolchain/bin/../lib/gcc/avr/4.7.2/avrxmega2\libgcc.a(_sf_to_si.o)
 .debug_abbrev  0x00004594       0xb6 c:/program files (x86)/atmel/atmel toolchain/avr8 gcc/native/3.4.2.1002/avr8-gnu-toolchain/bin/../lib/gcc/avr/4.7.2/avrxmega2\libgcc.a(_thenan_sf.o)
 .debug_abbrev  0x0000464a      0x1b6 c:/program files (x86)/atmel/atmel toolchain/avr8 gcc/native/3.4.2.1002/avr8-gnu-toolchain/bin/../lib/gcc/avr/4.7.2/avrxmega2\libgcc.a(_usi_to_sf.o)
 .debug_abbrev  0x00004800      0x195 c:/program files (x86)/atmel/atmel toolchain/avr8 gcc/native/3.4.2.1002/avr8-gnu-toolchain/bin/../lib/gcc/avr/4.7.2/avrxmega2\libgcc.a(_pack_sf.o)
 .debug_abbrev  0x00004995      0x15f c:/program files (x86)/atmel/atmel toolchain/avr8 gcc/native/3.4.2.1002/avr8-gnu-toolchain/bin/../lib/gcc/avr/4.7.2/avrxmega2\libgcc.a(_unpack_sf.o)
 .debug_abbrev  0x00004af4      0x11d c:/program files (x86)/atmel/atmel toolchain/avr8 gcc/native/3.4.2.1002/avr8-gnu-toolchain/bin/../lib/gcc/avr/4.7.2/avrxmega2\libgcc.a(_fpcmp_parts_sf.o)
 .debug_abbrev  0x00004c11       0xc1 c:/program files (x86)/atmel/atmel toolchain/avr8 gcc/native/3.4.2.1002/avr8-gnu-toolchain/bin/../lib/gcc/avr/4.7.2/../../../../avr/lib/avrxmega2\libc.a(iob.o)
 .debug_abbrev  0x00004cd2      0x149 c:/program files (x86)/atmel/atmel toolchain/avr8 gcc/native/3.4.2.1002/avr8-gnu-toolchain/bin/../lib/gcc/avr/4.7.2/../../../../avr/lib/avrxmega2\libc.a(printf.o)
 .debug_abbrev  0x00004e1b      0x149 c:/program files (x86)/atmel/atmel toolchain/avr8 gcc/native/3.4.2.1002/avr8-gnu-toolchain/bin/../lib/gcc/avr/4.7.2/../../../../avr/lib/avrxmega2\libc.a(scanf.o)
 .debug_abbrev  0x00004f64      0x12a c:/program files (x86)/atmel/atmel toolchain/avr8 gcc/native/3.4.2.1002/avr8-gnu-toolchain/bin/../lib/gcc/avr/4.7.2/../../../../avr/lib/avrxmega2\libc.a(sprintf.o)
 .debug_abbrev  0x0000508e      0x1d6 c:/program files (x86)/atmel/atmel toolchain/avr8 gcc/native/3.4.2.1002/avr8-gnu-toolchain/bin/../lib/gcc/avr/4.7.2/../../../../avr/lib/avrxmega2\libc.a(vfprintf_std.o)
 .debug_abbrev  0x00005264      0x286 c:/program files (x86)/atmel/atmel toolchain/avr8 gcc/native/3.4.2.1002/avr8-gnu-toolchain/bin/../lib/gcc/avr/4.7.2/../../../../avr/lib/avrxmega2\libc.a(vfscanf_std.o)
 .debug_abbrev  0x000054ea       0xdc c:/program files (x86)/atmel/atmel toolchain/avr8 gcc/native/3.4.2.1002/avr8-gnu-toolchain/bin/../lib/gcc/avr/4.7.2/../../../../avr/lib/avrxmega2\libc.a(fgetc.o)
 .debug_abbrev  0x000055c6       0xf1 c:/program files (x86)/atmel/atmel toolchain/avr8 gcc/native/3.4.2.1002/avr8-gnu-toolchain/bin/../lib/gcc/avr/4.7.2/../../../../avr/lib/avrxmega2\libc.a(fputc.o)
 .debug_abbrev  0x000056b7       0xdc c:/program files (x86)/atmel/atmel toolchain/avr8 gcc/native/3.4.2.1002/avr8-gnu-toolchain/bin/../lib/gcc/avr/4.7.2/../../../../avr/lib/avrxmega2\libc.a(ungetc.o)

.debug_line     0x00000000    0x10444
 *(.debug_line)
 .debug_line    0x00000000      0xe98 src/OctopusBot/drivers/bluetooth.o
 .debug_line    0x00000e98      0xd45 src/OctopusBot/drivers/leds.o
 .debug_line    0x00001bdd      0xc17 src/OctopusBot/drivers/motors.o
 .debug_line    0x000027f4      0xac2 src/OctopusBot/drivers/OctopusBot.o
 .debug_line    0x000032b6      0xc91 src/OctopusBot/drivers/PWM.o
 .debug_line    0x00003f47      0xb14 src/OctopusBot/drivers/switch.o
 .debug_line    0x00004a5b      0xc1a src/OctopusBot/drivers/usb_serial.o
 .debug_line    0x00005675      0x756 src/ASF/common/services/clock/xmega/sysclk.o
 .debug_line    0x00005dcb      0x470 src/ASF/common/services/ioport/xmega/ioport_compat.o
 .debug_line    0x0000623b      0x642 src/ASF/common/services/serial/usart_serial.o
 .debug_line    0x0000687d      0x47c src/ASF/common/services/sleepmgr/xmega/sleepmgr.o
 .debug_line    0x00006cf9      0xea1 src/ASF/common/services/usb/class/cdc/device/udi_cdc.o
 .debug_line    0x00007b9a      0x4ed src/ASF/common/services/usb/class/cdc/device/udi_cdc_desc.o
 .debug_line    0x00008087      0xb06 src/ASF/common/services/usb/udc/udc.o
 .debug_line    0x00008b8d       0x6e src/ASF/xmega/drivers/cpu/ccp.o
 .debug_line    0x00008bfb      0xbb9 src/ASF/xmega/drivers/nvm/nvm.o
 .debug_line    0x000097b4      0x11f src/ASF/xmega/drivers/nvm/nvm_asm.o
 .debug_line    0x000098d3      0xca8 src/ASF/xmega/drivers/tc/tc.o
 .debug_line    0x0000a57b      0xbec src/ASF/xmega/drivers/usart/usart.o
 .debug_line    0x0000b167     0x14b3 src/ASF/xmega/drivers/usb/usb_device.o
 .debug_line    0x0000c61a      0xb4f src/ASF/xmega/services/pwm/pwm.o
 .debug_line    0x0000d169      0xe60 src/main.o
 .debug_line    0x0000dfc9      0x91b src/ASF/common/boards/user_board/init.o
 .debug_line    0x0000e8e4       0x99 c:/program files (x86)/atmel/atmel toolchain/avr8 gcc/native/3.4.2.1002/avr8-gnu-toolchain/bin/../lib/gcc/avr/4.7.2/avrxmega2\libgcc.a(_fixunssfsi.o)
 .debug_line    0x0000e97d       0xb3 c:/program files (x86)/atmel/atmel toolchain/avr8 gcc/native/3.4.2.1002/avr8-gnu-toolchain/bin/../lib/gcc/avr/4.7.2/avrxmega2\libgcc.a(_fixunssfdi.o)
 .debug_line    0x0000ea30       0xac c:/program files (x86)/atmel/atmel toolchain/avr8 gcc/native/3.4.2.1002/avr8-gnu-toolchain/bin/../lib/gcc/avr/4.7.2/avrxmega2\libgcc.a(_floatundisf.o)
 .debug_line    0x0000eadc       0xfc c:/program files (x86)/atmel/atmel toolchain/avr8 gcc/native/3.4.2.1002/avr8-gnu-toolchain/bin/../lib/gcc/avr/4.7.2/avrxmega2\libgcc.a(_addsub_sf.o)
 .debug_line    0x0000ebd8       0xfd c:/program files (x86)/atmel/atmel toolchain/avr8 gcc/native/3.4.2.1002/avr8-gnu-toolchain/bin/../lib/gcc/avr/4.7.2/avrxmega2\libgcc.a(_mul_sf.o)
 .debug_line    0x0000ecd5       0xdd c:/program files (x86)/atmel/atmel toolchain/avr8 gcc/native/3.4.2.1002/avr8-gnu-toolchain/bin/../lib/gcc/avr/4.7.2/avrxmega2\libgcc.a(_div_sf.o)
 .debug_line    0x0000edb2      0x10b c:/program files (x86)/atmel/atmel toolchain/avr8 gcc/native/3.4.2.1002/avr8-gnu-toolchain/bin/../lib/gcc/avr/4.7.2/avrxmega2\libgcc.a(_ge_sf.o)
 .debug_line    0x0000eebd      0x10b c:/program files (x86)/atmel/atmel toolchain/avr8 gcc/native/3.4.2.1002/avr8-gnu-toolchain/bin/../lib/gcc/avr/4.7.2/avrxmega2\libgcc.a(_lt_sf.o)
 .debug_line    0x0000efc8       0xaf c:/program files (x86)/atmel/atmel toolchain/avr8 gcc/native/3.4.2.1002/avr8-gnu-toolchain/bin/../lib/gcc/avr/4.7.2/avrxmega2\libgcc.a(_si_to_sf.o)
 .debug_line    0x0000f077       0xab c:/program files (x86)/atmel/atmel toolchain/avr8 gcc/native/3.4.2.1002/avr8-gnu-toolchain/bin/../lib/gcc/avr/4.7.2/avrxmega2\libgcc.a(_sf_to_si.o)
 .debug_line    0x0000f122       0x83 c:/program files (x86)/atmel/atmel toolchain/avr8 gcc/native/3.4.2.1002/avr8-gnu-toolchain/bin/../lib/gcc/avr/4.7.2/avrxmega2\libgcc.a(_thenan_sf.o)
 .debug_line    0x0000f1a5       0xb1 c:/program files (x86)/atmel/atmel toolchain/avr8 gcc/native/3.4.2.1002/avr8-gnu-toolchain/bin/../lib/gcc/avr/4.7.2/avrxmega2\libgcc.a(_usi_to_sf.o)
 .debug_line    0x0000f256       0xd4 c:/program files (x86)/atmel/atmel toolchain/avr8 gcc/native/3.4.2.1002/avr8-gnu-toolchain/bin/../lib/gcc/avr/4.7.2/avrxmega2\libgcc.a(_pack_sf.o)
 .debug_line    0x0000f32a       0xb7 c:/program files (x86)/atmel/atmel toolchain/avr8 gcc/native/3.4.2.1002/avr8-gnu-toolchain/bin/../lib/gcc/avr/4.7.2/avrxmega2\libgcc.a(_unpack_sf.o)
 .debug_line    0x0000f3e1       0xcf c:/program files (x86)/atmel/atmel toolchain/avr8 gcc/native/3.4.2.1002/avr8-gnu-toolchain/bin/../lib/gcc/avr/4.7.2/avrxmega2\libgcc.a(_fpcmp_parts_sf.o)
 .debug_line    0x0000f4b0       0xeb c:/program files (x86)/atmel/atmel toolchain/avr8 gcc/native/3.4.2.1002/avr8-gnu-toolchain/bin/../lib/gcc/avr/4.7.2/../../../../avr/lib/avrxmega2\libc.a(iob.o)
 .debug_line    0x0000f59b      0x18e c:/program files (x86)/atmel/atmel toolchain/avr8 gcc/native/3.4.2.1002/avr8-gnu-toolchain/bin/../lib/gcc/avr/4.7.2/../../../../avr/lib/avrxmega2\libc.a(printf.o)
 .debug_line    0x0000f729      0x18d c:/program files (x86)/atmel/atmel toolchain/avr8 gcc/native/3.4.2.1002/avr8-gnu-toolchain/bin/../lib/gcc/avr/4.7.2/../../../../avr/lib/avrxmega2\libc.a(scanf.o)
 .debug_line    0x0000f8b6      0x194 c:/program files (x86)/atmel/atmel toolchain/avr8 gcc/native/3.4.2.1002/avr8-gnu-toolchain/bin/../lib/gcc/avr/4.7.2/../../../../avr/lib/avrxmega2\libc.a(sprintf.o)
 .debug_line    0x0000fa4a      0x359 c:/program files (x86)/atmel/atmel toolchain/avr8 gcc/native/3.4.2.1002/avr8-gnu-toolchain/bin/../lib/gcc/avr/4.7.2/../../../../avr/lib/avrxmega2\libc.a(vfprintf_std.o)
 .debug_line    0x0000fda3      0x377 c:/program files (x86)/atmel/atmel toolchain/avr8 gcc/native/3.4.2.1002/avr8-gnu-toolchain/bin/../lib/gcc/avr/4.7.2/../../../../avr/lib/avrxmega2\libc.a(vfscanf_std.o)
 .debug_line    0x0001011a      0x118 c:/program files (x86)/atmel/atmel toolchain/avr8 gcc/native/3.4.2.1002/avr8-gnu-toolchain/bin/../lib/gcc/avr/4.7.2/../../../../avr/lib/avrxmega2\libc.a(fgetc.o)
 .debug_line    0x00010232      0x104 c:/program files (x86)/atmel/atmel toolchain/avr8 gcc/native/3.4.2.1002/avr8-gnu-toolchain/bin/../lib/gcc/avr/4.7.2/../../../../avr/lib/avrxmega2\libc.a(fputc.o)
 .debug_line    0x00010336      0x10e c:/program files (x86)/atmel/atmel toolchain/avr8 gcc/native/3.4.2.1002/avr8-gnu-toolchain/bin/../lib/gcc/avr/4.7.2/../../../../avr/lib/avrxmega2\libc.a(ungetc.o)

.debug_frame    0x00000000     0x2590
 *(.debug_frame)
 .debug_frame   0x00000000      0x224 src/OctopusBot/drivers/bluetooth.o
 .debug_frame   0x00000224       0xe8 src/OctopusBot/drivers/leds.o
 .debug_frame   0x0000030c       0xa4 src/OctopusBot/drivers/motors.o
 .debug_frame   0x000003b0       0x34 src/OctopusBot/drivers/OctopusBot.o
 .debug_frame   0x000003e4       0x54 src/OctopusBot/drivers/PWM.o
 .debug_frame   0x00000438       0x34 src/OctopusBot/drivers/switch.o
 .debug_frame   0x0000046c       0xe4 src/OctopusBot/drivers/usb_serial.o
 .debug_frame   0x00000550       0x80 src/ASF/common/services/clock/xmega/sysclk.o
 .debug_frame   0x000005d0       0x74 src/ASF/common/services/serial/usart_serial.o
 .debug_frame   0x00000644      0x380 src/ASF/common/services/usb/class/cdc/device/udi_cdc.o
 .debug_frame   0x000009c4      0x148 src/ASF/common/services/usb/udc/udc.o
 .debug_frame   0x00000b0c      0x340 src/ASF/xmega/drivers/nvm/nvm.o
 .debug_frame   0x00000e4c      0x994 src/ASF/xmega/drivers/tc/tc.o
 .debug_frame   0x000017e0      0x148 src/ASF/xmega/drivers/usart/usart.o
 .debug_frame   0x00001928      0x43c src/ASF/xmega/drivers/usb/usb_device.o
 .debug_frame   0x00001d64       0x84 src/ASF/xmega/services/pwm/pwm.o
 .debug_frame   0x00001de8      0x11c src/main.o
 .debug_frame   0x00001f04       0x24 src/ASF/common/boards/user_board/init.o
 .debug_frame   0x00001f28       0x44 c:/program files (x86)/atmel/atmel toolchain/avr8 gcc/native/3.4.2.1002/avr8-gnu-toolchain/bin/../lib/gcc/avr/4.7.2/avrxmega2\libgcc.a(_fixunssfsi.o)
 .debug_frame   0x00001f6c       0x4c c:/program files (x86)/atmel/atmel toolchain/avr8 gcc/native/3.4.2.1002/avr8-gnu-toolchain/bin/../lib/gcc/avr/4.7.2/avrxmega2\libgcc.a(_fixunssfdi.o)
 .debug_frame   0x00001fb8       0x7c c:/program files (x86)/atmel/atmel toolchain/avr8 gcc/native/3.4.2.1002/avr8-gnu-toolchain/bin/../lib/gcc/avr/4.7.2/avrxmega2\libgcc.a(_floatundisf.o)
 .debug_frame   0x00002034       0x78 c:/program files (x86)/atmel/atmel toolchain/avr8 gcc/native/3.4.2.1002/avr8-gnu-toolchain/bin/../lib/gcc/avr/4.7.2/avrxmega2\libgcc.a(_addsub_sf.o)
 .debug_frame   0x000020ac       0x48 c:/program files (x86)/atmel/atmel toolchain/avr8 gcc/native/3.4.2.1002/avr8-gnu-toolchain/bin/../lib/gcc/avr/4.7.2/avrxmega2\libgcc.a(_mul_sf.o)
 .debug_frame   0x000020f4       0x38 c:/program files (x86)/atmel/atmel toolchain/avr8 gcc/native/3.4.2.1002/avr8-gnu-toolchain/bin/../lib/gcc/avr/4.7.2/avrxmega2\libgcc.a(_div_sf.o)
 .debug_frame   0x0000212c       0x2c c:/program files (x86)/atmel/atmel toolchain/avr8 gcc/native/3.4.2.1002/avr8-gnu-toolchain/bin/../lib/gcc/avr/4.7.2/avrxmega2\libgcc.a(_ge_sf.o)