Archive member included because of file (symbol)

c:/program files (x86)/atmel/atmel toolchain/avr8 gcc/native/3.4.1056/avr8-gnu-toolchain/bin/../lib/gcc/avr/4.8.1/../../../../avr/lib/avrxmega2\libm.a(divsf3.o)
                              src/DomOctopus/drivers/leds.o (__divsf3)
c:/program files (x86)/atmel/atmel toolchain/avr8 gcc/native/3.4.1056/avr8-gnu-toolchain/bin/../lib/gcc/avr/4.8.1/../../../../avr/lib/avrxmega2\libm.a(divsf3x.o)
                              c:/program files (x86)/atmel/atmel toolchain/avr8 gcc/native/3.4.1056/avr8-gnu-toolchain/bin/../lib/gcc/avr/4.8.1/../../../../avr/lib/avrxmega2\libm.a(divsf3.o) (__divsf3x)
c:/program files (x86)/atmel/atmel toolchain/avr8 gcc/native/3.4.1056/avr8-gnu-toolchain/bin/../lib/gcc/avr/4.8.1/../../../../avr/lib/avrxmega2\libm.a(fixsfdi.o)
                              src/DomOctopus/drivers/leds.o (__fixunssfdi)
c:/program files (x86)/atmel/atmel toolchain/avr8 gcc/native/3.4.1056/avr8-gnu-toolchain/bin/../lib/gcc/avr/4.8.1/../../../../avr/lib/avrxmega2\libm.a(floatundisf.o)
                              src/DomOctopus/drivers/leds.o (__floatundisf)
c:/program files (x86)/atmel/atmel toolchain/avr8 gcc/native/3.4.1056/avr8-gnu-toolchain/bin/../lib/gcc/avr/4.8.1/../../../../avr/lib/avrxmega2\libm.a(fp_inf.o)
                              c:/program files (x86)/atmel/atmel toolchain/avr8 gcc/native/3.4.1056/avr8-gnu-toolchain/bin/../lib/gcc/avr/4.8.1/../../../../avr/lib/avrxmega2\libm.a(divsf3x.o) (__fp_inf)
c:/program files (x86)/atmel/atmel toolchain/avr8 gcc/native/3.4.1056/avr8-gnu-toolchain/bin/../lib/gcc/avr/4.8.1/../../../../avr/lib/avrxmega2\libm.a(fp_nan.o)
                              c:/program files (x86)/atmel/atmel toolchain/avr8 gcc/native/3.4.1056/avr8-gnu-toolchain/bin/../lib/gcc/avr/4.8.1/../../../../avr/lib/avrxmega2\libm.a(divsf3x.o) (__fp_nan)
c:/program files (x86)/atmel/atmel toolchain/avr8 gcc/native/3.4.1056/avr8-gnu-toolchain/bin/../lib/gcc/avr/4.8.1/../../../../avr/lib/avrxmega2\libm.a(fp_negdi.o)
                              c:/program files (x86)/atmel/atmel toolchain/avr8 gcc/native/3.4.1056/avr8-gnu-toolchain/bin/../lib/gcc/avr/4.8.1/../../../../avr/lib/avrxmega2\libm.a(fixsfdi.o) (__fp_negdi)
c:/program files (x86)/atmel/atmel toolchain/avr8 gcc/native/3.4.1056/avr8-gnu-toolchain/bin/../lib/gcc/avr/4.8.1/../../../../avr/lib/avrxmega2\libm.a(fp_pscA.o)
                              c:/program files (x86)/atmel/atmel toolchain/avr8 gcc/native/3.4.1056/avr8-gnu-toolchain/bin/../lib/gcc/avr/4.8.1/../../../../avr/lib/avrxmega2\libm.a(divsf3x.o) (__fp_pscA)
c:/program files (x86)/atmel/atmel toolchain/avr8 gcc/native/3.4.1056/avr8-gnu-toolchain/bin/../lib/gcc/avr/4.8.1/../../../../avr/lib/avrxmega2\libm.a(fp_pscB.o)
                              c:/program files (x86)/atmel/atmel toolchain/avr8 gcc/native/3.4.1056/avr8-gnu-toolchain/bin/../lib/gcc/avr/4.8.1/../../../../avr/lib/avrxmega2\libm.a(divsf3x.o) (__fp_pscB)
c:/program files (x86)/atmel/atmel toolchain/avr8 gcc/native/3.4.1056/avr8-gnu-toolchain/bin/../lib/gcc/avr/4.8.1/../../../../avr/lib/avrxmega2\libm.a(fp_round.o)
                              c:/program files (x86)/atmel/atmel toolchain/avr8 gcc/native/3.4.1056/avr8-gnu-toolchain/bin/../lib/gcc/avr/4.8.1/../../../../avr/lib/avrxmega2\libm.a(divsf3.o) (__fp_round)
c:/program files (x86)/atmel/atmel toolchain/avr8 gcc/native/3.4.1056/avr8-gnu-toolchain/bin/../lib/gcc/avr/4.8.1/../../../../avr/lib/avrxmega2\libm.a(fp_split3.o)
                              c:/program files (x86)/atmel/atmel toolchain/avr8 gcc/native/3.4.1056/avr8-gnu-toolchain/bin/../lib/gcc/avr/4.8.1/../../../../avr/lib/avrxmega2\libm.a(divsf3x.o) (__fp_split3)
c:/program files (x86)/atmel/atmel toolchain/avr8 gcc/native/3.4.1056/avr8-gnu-toolchain/bin/../lib/gcc/avr/4.8.1/../../../../avr/lib/avrxmega2\libm.a(fp_zero.o)
                              c:/program files (x86)/atmel/atmel toolchain/avr8 gcc/native/3.4.1056/avr8-gnu-toolchain/bin/../lib/gcc/avr/4.8.1/../../../../avr/lib/avrxmega2\libm.a(divsf3x.o) (__fp_szero)
c:/program files (x86)/atmel/atmel toolchain/avr8 gcc/native/3.4.1056/avr8-gnu-toolchain/bin/../lib/gcc/avr/4.8.1/avrxmega2\libgcc.a(_udivmodhi4.o)
                              src/ASF/xmega/drivers/usb/usb_device.o (__udivmodhi4)
c:/program files (x86)/atmel/atmel toolchain/avr8 gcc/native/3.4.1056/avr8-gnu-toolchain/bin/../lib/gcc/avr/4.8.1/avrxmega2\libgcc.a(_udivmodsi4.o)
                              src/ASF/xmega/drivers/usart/usart.o (__udivmodsi4)
c:/program files (x86)/atmel/atmel toolchain/avr8 gcc/native/3.4.1056/avr8-gnu-toolchain/bin/../lib/gcc/avr/4.8.1/avrxmega2\libgcc.a(_exit.o)
                              c:/program files (x86)/atmel/atmel toolchain/avr8 gcc/native/3.4.1056/avr8-gnu-toolchain/bin/../lib/gcc/avr/4.8.1/../../../../avr/lib/avrxmega2/crtx32a4u.o (exit)
[...]
Memory Configuration

Name             Origin             Length             Attributes
text             0x00000000         0x00100000         xr
data             0x00802000         0x0000ffa0         rw !x
eeprom           0x00810000         0x00010000         rw !x
fuse             0x00820000         0x00000400         rw !x
lock             0x00830000         0x00000400         rw !x
signature        0x00840000         0x00000400         rw !x
user_signatures  0x00850000         0x00000400         rw !x
*default*        0x00000000         0xffffffff

Linker script and memory map

LOAD c:/program files (x86)/atmel/atmel toolchain/avr8 gcc/native/3.4.1056/avr8-gnu-toolchain/bin/../lib/gcc/avr/4.8.1/../../../../avr/lib/avrxmega2/crtx32a4u.o
LOAD src/ASF/common/boards/user_board/init.o
LOAD src/ASF/common/services/clock/xmega/sysclk.o
LOAD src/ASF/common/services/ioport/xmega/ioport_compat.o
LOAD src/ASF/common/services/serial/usart_serial.o
LOAD src/ASF/common/services/sleepmgr/xmega/sleepmgr.o
LOAD src/ASF/common/services/usb/class/cdc/device/udi_cdc.o
LOAD src/ASF/common/services/usb/class/cdc/device/udi_cdc_desc.o
LOAD src/ASF/common/services/usb/udc/udc.o
LOAD src/ASF/xmega/drivers/cpu/ccp.o
LOAD src/ASF/xmega/drivers/nvm/nvm.o
LOAD src/ASF/xmega/drivers/nvm/nvm_asm.o
LOAD src/ASF/xmega/drivers/rtc/rtc.o
LOAD src/ASF/xmega/drivers/usart/usart.o
LOAD src/ASF/xmega/drivers/usb/usb_device.o
LOAD src/DomOctopus/drivers/bluetooth.o
LOAD src/DomOctopus/drivers/DomOctopus.o
LOAD src/DomOctopus/drivers/leds.o
LOAD src/DomOctopus/drivers/switch.o
LOAD src/DomOctopus/drivers/usb_serial.o
LOAD src/main.o
START GROUP
LOAD c:/program files (x86)/atmel/atmel toolchain/avr8 gcc/native/3.4.1056/avr8-gnu-toolchain/bin/../lib/gcc/avr/4.8.1/../../../../avr/lib/avrxmega2\libm.a
END GROUP
START GROUP
LOAD c:/program files (x86)/atmel/atmel toolchain/avr8 gcc/native/3.4.1056/avr8-gnu-toolchain/bin/../lib/gcc/avr/4.8.1/avrxmega2\libgcc.a
LOAD c:/program files (x86)/atmel/atmel toolchain/avr8 gcc/native/3.4.1056/avr8-gnu-toolchain/bin/../lib/gcc/avr/4.8.1/../../../../avr/lib/avrxmega2\libm.a
LOAD c:/program files (x86)/atmel/atmel toolchain/avr8 gcc/native/3.4.1056/avr8-gnu-toolchain/bin/../lib/gcc/avr/4.8.1/../../../../avr/lib/avrxmega2\libc.a
END GROUP

.hash
 *(.hash)

.dynsym
 *(.dynsym)

.dynstr
 *(.dynstr)

.gnu.version
 *(.gnu.version)

.gnu.version_d
 *(.gnu.version_d)

.gnu.version_r
 *(.gnu.version_r)

.rel.init
 *(.rel.init)

.rela.init
 *(.rela.init)

.rel.text
 *(.rel.text)
 *(.rel.text.*)
 *(.rel.gnu.linkonce.t*)

.rela.text
 *(.rela.text)
 *(.rela.text.*)
 *(.rela.gnu.linkonce.t*)

.rel.fini
 *(.rel.fini)

.rela.fini
 *(.rela.fini)

.rel.rodata
 *(.rel.rodata)
 *(.rel.rodata.*)
 *(.rel.gnu.linkonce.r*)

.rela.rodata
 *(.rela.rodata)
 *(.rela.rodata.*)
 *(.rela.gnu.linkonce.r*)

.rel.data
 *(.rel.data)
 *(.rel.data.*)
 *(.rel.gnu.linkonce.d*)

.rela.data
 *(.rela.data)
 *(.rela.data.*)
 *(.rela.gnu.linkonce.d*)

.rel.ctors
 *(.rel.ctors)

.rela.ctors
 *(.rela.ctors)

.rel.dtors
 *(.rel.dtors)

.rela.dtors
 *(.rela.dtors)

.rel.got
 *(.rel.got)

.rela.got
 *(.rela.got)

.rel.bss
 *(.rel.bss)

.rela.bss
 *(.rela.bss)

.rel.plt
 *(.rel.plt)

.rela.plt
 *(.rela.plt)

.text           0x00000000     0x331a
 *(.vectors)
 .vectors       0x00000000      0x1fc c:/program files (x86)/atmel/atmel toolchain/avr8 gcc/native/3.4.1056/avr8-gnu-toolchain/bin/../lib/gcc/avr/4.8.1/../../../../avr/lib/avrxmega2/crtx32a4u.o
                0x00000000                __vector_default
                0x00000000                __vectors
 *(.vectors)
 *(.progmem.gcc*)
 .progmem.gcc_sw_table.udd_ep_get_size
                0x000001fc        0xe src/ASF/xmega/drivers/usb/usb_device.o
                0x0000020a                . = ALIGN (0x2)
                0x0000020a                __trampolines_start = .
 *(.trampolines)
 .trampolines   0x0000020a        0x0 linker stubs
 *(.trampolines*)
                0x0000020a                __trampolines_end = .
 *(.progmem*)
 .progmem.data  0x0000020a        0xc c:/program files (x86)/atmel/atmel toolchain/avr8 gcc/native/3.4.1056/avr8-gnu-toolchain/bin/../lib/gcc/avr/4.8.1/../../../../avr/lib/avrxmega2\libc.a(vfscanf_std.o)
                0x00000216                . = ALIGN (0x2)
 *(.jumptables)
 *(.jumptables*)
 *(.lowtext)
 *(.lowtext*)
                0x00000216                __ctors_start = .
 *(.ctors)
                0x00000216                __ctors_end = .
                0x00000216                __dtors_start = .
 *(.dtors)
                0x00000216                __dtors_end = .
 SORT(*)(.ctors)
 SORT(*)(.dtors)
 *(.init0)
 .init0         0x00000216        0x0 c:/program files (x86)/atmel/atmel toolchain/avr8 gcc/native/3.4.1056/avr8-gnu-toolchain/bin/../lib/gcc/avr/4.8.1/../../../../avr/lib/avrxmega2/crtx32a4u.o
                0x00000216                __init
 *(.init0)
 *(.init1)
 *(.init1)
 *(.init2)
 .init2         0x00000216        0xc c:/program files (x86)/atmel/atmel toolchain/avr8 gcc/native/3.4.1056/avr8-gnu-toolchain/bin/../lib/gcc/avr/4.8.1/../../../../avr/lib/avrxmega2/crtx32a4u.o
 *(.init2)
 *(.init3)
 *(.init3)
 *(.init4)
 .init4         0x00000222       0x16 c:/program files (x86)/atmel/atmel toolchain/avr8 gcc/native/3.4.1056/avr8-gnu-toolchain/bin/../lib/gcc/avr/4.8.1/avrxmega2\libgcc.a(_copy_data.o)
                0x00000222                __do_copy_data
 .init4         0x00000238       0x10 c:/program files (x86)/atmel/atmel toolchain/avr8 gcc/native/3.4.1056/avr8-gnu-toolchain/bin/../lib/gcc/avr/4.8.1/avrxmega2\libgcc.a(_clear_bss.o)
                0x00000238                __do_clear_bss
 *(.init4)
 *(.init5)
 *(.init5)
 *(.init6)
 *(.init6)
 *(.init7)
 *(.init7)
 *(.init8)
 *(.init8)
 *(.init9)
 .init9         0x00000248        0x8 c:/program files (x86)/atmel/atmel toolchain/avr8 gcc/native/3.4.1056/avr8-gnu-toolchain/bin/../lib/gcc/avr/4.8.1/../../../../avr/lib/avrxmega2/crtx32a4u.o
 *(.init9)
 *(.text)
 .text          0x00000250        0x2 c:/program files (x86)/atmel/atmel toolchain/avr8 gcc/native/3.4.1056/avr8-gnu-toolchain/bin/../lib/gcc/avr/4.8.1/../../../../avr/lib/avrxmega2/crtx32a4u.o
                0x00000250                __vector_38
                0x00000250                __vector_104
                0x00000250                __vector_22
                0x00000250                __vector_63
                0x00000250                __vector_28
                0x00000250                __vector_67
                0x00000250                __vector_1
                0x00000250                __vector_119
                0x00000250                __vector_32
                0x00000250                __vector_75
                0x00000250                __vector_71
                0x00000250                __vector_91
                0x00000250                __vector_34
                0x00000250                __vector_62
                0x00000250                __vector_77
                0x00000250                __vector_102
                0x00000250                __vector_24
                0x00000250                __vector_12
                0x00000250                __vector_55
                0x00000250                __vector_69
                0x00000250                __vector_81
                0x00000250                __vector_90
                0x00000250                __vector_46
                0x00000250                __bad_interrupt
                0x00000250                __vector_122
                0x00000250                __vector_72
                0x00000250                __vector_114
                0x00000250                __vector_6
                0x00000250                __vector_110
                0x00000250                __vector_31
                0x00000250                __vector_92
                0x00000250                __vector_35
                0x00000250                __vector_78
                0x00000250                __vector_74
                0x00000250                __vector_117
                0x00000250                __vector_39
                0x00000250                __vector_107
                0x00000250                __vector_3
                0x00000250                __vector_105
                0x00000250                __vector_98
                0x00000250                __vector_23
                0x00000250                __vector_68
                0x00000250                __vector_30
                0x00000250                __vector_73
                0x00000250                __vector_45
                0x00000250                __vector_25
                0x00000250                __vector_93
                0x00000250                __vector_61
                0x00000250                __vector_54
                0x00000250                __vector_99
                0x00000250                __vector_13
                0x00000250                __vector_17
                0x00000250                __vector_19
                0x00000250                __vector_56
                0x00000250                __vector_7
                0x00000250                __vector_49
                0x00000250                __vector_123
                0x00000250                __vector_41
                0x00000250                __vector_86
                0x00000250                __vector_100
                0x00000250                __vector_101
                0x00000250                __vector_88
                0x00000250                __vector_109
                0x00000250                __vector_43
                0x00000250                __vector_27
                0x00000250                __vector_5
                0x00000250                __vector_113
                0x00000250                __vector_33
                0x00000250                __vector_76
                0x00000250                __vector_115
                0x00000250                __vector_47
                0x00000250                __vector_52
                0x00000250                __vector_37
                0x00000250                __vector_95
                0x00000250                __vector_103
                0x00000250                __vector_96
                0x00000250                __vector_89
                0x00000250                __vector_108
                0x00000250                __vector_4
                0x00000250                __vector_44
                0x00000250                __vector_82
                0x00000250                __vector_106
                0x00000250                __vector_118
                0x00000250                __vector_51
                0x00000250                __vector_9
                0x00000250                __vector_21
                0x00000250                __vector_15
                0x00000250                __vector_66
                0x00000250                __vector_36
                0x00000250                __vector_79
                0x00000250                __vector_58
                0x00000250                __vector_70
                0x00000250                __vector_83
                0x00000250                __vector_29
                0x00000250                __vector_60
                0x00000250                __vector_121
                0x00000250                __vector_40
                0x00000250                __vector_85
                0x00000250                __vector_94
                0x00000250                __vector_8
                0x00000250                __vector_26
                0x00000250                __vector_48
                0x00000250                __vector_124
                0x00000250                __vector_116
                0x00000250                __vector_112
                0x00000250                __vector_111
                0x00000250                __vector_80
                0x00000250                __vector_14
                0x00000250                __vector_84
                0x00000250                __vector_57
                0x00000250                __vector_53
                0x00000250                __vector_50
                0x00000250                __vector_16
                0x00000250                __vector_59
                0x00000250                __vector_18
                0x00000250                __vector_97
                0x00000250                __vector_20
                0x00000250                __vector_42
                0x00000250                __vector_87
                0x00000250                __vector_65
                0x00000250                __vector_120
                0x00000252                . = ALIGN (0x2)
 *(.text.*)
 .text.sysclk_init
                0x00000252       0xea src/ASF/common/services/clock/xmega/sysclk.o
                0x00000252                sysclk_init
 .text.sysclk_enable_module
                0x0000033c       0x18 src/ASF/common/services/clock/xmega/sysclk.o
                0x0000033c                sysclk_enable_module
 .text.udi_cdc_comm_enable
                0x00000354       0x70 src/ASF/common/services/usb/class/cdc/device/udi_cdc.o
                0x00000354                udi_cdc_comm_enable
 .text.udi_cdc_comm_disable
                0x000003c4        0xc src/ASF/common/services/usb/class/cdc/device/udi_cdc.o
                0x000003c4                udi_cdc_comm_disable
 .text.udi_cdc_data_disable
                0x000003d0       0x14 src/ASF/common/services/usb/class/cdc/device/udi_cdc.o
                0x000003d0                udi_cdc_data_disable
 .text.udi_cdc_data_setup
                0x000003e4        0x4 src/ASF/common/services/usb/class/cdc/device/udi_cdc.o
                0x000003e4                udi_cdc_data_setup
 .text.udi_cdc_getsetting
                0x000003e8        0x4 src/ASF/common/services/usb/class/cdc/device/udi_cdc.o
                0x000003e8                udi_cdc_getsetting
 .text.udi_cdc_comm_setup
                0x000003ec       0xa0 src/ASF/common/services/usb/class/cdc/device/udi_cdc.o
                0x000003ec                udi_cdc_comm_setup
 .text.udi_cdc_line_coding_received
                0x0000048c        0x2 src/ASF/common/services/usb/class/cdc/device/udi_cdc.o
 .text.udi_cdc_tx_send
                0x0000048e      0x156 src/ASF/common/services/usb/class/cdc/device/udi_cdc.o
 .text.udi_cdc_data_sent
                0x000005e4       0x30 src/ASF/common/services/usb/class/cdc/device/udi_cdc.o
 .text.udi_cdc_data_sof_notify
                0x00000614        0x6 src/ASF/common/services/usb/class/cdc/device/udi_cdc.o
                0x00000614                udi_cdc_data_sof_notify
 .text.udi_cdc_multi_get_nb_received_data
                0x0000061a       0x26 src/ASF/common/services/usb/class/cdc/device/udi_cdc.o
                0x0000061a                udi_cdc_multi_get_nb_received_data
 .text.udi_cdc_multi_is_rx_ready
                0x00000640        0xe src/ASF/common/services/usb/class/cdc/device/udi_cdc.o
                0x00000640                udi_cdc_multi_is_rx_ready
 .text.udi_cdc_rx_start
                0x0000064e       0x8e src/ASF/common/services/usb/class/cdc/device/udi_cdc.o
 .text.udi_cdc_data_enable
                0x000006dc       0x64 src/ASF/common/services/usb/class/cdc/device/udi_cdc.o
                0x000006dc                udi_cdc_data_enable
 .text.udi_cdc_data_received
                0x00000740       0x62 src/ASF/common/services/usb/class/cdc/device/udi_cdc.o
 .text.udc_next_desc_in_iface
                0x000007a2       0x6a src/ASF/common/services/usb/udc/udc.o
 .text.udc_valid_address
                0x0000080c        0xc src/ASF/common/services/usb/udc/udc.o
 .text.udc_update_iface_desc
                0x00000818       0x74 src/ASF/common/services/usb/udc/udc.o
 .text.udc_iface_disable
                0x0000088c       0x84 src/ASF/common/services/usb/udc/udc.o
 .text.udc_iface_enable
                0x00000910       0x64 src/ASF/common/services/usb/udc/udc.o
 .text.udc_reset
                0x00000974       0x4e src/ASF/common/services/usb/udc/udc.o
                0x00000974                udc_reset
 .text.udc_sof_notify
                0x000009c2       0x5e src/ASF/common/services/usb/udc/udc.o
                0x000009c2                udc_sof_notify
 .text.udc_process_setup
                0x00000a20      0x51c src/ASF/common/services/usb/udc/udc.o
                0x00000a20                udc_process_setup
 .text.ccp_write_io
                0x00000f3c        0xc src/ASF/xmega/drivers/cpu/ccp.o
                0x00000f3c                ccp_write_io
 .text.nvm_read_byte
                0x00000f48       0x14 src/ASF/xmega/drivers/nvm/nvm_asm.o
                0x00000f48                nvm_read_byte
 .text.__vector_10
                0x00000f5c       0x32 src/ASF/xmega/drivers/rtc/rtc.o
                0x00000f5c                __vector_10
 .text.usart_putchar
                0x00000f8e       0x10 src/ASF/xmega/drivers/usart/usart.o
                0x00000f8e                usart_putchar
 .text.usart_getchar
                0x00000f9e        0xc src/ASF/xmega/drivers/usart/usart.o
                0x00000f9e                usart_getchar
 .text.usart_set_baudrate
                0x00000faa      0x214 src/ASF/xmega/drivers/usart/usart.o
                0x00000faa                usart_set_baudrate
 .text.usart_init_rs232
                0x000011be      0x1da src/ASF/xmega/drivers/usart/usart.o
                0x000011be                usart_init_rs232
 .text.udd_sleep_mode
                0x00001398       0x3e src/ASF/xmega/drivers/usb/usb_device.o
 .text.udd_ctrl_init
                0x000013d6       0x56 src/ASF/xmega/drivers/usb/usb_device.o
 .text.udd_ctrl_stall_data
                0x0000142c       0x1c src/ASF/xmega/drivers/usb/usb_device.o
 .text.udd_ctrl_send_zlp_in
                0x00001448       0x1c src/ASF/xmega/drivers/usb/usb_device.o
 .text.udd_ctrl_endofrequest
                0x00001464       0x10 src/ASF/xmega/drivers/usb/usb_device.o
 .text.udd_ctrl_in_sent
                0x00001474       0xdc src/ASF/xmega/drivers/usb/usb_device.o
 .text.udd_ep_get_size
                0x00001550       0x4a src/ASF/xmega/drivers/usb/usb_device.o
 .text.udd_ep_get_job
                0x0000159a       0x36 src/ASF/xmega/drivers/usb/usb_device.o
 .text.udd_ctrl_interrupt_tc_setup
                0x000015d0       0xde src/ASF/xmega/drivers/usb/usb_device.o
 .text.udd_ep_trans_complet
                0x000016ae      0x228 src/ASF/xmega/drivers/usb/usb_device.o
 .text.udd_is_high_speed
                0x000018d6        0x4 src/ASF/xmega/drivers/usb/usb_device.o
                0x000018d6                udd_is_high_speed
 .text.udd_set_address
                0x000018da        0x6 src/ASF/xmega/drivers/usb/usb_device.o
                0x000018da                udd_set_address
 .text.udd_getaddress
                0x000018e0        0x6 src/ASF/xmega/drivers/usb/usb_device.o
                0x000018e0                udd_getaddress
 .text.udd_get_frame_number
                0x000018e6        0xa src/ASF/xmega/drivers/usb/usb_device.o
                0x000018e6                udd_get_frame_number
 .text.udd_get_micro_frame_number
                0x000018f0        0x6 src/ASF/xmega/drivers/usb/usb_device.o
                0x000018f0                udd_get_micro_frame_number
 .text.udd_set_setup_payload
                0x000018f6       0x12 src/ASF/xmega/drivers/usb/usb_device.o
                0x000018f6                udd_set_setup_payload
 .text.udd_ep_alloc
                0x00001908       0xc2 src/ASF/xmega/drivers/usb/usb_device.o
                0x00001908                udd_ep_alloc
 .text.udd_ep_is_halted
                0x000019ca       0x36 src/ASF/xmega/drivers/usb/usb_device.o
                0x000019ca                udd_ep_is_halted
 .text.udd_ep_clear_halt
                0x00001a00       0x54 src/ASF/xmega/drivers/usb/usb_device.o
                0x00001a00                udd_ep_clear_halt
 .text.udd_ep_run
                0x00001a54      0x110 src/ASF/xmega/drivers/usb/usb_device.o
                0x00001a54                udd_ep_run
 .text.udd_ep_abort
                0x00001b64       0x72 src/ASF/xmega/drivers/usb/usb_device.o
                0x00001b64                udd_ep_abort
 .text.udd_ep_free
                0x00001bd6       0x3a src/ASF/xmega/drivers/usb/usb_device.o
                0x00001bd6                udd_ep_free
 .text.udd_ep_set_halt
                0x00001c10       0x42 src/ASF/xmega/drivers/usb/usb_device.o
                0x00001c10                udd_ep_set_halt
 .text.__vector_125
                0x00001c52      0x16c src/ASF/xmega/drivers/usb/usb_device.o
                0x00001c52                __vector_125
 .text.__vector_126
                0x00001dbe      0x1d2 src/ASF/xmega/drivers/usb/usb_device.o
                0x00001dbe                __vector_126
 .text.bluetooth_init
                0x00001f90       0x74 src/DomOctopus/drivers/bluetooth.o
                0x00001f90                bluetooth_init
 .text.bluetooth_putchar
                0x00002004        0xc src/DomOctopus/drivers/bluetooth.o
                0x00002004                bluetooth_putchar
 .text.bluetooth_putchar_printf
                0x00002010       0x18 src/DomOctopus/drivers/bluetooth.o
                0x00002010                bluetooth_putchar_printf
 .text.bluetooth_getchar
                0x00002028        0xa src/DomOctopus/drivers/bluetooth.o
                0x00002028                bluetooth_getchar
 .text.bluetooth_getchar_scanf
                0x00002032       0x1c src/DomOctopus/drivers/bluetooth.o
                0x00002032                bluetooth_getchar_scanf
 .text.bluetooth_is_rx_complete
                0x0000204e       0x18 src/DomOctopus/drivers/bluetooth.o
                0x0000204e                bluetooth_is_rx_complete
 .text.init_DomOctopus
                0x00002066       0x30 src/DomOctopus/drivers/DomOctopus.o
                0x00002066                init_DomOctopus
 .text.leds_init
                0x00002096       0x16 src/DomOctopus/drivers/leds.o
                0x00002096                leds_init
 .text.led1     0x000020ac       0x30 src/DomOctopus/drivers/leds.o
                0x000020ac                led1
 .text.led2     0x000020dc       0x30 src/DomOctopus/drivers/leds.o
                0x000020dc                led2
 .text.led3     0x0000210c       0x30 src/DomOctopus/drivers/leds.o
                0x0000210c                led3
 .text.led4     0x0000213c       0x30 src/DomOctopus/drivers/leds.o
                0x0000213c                led4
 .text.animation
                0x0000216c      0x41e src/DomOctopus/drivers/leds.o
                0x0000216c                animation
 .text.switch_init
                0x0000258a        0xa src/DomOctopus/drivers/switch.o
                0x0000258a                switch_init
 .text.__vector_64
                0x00002594       0x5c src/main.o
                0x00002594                __vector_64
 .text.__vector_2
                0x000025f0       0x28 src/main.o
                0x000025f0                __vector_2
 .text.__vector_11
                0x00002618       0xb4 src/main.o
                0x00002618                __vector_11
 .text.main     0x000026cc      0x1f0 src/main.o
                0x000026cc                main
 .text.avr-libc.fplib
                0x000028bc        0x4 c:/program files (x86)/atmel/atmel toolchain/avr8 gcc/native/3.4.1056/avr8-gnu-toolchain/bin/../lib/gcc/avr/4.8.1/../../../../avr/lib/avrxmega2\libm.a(divsf3.o)
                0x000028bc                __divsf3
 .text.avr-libc.fplib
                0x000028c0       0xcc c:/program files (x86)/atmel/atmel toolchain/avr8 gcc/native/3.4.1056/avr8-gnu-toolchain/bin/../lib/gcc/avr/4.8.1/../../../../avr/lib/avrxmega2\libm.a(divsf3x.o)
                0x000028d6                __divsf3x
                0x000028da                __divsf3_pse
 .text.avr-libc.fplib
                0x0000298c       0x74 c:/program files (x86)/atmel/atmel toolchain/avr8 gcc/native/3.4.1056/avr8-gnu-toolchain/bin/../lib/gcc/avr/4.8.1/../../../../avr/lib/avrxmega2\libm.a(fixsfdi.o)
                0x0000298c                __fixsfdi
                0x00002996                __fixunssfdi
 .text.avr-libc.fplib
                0x00002a00       0x7c c:/program files (x86)/atmel/atmel toolchain/avr8 gcc/native/3.4.1056/avr8-gnu-toolchain/bin/../lib/gcc/avr/4.8.1/../../../../avr/lib/avrxmega2\libm.a(floatundisf.o)
                0x00002a00                __floatundisf
                0x00002a02                __fp_di2sf
 .text.avr-libc.fplib
                0x00002a7c        0xc c:/program files (x86)/atmel/atmel toolchain/avr8 gcc/native/3.4.1056/avr8-gnu-toolchain/bin/../lib/gcc/avr/4.8.1/../../../../avr/lib/avrxmega2\libm.a(fp_inf.o)
                0x00002a7c                __fp_inf
 .text.avr-libc.fplib
                0x00002a88        0x6 c:/program files (x86)/atmel/atmel toolchain/avr8 gcc/native/3.4.1056/avr8-gnu-toolchain/bin/../lib/gcc/avr/4.8.1/../../../../avr/lib/avrxmega2\libm.a(fp_nan.o)
                0x00002a88                __fp_nan
 .text.avr-libc.fplib
                0x00002a8e       0x20 c:/program files (x86)/atmel/atmel toolchain/avr8 gcc/native/3.4.1056/avr8-gnu-toolchain/bin/../lib/gcc/avr/4.8.1/../../../../avr/lib/avrxmega2\libm.a(fp_negdi.o)
                0x00002a8e                __fp_negdi
 .text.avr-libc.fplib
                0x00002aae        0xe c:/program files (x86)/atmel/atmel toolchain/avr8 gcc/native/3.4.1056/avr8-gnu-toolchain/bin/../lib/gcc/avr/4.8.1/../../../../avr/lib/avrxmega2\libm.a(fp_pscA.o)
                0x00002aae                __fp_pscA
 .text.avr-libc.fplib
                0x00002abc        0xe c:/program files (x86)/atmel/atmel toolchain/avr8 gcc/native/3.4.1056/avr8-gnu-toolchain/bin/../lib/gcc/avr/4.8.1/../../../../avr/lib/avrxmega2\libm.a(fp_pscB.o)
                0x00002abc                __fp_pscB
 .text.avr-libc.fplib
                0x00002aca       0x22 c:/program files (x86)/atmel/atmel toolchain/avr8 gcc/native/3.4.1056/avr8-gnu-toolchain/bin/../lib/gcc/avr/4.8.1/../../../../avr/lib/avrxmega2\libm.a(fp_round.o)
                0x00002aca                __fp_round
 .text.avr-libc.fplib
                0x00002aec       0x44 c:/program files (x86)/atmel/atmel toolchain/avr8 gcc/native/3.4.1056/avr8-gnu-toolchain/bin/../lib/gcc/avr/4.8.1/../../../../avr/lib/avrxmega2\libm.a(fp_split3.o)
                0x00002aec                __fp_split3
                0x00002afc                __fp_splitA
 .text.avr-libc.fplib
                0x00002b30        0xe c:/program files (x86)/atmel/atmel toolchain/avr8 gcc/native/3.4.1056/avr8-gnu-toolchain/bin/../lib/gcc/avr/4.8.1/../../../../avr/lib/avrxmega2\libm.a(fp_zero.o)
                0x00002b30                __fp_zero
                0x00002b32                __fp_szero
 .text.libgcc.div
                0x00002b3e       0x28 c:/program files (x86)/atmel/atmel toolchain/avr8 gcc/native/3.4.1056/avr8-gnu-toolchain/bin/../lib/gcc/avr/4.8.1/avrxmega2\libgcc.a(_udivmodhi4.o)
                0x00002b3e                __udivmodhi4
 .text.libgcc.div
                0x00002b66       0x44 c:/program files (x86)/atmel/atmel toolchain/avr8 gcc/native/3.4.1056/avr8-gnu-toolchain/bin/../lib/gcc/avr/4.8.1/avrxmega2\libgcc.a(_udivmodsi4.o)
                0x00002b66                __udivmodsi4
 .text.libgcc   0x00002baa        0xc c:/program files (x86)/atmel/atmel toolchain/avr8 gcc/native/3.4.1056/avr8-gnu-toolchain/bin/../lib/gcc/avr/4.8.1/avrxmega2\libgcc.a(_tablejump.o)
                0x00002baa                __tablejump2__
                0x00002bae                __tablejump__
 .text.libgcc.mul
                0x00002bb6       0x92 c:/program files (x86)/atmel/atmel toolchain/avr8 gcc/native/3.4.1056/avr8-gnu-toolchain/bin/../lib/gcc/avr/4.8.1/avrxmega2\libgcc.a(_muldi3.o)
                0x00002bb6                __muldi3
 .text.libgcc.mul
                0x00002c48       0x10 c:/program files (x86)/atmel/atmel toolchain/avr8 gcc/native/3.4.1056/avr8-gnu-toolchain/bin/../lib/gcc/avr/4.8.1/avrxmega2\libgcc.a(_muldi3_6.o)
                0x00002c48                __muldi3_6
 .text.libgcc.mul
                0x00002c58       0x1e c:/program files (x86)/atmel/atmel toolchain/avr8 gcc/native/3.4.1056/avr8-gnu-toolchain/bin/../lib/gcc/avr/4.8.1/avrxmega2\libgcc.a(_umulhisi3.o)
                0x00002c58                __umulhisi3
 .text.avr-libc
                0x00002c76       0x12 c:/program files (x86)/atmel/atmel toolchain/avr8 gcc/native/3.4.1056/avr8-gnu-toolchain/bin/../lib/gcc/avr/4.8.1/../../../../avr/lib/avrxmega2\libc.a(memcpy.o)
                0x00002c76                memcpy
 .text.avr-libc
                0x00002c88       0x22 c:/program files (x86)/atmel/atmel toolchain/avr8 gcc/native/3.4.1056/avr8-gnu-toolchain/bin/../lib/gcc/avr/4.8.1/../../../../avr/lib/avrxmega2\libc.a(scanf.o)
                0x00002c88                scanf
 .text.avr-libc
                0x00002caa      0x530 c:/program files (x86)/atmel/atmel toolchain/avr8 gcc/native/3.4.1056/avr8-gnu-toolchain/bin/../lib/gcc/avr/4.8.1/../../../../avr/lib/avrxmega2\libc.a(vfscanf_std.o)
                0x00002f88                vfscanf
 .text.avr-libc
                0x000031da       0x10 c:/program files (x86)/atmel/atmel toolchain/avr8 gcc/native/3.4.1056/avr8-gnu-toolchain/bin/../lib/gcc/avr/4.8.1/../../../../avr/lib/avrxmega2\libc.a(isspace.o)
                0x000031da                isspace
 .text.avr-libc
                0x000031ea       0x16 c:/program files (x86)/atmel/atmel toolchain/avr8 gcc/native/3.4.1056/avr8-gnu-toolchain/bin/../lib/gcc/avr/4.8.1/../../../../avr/lib/avrxmega2\libc.a(strchr_P.o)
                0x000031ea                strchr_P
 .text.avr-libc
                0x00003200       0x7c c:/program files (x86)/atmel/atmel toolchain/avr8 gcc/native/3.4.1056/avr8-gnu-toolchain/bin/../lib/gcc/avr/4.8.1/../../../../avr/lib/avrxmega2\libc.a(fgetc.o)
                0x00003200                fgetc
 .text.avr-libc
                0x0000327c       0x32 c:/program files (x86)/atmel/atmel toolchain/avr8 gcc/native/3.4.1056/avr8-gnu-toolchain/bin/../lib/gcc/avr/4.8.1/../../../../avr/lib/avrxmega2\libc.a(ungetc.o)
                0x0000327c                ungetc
 .text.avr-libc
                0x000032ae        0x6 c:/program files (x86)/atmel/atmel toolchain/avr8 gcc/native/3.4.1056/avr8-gnu-toolchain/bin/../lib/gcc/avr/4.8.1/../../../../avr/lib/avrxmega2\libc.a(cty_isfalse.o)
                0x000032ae                __ctype_isfalse
                0x000032b2                __ctype_istrue
 .text.libgcc.prologue
                0x000032b4       0x32 c:/program files (x86)/atmel/atmel toolchain/avr8 gcc/native/3.4.1056/avr8-gnu-toolchain/bin/../lib/gcc/avr/4.8.1/avrxmega2\libgcc.a(_prologue.o)
                0x000032b4                __prologue_saves__
 .text.libgcc.prologue
                0x000032e6       0x30 c:/program files (x86)/atmel/atmel toolchain/avr8 gcc/native/3.4.1056/avr8-gnu-toolchain/bin/../lib/gcc/avr/4.8.1/avrxmega2\libgcc.a(_epilogue.o)
                0x000032e6                __epilogue_restores__
                0x00003316                . = ALIGN (0x2)
 *(.fini9)
 .fini9         0x00003316        0x0 c:/program files (x86)/atmel/atmel toolchain/avr8 gcc/native/3.4.1056/avr8-gnu-toolchain/bin/../lib/gcc/avr/4.8.1/avrxmega2\libgcc.a(_exit.o)
                0x00003316                _exit
                0x00003316                exit
 *(.fini9)
 *(.fini8)
 *(.fini8)
 *(.fini7)
 *(.fini7)
 *(.fini6)
 *(.fini6)
 *(.fini5)
 *(.fini5)
 *(.fini4)
 *(.fini4)
 *(.fini3)
 *(.fini3)
 *(.fini2)
 *(.fini2)
 *(.fini1)
 *(.fini1)
 *(.fini0)
 .fini0         0x00003316        0x4 c:/program files (x86)/atmel/atmel toolchain/avr8 gcc/native/3.4.1056/avr8-gnu-toolchain/bin/../lib/gcc/avr/4.8.1/avrxmega2\libgcc.a(_exit.o)
 *(.fini0)
                0x0000331a                _etext = .

.data           0x00802000       0x98 load address 0x0000331a
                0x00802000                PROVIDE (__data_start, .)
 *(.data)
 .data          0x00802000        0x0 c:/program files (x86)/atmel/atmel toolchain/avr8 gcc/native/3.4.1056/avr8-gnu-toolchain/bin/../lib/gcc/avr/4.8.1/../../../../avr/lib/avrxmega2/crtx32a4u.o
 .data          0x00802000        0x0 src/ASF/common/boards/user_board/init.o
 .data          0x00802000        0x0 src/ASF/common/services/clock/xmega/sysclk.o
 .data          0x00802000        0x0 src/ASF/common/services/ioport/xmega/ioport_compat.o
 .data          0x00802000        0x0 src/ASF/common/services/serial/usart_serial.o
 .data          0x00802000        0x0 src/ASF/common/services/sleepmgr/xmega/sleepmgr.o
 .data          0x00802000        0x0 src/ASF/common/services/usb/class/cdc/device/udi_cdc.o
 .data          0x00802000        0x0 src/ASF/common/services/usb/class/cdc/device/udi_cdc_desc.o
 .data          0x00802000        0x0 src/ASF/common/services/usb/udc/udc.o
 .data          0x00802000        0x0 src/ASF/xmega/drivers/cpu/ccp.o
 .data          0x00802000        0x0 src/ASF/xmega/drivers/nvm/nvm.o
 .data          0x00802000        0x0 src/ASF/xmega/drivers/nvm/nvm_asm.o
 .data          0x00802000        0x0 src/ASF/xmega/drivers/rtc/rtc.o
 .data          0x00802000        0x0 src/ASF/xmega/drivers/usart/usart.o
 .data          0x00802000        0x0 src/ASF/xmega/drivers/usb/usb_device.o
 .data          0x00802000        0x0 src/DomOctopus/drivers/bluetooth.o
 .data          0x00802000        0x0 src/DomOctopus/drivers/DomOctopus.o
 .data          0x00802000        0x0 src/DomOctopus/drivers/leds.o
 .data          0x00802000        0x0 src/DomOctopus/drivers/switch.o
 .data          0x00802000        0x0 src/DomOctopus/drivers/usb_serial.o
 .data          0x00802000        0x0 src/main.o
 .data          0x00802000        0x0 c:/program files (x86)/atmel/atmel toolchain/avr8 gcc/native/3.4.1056/avr8-gnu-toolchain/bin/../lib/gcc/avr/4.8.1/../../../../avr/lib/avrxmega2\libm.a(divsf3.o)
 .data          0x00802000        0x0 c:/program files (x86)/atmel/atmel toolchain/avr8 gcc/native/3.4.1056/avr8-gnu-toolchain/bin/../lib/gcc/avr/4.8.1/../../../../avr/lib/avrxmega2\libm.a(divsf3x.o)
 .data          0x00802000        0x0 c:/program files (x86)/atmel/atmel toolchain/avr8 gcc/native/3.4.1056/avr8-gnu-toolchain/bin/../lib/gcc/avr/4.8.1/../../../../avr/lib/avrxmega2\libm.a(fixsfdi.o)
 .data          0x00802000        0x0 c:/program files (x86)/atmel/atmel toolchain/avr8 gcc/native/3.4.1056/avr8-gnu-toolchain/bin/../lib/gcc/avr/4.8.1/../../../../avr/lib/avrxmega2\libm.a(floatundisf.o)
 .data          0x00802000        0x0 c:/program files (x86)/atmel/atmel toolchain/avr8 gcc/native/3.4.1056/avr8-gnu-toolchain/bin/../lib/gcc/avr/4.8.1/../../../../avr/lib/avrxmega2\libm.a(fp_inf.o)
 .data          0x00802000        0x0 c:/program files (x86)/atmel/atmel toolchain/avr8 gcc/native/3.4.1056/avr8-gnu-toolchain/bin/../lib/gcc/avr/4.8.1/../../../../avr/lib/avrxmega2\libm.a(fp_nan.o)
 .data          0x00802000        0x0 c:/program files (x86)/atmel/atmel toolchain/avr8 gcc/native/3.4.1056/avr8-gnu-toolchain/bin/../lib/gcc/avr/4.8.1/../../../../avr/lib/avrxmega2\libm.a(fp_negdi.o)
 .data          0x00802000        0x0 c:/program files (x86)/atmel/atmel toolchain/avr8 gcc/native/3.4.1056/avr8-gnu-toolchain/bin/../lib/gcc/avr/4.8.1/../../../../avr/lib/avrxmega2\libm.a(fp_pscA.o)
 .data          0x00802000        0x0 c:/program files (x86)/atmel/atmel toolchain/avr8 gcc/native/3.4.1056/avr8-gnu-toolchain/bin/../lib/gcc/avr/4.8.1/../../../../avr/lib/avrxmega2\libm.a(fp_pscB.o)
 .data          0x00802000        0x0 c:/program files (x86)/atmel/atmel toolchain/avr8 gcc/native/3.4.1056/avr8-gnu-toolchain/bin/../lib/gcc/avr/4.8.1/../../../../avr/lib/avrxmega2\libm.a(fp_round.o)
 .data          0x00802000        0x0 c:/program files (x86)/atmel/atmel toolchain/avr8 gcc/native/3.4.1056/avr8-gnu-toolchain/bin/../lib/gcc/avr/4.8.1/../../../../avr/lib/avrxmega2\libm.a(fp_split3.o)
 .data          0x00802000        0x0 c:/program files (x86)/atmel/atmel toolchain/avr8 gcc/native/3.4.1056/avr8-gnu-toolchain/bin/../lib/gcc/avr/4.8.1/../../../../avr/lib/avrxmega2\libm.a(fp_zero.o)
 .data          0x00802000        0x0 c:/program files (x86)/atmel/atmel toolchain/avr8 gcc/native/3.4.1056/avr8-gnu-toolchain/bin/../lib/gcc/avr/4.8.1/avrxmega2\libgcc.a(_udivmodhi4.o)
 .data          0x00802000        0x0 c:/program files (x86)/atmel/atmel toolchain/avr8 gcc/native/3.4.1056/avr8-gnu-toolchain/bin/../lib/gcc/avr/4.8.1/avrxmega2\libgcc.a(_udivmodsi4.o)
 .data          0x00802000        0x0 c:/program files (x86)/atmel/atmel toolchain/avr8 gcc/native/3.4.1056/avr8-gnu-toolchain/bin/../lib/gcc/avr/4.8.1/avrxmega2\libgcc.a(_exit.o)
 .data          0x00802000        0x0 c:/program files (x86)/atmel/atmel toolchain/avr8 gcc/native/3.4.1056/avr8-gnu-toolchain/bin/../lib/gcc/avr/4.8.1/avrxmega2\libgcc.a(_tablejump.o)
 .data          0x00802000        0x0 c:/program files (x86)/atmel/atmel toolchain/avr8 gcc/native/3.4.1056/avr8-gnu-toolchain/bin/../lib/gcc/avr/4.8.1/avrxmega2\libgcc.a(_copy_data.o)
 .data          0x00802000        0x0 c:/program files (x86)/atmel/atmel toolchain/avr8 gcc/native/3.4.1056/avr8-gnu-toolchain/bin/../lib/gcc/avr/4.8.1/avrxmega2\libgcc.a(_clear_bss.o)
 .data          0x00802000        0x0 c:/program files (x86)/atmel/atmel toolchain/avr8 gcc/native/3.4.1056/avr8-gnu-toolchain/bin/../lib/gcc/avr/4.8.1/avrxmega2\libgcc.a(_muldi3.o)
 .data          0x00802000        0x0 c:/program files (x86)/atmel/atmel toolchain/avr8 gcc/native/3.4.1056/avr8-gnu-toolchain/bin/../lib/gcc/avr/4.8.1/avrxmega2\libgcc.a(_muldi3_6.o)
 .data          0x00802000        0x0 c:/program files (x86)/atmel/atmel toolchain/avr8 gcc/native/3.4.1056/avr8-gnu-toolchain/bin/../lib/gcc/avr/4.8.1/avrxmega2\libgcc.a(_umulhisi3.o)
 .data          0x00802000        0x0 c:/program files (x86)/atmel/atmel toolchain/avr8 gcc/native/3.4.1056/avr8-gnu-toolchain/bin/../lib/gcc/avr/4.8.1/../../../../avr/lib/avrxmega2\libc.a(memcpy.o)
 .data          0x00802000        0x0 c:/program files (x86)/atmel/atmel toolchain/avr8 gcc/native/3.4.1056/avr8-gnu-toolchain/bin/../lib/gcc/avr/4.8.1/../../../../avr/lib/avrxmega2\libc.a(iob.o)
 .data          0x00802000        0x0 c:/program files (x86)/atmel/atmel toolchain/avr8 gcc/native/3.4.1056/avr8-gnu-toolchain/bin/../lib/gcc/avr/4.8.1/../../../../avr/lib/avrxmega2\libc.a(scanf.o)
 .data          0x00802000        0x0 c:/program files (x86)/atmel/atmel toolchain/avr8 gcc/native/3.4.1056/avr8-gnu-toolchain/bin/../lib/gcc/avr/4.8.1/../../../../avr/lib/avrxmega2\libc.a(sprintf.o)
 .data          0x00802000        0x0 c:/program files (x86)/atmel/atmel toolchain/avr8 gcc/native/3.4.1056/avr8-gnu-toolchain/bin/../lib/gcc/avr/4.8.1/../../../../avr/lib/avrxmega2\libc.a(vfprintf_std.o)
 .data          0x00802000        0x0 c:/program files (x86)/atmel/atmel toolchain/avr8 gcc/native/3.4.1056/avr8-gnu-toolchain/bin/../lib/gcc/avr/4.8.1/../../../../avr/lib/avrxmega2\libc.a(vfscanf_std.o)
 .data          0x00802000        0x0 c:/program files (x86)/atmel/atmel toolchain/avr8 gcc/native/3.4.1056/avr8-gnu-toolchain/bin/../lib/gcc/avr/4.8.1/../../../../avr/lib/avrxmega2\libc.a(isspace.o)
 .data          0x00802000        0x0 c:/program files (x86)/atmel/atmel toolchain/avr8 gcc/native/3.4.1056/avr8-gnu-toolchain/bin/../lib/gcc/avr/4.8.1/../../../../avr/lib/avrxmega2\libc.a(strchr_P.o)
 .data          0x00802000        0x0 c:/program files (x86)/atmel/atmel toolchain/avr8 gcc/native/3.4.1056/avr8-gnu-toolchain/bin/../lib/gcc/avr/4.8.1/../../../../avr/lib/avrxmega2\libc.a(strnlen_P.o)
 .data          0x00802000        0x0 c:/program files (x86)/atmel/atmel toolchain/avr8 gcc/native/3.4.1056/avr8-gnu-toolchain/bin/../lib/gcc/avr/4.8.1/../../../../avr/lib/avrxmega2\libc.a(strnlen.o)
 .data          0x00802000        0x0 c:/program files (x86)/atmel/atmel toolchain/avr8 gcc/native/3.4.1056/avr8-gnu-toolchain/bin/../lib/gcc/avr/4.8.1/../../../../avr/lib/avrxmega2\libc.a(fgetc.o)
 .data          0x00802000        0x0 c:/program files (x86)/atmel/atmel toolchain/avr8 gcc/native/3.4.1056/avr8-gnu-toolchain/bin/../lib/gcc/avr/4.8.1/../../../../avr/lib/avrxmega2\libc.a(fputc.o)
 .data          0x00802000        0x0 c:/program files (x86)/atmel/atmel toolchain/avr8 gcc/native/3.4.1056/avr8-gnu-toolchain/bin/../lib/gcc/avr/4.8.1/../../../../avr/lib/avrxmega2\libc.a(ungetc.o)
 .data          0x00802000        0x0 c:/program files (x86)/atmel/atmel toolchain/avr8 gcc/native/3.4.1056/avr8-gnu-toolchain/bin/../lib/gcc/avr/4.8.1/../../../../avr/lib/avrxmega2\libc.a(ultoa_invert.o)
 .data          0x00802000        0x0 c:/program files (x86)/atmel/atmel toolchain/avr8 gcc/native/3.4.1056/avr8-gnu-toolchain/bin/../lib/gcc/avr/4.8.1/../../../../avr/lib/avrxmega2\libc.a(cty_isfalse.o)
 .data          0x00802000        0x0 c:/program files (x86)/atmel/atmel toolchain/avr8 gcc/native/3.4.1056/avr8-gnu-toolchain/bin/../lib/gcc/avr/4.8.1/avrxmega2\libgcc.a(_prologue.o)
 .data          0x00802000        0x0 c:/program files (x86)/atmel/atmel toolchain/avr8 gcc/native/3.4.1056/avr8-gnu-toolchain/bin/../lib/gcc/avr/4.8.1/avrxmega2\libgcc.a(_epilogue.o)
 *(.data*)
 .data.udi_api_cdc_data
                0x00802000        0xa src/ASF/common/services/usb/class/cdc/device/udi_cdc.o
                0x00802000                udi_api_cdc_data
 .data.udi_api_cdc_comm
                0x0080200a        0xa src/ASF/common/services/usb/class/cdc/device/udi_cdc.o
                0x0080200a                udi_api_cdc_comm
 .data.udc_config
                0x00802014        0x6 src/ASF/common/services/usb/class/cdc/device/udi_cdc_desc.o
                0x00802014                udc_config
 .data.udc_config_fs
                0x0080201a        0x4 src/ASF/common/services/usb/class/cdc/device/udi_cdc_desc.o
                0x0080201a                udc_config_fs
 .data.udi_apis
                0x0080201e        0x4 src/ASF/common/services/usb/class/cdc/device/udi_cdc_desc.o
                0x0080201e                udi_apis
 .data.udc_desc_fs
                0x00802022       0x44 src/ASF/common/services/usb/class/cdc/device/udi_cdc_desc.o
                0x00802022                udc_desc_fs
 .data.udc_device_desc
                0x00802066       0x12 src/ASF/common/services/usb/class/cdc/device/udi_cdc_desc.o
                0x00802066                udc_device_desc
 .data.udc_string_desc_languageid
                0x00802078        0x4 src/ASF/common/services/usb/udc/udc.o
 .data.usart_options.5698
                0x0080207c        0x7 src/DomOctopus/drivers/bluetooth.o
 .data.mystdout
                0x00802083        0xe src/DomOctopus/drivers/bluetooth.o
 *(.rodata)
 *(.rodata*)
 .rodata.str1.1
                0x00802091        0x6 src/main.o
 *(.gnu.linkonce.d*)
                0x00802098                . = ALIGN (0x2)
 *fill*         0x00802097        0x1 
                0x00802098                _edata = .
                0x00802098                PROVIDE (__data_end, .)

.bss            0x00802098      0x287
                0x00802098                PROVIDE (__bss_start, .)
 *(.bss)
 *(.bss*)
 .bss.sof_zlp_counter.4824
                0x00802098        0x2 src/ASF/common/services/usb/class/cdc/device/udi_cdc.o
 .bss.udi_cdc_tx_both_buf_to_send
                0x0080209a        0x1 src/ASF/common/services/usb/class/cdc/device/udi_cdc.o
 .bss.udi_cdc_tx_trans_ongoing
                0x0080209b        0x1 src/ASF/common/services/usb/class/cdc/device/udi_cdc.o
 .bss.udi_cdc_tx_sof_num
                0x0080209c        0x2 src/ASF/common/services/usb/class/cdc/device/udi_cdc.o
 .bss.udi_cdc_tx_buf_sel
                0x0080209e        0x1 src/ASF/common/services/usb/class/cdc/device/udi_cdc.o
 .bss.udi_cdc_tx_buf_nb
                0x0080209f        0x4 src/ASF/common/services/usb/class/cdc/device/udi_cdc.o
 *fill*         0x008020a3        0x1 
 .bss.udi_cdc_tx_buf
                0x008020a4       0x80 src/ASF/common/services/usb/class/cdc/device/udi_cdc.o
 .bss.udi_cdc_rx_trans_ongoing
                0x00802124        0x1 src/ASF/common/services/usb/class/cdc/device/udi_cdc.o
 .bss.udi_cdc_rx_pos
                0x00802125        0x2 src/ASF/common/services/usb/class/cdc/device/udi_cdc.o
 .bss.udi_cdc_rx_buf_sel
                0x00802127        0x1 src/ASF/common/services/usb/class/cdc/device/udi_cdc.o
 .bss.udi_cdc_rx_buf_nb
                0x00802128        0x4 src/ASF/common/services/usb/class/cdc/device/udi_cdc.o
 .bss.udi_cdc_rx_buf
                0x0080212c       0x80 src/ASF/common/services/usb/class/cdc/device/udi_cdc.o
 .bss.udi_cdc_data_running
                0x008021ac        0x1 src/ASF/common/services/usb/class/cdc/device/udi_cdc.o
 .bss.udi_cdc_nb_data_enabled
                0x008021ad        0x1 src/ASF/common/services/usb/class/cdc/device/udi_cdc.o
 .bss.udi_cdc_nb_comm_enabled
                0x008021ae        0x1 src/ASF/common/services/usb/class/cdc/device/udi_cdc.o
 *fill*         0x008021af        0x1 
 .bss.uid_cdc_state_msg
                0x008021b0        0xa src/ASF/common/services/usb/class/cdc/device/udi_cdc.o
 .bss.udi_cdc_state
                0x008021ba        0x2 src/ASF/common/services/usb/class/cdc/device/udi_cdc.o
 .bss.udi_cdc_line_coding
                0x008021bc        0x7 src/ASF/common/services/usb/class/cdc/device/udi_cdc.o
 .bss.udc_ep_status.4528
                0x008021c3        0x2 src/ASF/common/services/usb/udc/udc.o
 .bss.udc_iface_setting.4585
                0x008021c5        0x1 src/ASF/common/services/usb/udc/udc.o
 .bss.udc_ptr_iface
                0x008021c6        0x2 src/ASF/common/services/usb/udc/udc.o
 .bss.udc_ptr_conf
                0x008021c8        0x2 src/ASF/common/services/usb/udc/udc.o
 .bss.udc_num_configuration
                0x008021ca        0x1 src/ASF/common/services/usb/udc/udc.o
 .bss.udc_device_status
                0x008021cb        0x2 src/ASF/common/services/usb/udc/udc.o
 .bss.b_shortpacket.5233
                0x008021cd        0x1 src/ASF/xmega/drivers/usb/usb_device.o
 .bss.udd_ep_out_cache_buffer
                0x008021ce       0x80 src/ASF/xmega/drivers/usb/usb_device.o
 .bss.udd_ep_job
                0x0080224e       0x24 src/ASF/xmega/drivers/usb/usb_device.o
 .bss.udd_ctrl_buffer
                0x00802272       0x40 src/ASF/xmega/drivers/usb/usb_device.o
 .bss.udd_ctrl_payload_nb_trans
                0x008022b2        0x2 src/ASF/xmega/drivers/usb/usb_device.o
 .bss.udd_ctrl_prev_payload_nb_trans
                0x008022b4        0x2 src/ASF/xmega/drivers/usb/usb_device.o
 .bss.udd_ep_control_state
                0x008022b6        0x1 src/ASF/xmega/drivers/usb/usb_device.o
 *fill*         0x008022b7        0x1 
 .bss.udd_sram  0x008022b8       0x40 src/ASF/xmega/drivers/usb/usb_device.o
 .bss.udd_b_idle
                0x008022f8        0x1 src/ASF/xmega/drivers/usb/usb_device.o
 .bss.FlagDimmer
                0x008022f9        0x2 src/main.o
                0x008022f9                FlagDimmer
 *(COMMON)
 COMMON         0x008022fb        0x6 src/ASF/common/services/sleepmgr/xmega/sleepmgr.o
                0x008022fb                sleepmgr_locks
 COMMON         0x00802301        0x8 src/ASF/xmega/drivers/rtc/rtc.o
                0x00802301                rtc_data
 COMMON         0x00802309       0x10 src/ASF/xmega/drivers/usb/usb_device.o
                0x00802309                udd_g_ctrlreq
 COMMON         0x00802319        0x6 c:/program files (x86)/atmel/atmel toolchain/avr8 gcc/native/3.4.1056/avr8-gnu-toolchain/bin/../lib/gcc/avr/4.8.1/../../../../avr/lib/avrxmega2\libc.a(iob.o)
                0x00802319                __iob
                0x0080231f                PROVIDE (__bss_end, .)
                0x0000331a                __data_load_start = LOADADDR (.data)
                0x000033b2                __data_load_end = (__data_load_start + SIZEOF (.data))

.noinit         0x0080231f        0x0
                0x0080231f                PROVIDE (__noinit_start, .)
 *(.noinit*)
                0x0080231f                PROVIDE (__noinit_end, .)
                0x0080231f                _end = .
                0x0080231f                PROVIDE (__heap_start, .)

.eeprom         0x00810000        0x0
 *(.eeprom*)
                0x00810000                __eeprom_end = .

.fuse
 *(.fuse)
 *(.lfuse)
 *(.hfuse)
 *(.efuse)

.lock
 *(.lock*)

.signature
 *(.signature*)

.user_signatures
 *(.user_signatures*)

.stab
 *(.stab)

.stabstr
 *(.stabstr)

.stab.excl
 *(.stab.excl)

.stab.exclstr
 *(.stab.exclstr)

.stab.index
 *(.stab.index)

.stab.indexstr
 *(.stab.indexstr)

.comment        0x00000000       0x5c
 *(.comment)
 .comment       0x00000000       0x30 src/ASF/common/boards/user_board/init.o
                                 0x31 (size before relaxing)
 .comment       0x00000000       0x31 src/ASF/common/services/clock/xmega/sysclk.o
 .comment       0x00000000       0x31 src/ASF/common/services/ioport/xmega/ioport_compat.o
 .comment       0x00000000       0x31 src/ASF/common/services/serial/usart_serial.o
 .comment       0x00000000       0x31 src/ASF/common/services/sleepmgr/xmega/sleepmgr.o
 .comment       0x00000000       0x31 src/ASF/common/services/usb/class/cdc/device/udi_cdc.o
 .comment       0x00000000       0x31 src/ASF/common/services/usb/class/cdc/device/udi_cdc_desc.o
 .comment       0x00000000       0x31 src/ASF/common/services/usb/udc/udc.o
 .comment       0x00000000       0x31 src/ASF/xmega/drivers/nvm/nvm.o
 .comment       0x00000000       0x31 src/ASF/xmega/drivers/rtc/rtc.o
 .comment       0x00000000       0x31 src/ASF/xmega/drivers/usart/usart.o
 .comment       0x00000000       0x31 src/ASF/xmega/drivers/usb/usb_device.o
 .comment       0x00000000       0x31 src/DomOctopus/drivers/bluetooth.o
 .comment       0x00000000       0x31 src/DomOctopus/drivers/DomOctopus.o
 .comment       0x00000000       0x31 src/DomOctopus/drivers/leds.o
 .comment       0x00000000       0x31 src/DomOctopus/drivers/switch.o
 .comment       0x00000000       0x31 src/DomOctopus/drivers/usb_serial.o
 .comment       0x00000000       0x31 src/main.o
 .comment       0x00000000       0x31 c:/program files (x86)/atmel/atmel toolchain/avr8 gcc/native/3.4.1056/avr8-gnu-toolchain/bin/../lib/gcc/avr/4.8.1/../../../../avr/lib/avrxmega2\libc.a(iob.o)
 .comment       0x00000000       0x31 c:/program files (x86)/atmel/atmel toolchain/avr8 gcc/native/3.4.1056/avr8-gnu-toolchain/bin/../lib/gcc/avr/4.8.1/../../../../avr/lib/avrxmega2\libc.a(scanf.o)
 .comment       0x00000000       0x31 c:/program files (x86)/atmel/atmel toolchain/avr8 gcc/native/3.4.1056/avr8-gnu-toolchain/bin/../lib/gcc/avr/4.8.1/../../../../avr/lib/avrxmega2\libc.a(sprintf.o)
 .comment       0x00000030       0x2c c:/program files (x86)/atmel/atmel toolchain/avr8 gcc/native/3.4.1056/avr8-gnu-toolchain/bin/../lib/gcc/avr/4.8.1/../../../../avr/lib/avrxmega2\libc.a(vfprintf_std.o)
                                 0x2d (size before relaxing)
 .comment       0x00000000       0x2d c:/program files (x86)/atmel/atmel toolchain/avr8 gcc/native/3.4.1056/avr8-gnu-toolchain/bin/../lib/gcc/avr/4.8.1/../../../../avr/lib/avrxmega2\libc.a(vfscanf_std.o)
 .comment       0x00000000       0x31 c:/program files (x86)/atmel/atmel toolchain/avr8 gcc/native/3.4.1056/avr8-gnu-toolchain/bin/../lib/gcc/avr/4.8.1/../../../../avr/lib/avrxmega2\libc.a(fgetc.o)
 .comment       0x00000000       0x31 c:/program files (x86)/atmel/atmel toolchain/avr8 gcc/native/3.4.1056/avr8-gnu-toolchain/bin/../lib/gcc/avr/4.8.1/../../../../avr/lib/avrxmega2\libc.a(fputc.o)
 .comment       0x00000000       0x31 c:/program files (x86)/atmel/atmel toolchain/avr8 gcc/native/3.4.1056/avr8-gnu-toolchain/bin/../lib/gcc/avr/4.8.1/../../../../avr/lib/avrxmega2\libc.a(ungetc.o)

.note.gnu.build-id
 *(.note.gnu.build-id)

.debug
 *(.debug)

.line
 *(.line)

.debug_srcinfo
 *(.debug_srcinfo)

.debug_sfnames
 *(.debug_sfnames)

.debug_aranges  0x00000000      0x748
 *(.debug_aranges)
 .debug_aranges
                0x00000000       0x20 src/ASF/common/boards/user_board/init.o
 .debug_aranges
                0x00000020       0x40 src/ASF/common/services/clock/xmega/sysclk.o
 .debug_aranges
                0x00000060       0x18 src/ASF/common/services/ioport/xmega/ioport_compat.o
 .debug_aranges
                0x00000078       0x28 src/ASF/common/services/serial/usart_serial.o
 .debug_aranges
                0x000000a0       0x18 src/ASF/common/services/sleepmgr/xmega/sleepmgr.o
 .debug_aranges
                0x000000b8      0x168 src/ASF/common/services/usb/class/cdc/device/udi_cdc.o
 .debug_aranges
                0x00000220       0x18 src/ASF/common/services/usb/class/cdc/device/udi_cdc_desc.o
 .debug_aranges
                0x00000238       0x70 src/ASF/common/services/usb/udc/udc.o
 .debug_aranges
                0x000002a8       0x20 src/ASF/xmega/drivers/cpu/ccp.o
 .debug_aranges
                0x000002c8       0xc0 src/ASF/xmega/drivers/nvm/nvm.o
 .debug_aranges
                0x00000388       0x28 src/ASF/xmega/drivers/nvm/nvm_asm.o
 .debug_aranges
                0x000003b0       0x50 src/ASF/xmega/drivers/rtc/rtc.o
 .debug_aranges
                0x00000400       0x58 src/ASF/xmega/drivers/usart/usart.o
 .debug_aranges
                0x00000458      0x120 src/ASF/xmega/drivers/usb/usb_device.o
 .debug_aranges
                0x00000578       0xb0 src/DomOctopus/drivers/bluetooth.o
 .debug_aranges
                0x00000628       0x20 src/DomOctopus/drivers/DomOctopus.o
 .debug_aranges
                0x00000648       0x50 src/DomOctopus/drivers/leds.o
 .debug_aranges
                0x00000698       0x28 src/DomOctopus/drivers/switch.o
 .debug_aranges
                0x000006c0       0x50 src/DomOctopus/drivers/usb_serial.o
 .debug_aranges
                0x00000710       0x38 src/main.o

.debug_pubnames
 *(.debug_pubnames)

.debug_info     0x00000000     0xed54
 *(.debug_info .gnu.linkonce.wi.*)
 .debug_info    0x00000000      0x13a src/ASF/common/boards/user_board/init.o
 .debug_info    0x0000013a      0xcf8 src/ASF/common/services/clock/xmega/sysclk.o
 .debug_info    0x00000e32       0x6f src/ASF/common/services/ioport/xmega/ioport_compat.o
 .debug_info    0x00000ea1      0x393 src/ASF/common/services/serial/usart_serial.o
 .debug_info    0x00001234      0x121 src/ASF/common/services/sleepmgr/xmega/sleepmgr.o
 .debug_info    0x00001355     0x17d9 src/ASF/common/services/usb/class/cdc/device/udi_cdc.o
 .debug_info    0x00002b2e      0x7bd src/ASF/common/services/usb/class/cdc/device/udi_cdc_desc.o
 .debug_info    0x000032eb     0x10f3 src/ASF/common/services/usb/udc/udc.o
 .debug_info    0x000043de       0x9b src/ASF/xmega/drivers/cpu/ccp.o
 .debug_info    0x00004479     0x13ae src/ASF/xmega/drivers/nvm/nvm.o
 .debug_info    0x00005827       0x9b src/ASF/xmega/drivers/nvm/nvm_asm.o
 .debug_info    0x000058c2      0x6bd src/ASF/xmega/drivers/rtc/rtc.o
 .debug_info    0x00005f7f     0x2d92 src/ASF/xmega/drivers/usart/usart.o
 .debug_info    0x00008d11     0x1e1c src/ASF/xmega/drivers/usb/usb_device.o
 .debug_info    0x0000ab2d     0x1256 src/DomOctopus/drivers/bluetooth.o
 .debug_info    0x0000bd83      0x6af src/DomOctopus/drivers/DomOctopus.o
 .debug_info    0x0000c432      0xd90 src/DomOctopus/drivers/leds.o
 .debug_info    0x0000d1c2      0x500 src/DomOctopus/drivers/switch.o
 .debug_info    0x0000d6c2      0x619 src/DomOctopus/drivers/usb_serial.o
 .debug_info    0x0000dcdb     0x1079 src/main.o

.debug_abbrev   0x00000000     0x2e5c
 *(.debug_abbrev)
 .debug_abbrev  0x00000000       0xa8 src/ASF/common/boards/user_board/init.o
 .debug_abbrev  0x000000a8      0x2cf src/ASF/common/services/clock/xmega/sysclk.o
 .debug_abbrev  0x00000377       0x29 src/ASF/common/services/ioport/xmega/ioport_compat.o
 .debug_abbrev  0x000003a0      0x18b src/ASF/common/services/serial/usart_serial.o
 .debug_abbrev  0x0000052b       0x80 src/ASF/common/services/sleepmgr/xmega/sleepmgr.o
 .debug_abbrev  0x000005ab      0x39f src/ASF/common/services/usb/class/cdc/device/udi_cdc.o
 .debug_abbrev  0x0000094a       0xfe src/ASF/common/services/usb/class/cdc/device/udi_cdc_desc.o
 .debug_abbrev  0x00000a48      0x3af src/ASF/common/services/usb/udc/udc.o
 .debug_abbrev  0x00000df7       0x14 src/ASF/xmega/drivers/cpu/ccp.o
 .debug_abbrev  0x00000e0b      0x3ed src/ASF/xmega/drivers/nvm/nvm.o
 .debug_abbrev  0x000011f8       0x12 src/ASF/xmega/drivers/nvm/nvm_asm.o
 .debug_abbrev  0x0000120a      0x2b3 src/ASF/xmega/drivers/rtc/rtc.o
 .debug_abbrev  0x000014bd      0x3e8 src/ASF/xmega/drivers/usart/usart.o
 .debug_abbrev  0x000018a5      0x5b2 src/ASF/xmega/drivers/usb/usb_device.o
 .debug_abbrev  0x00001e57      0x3b2 src/DomOctopus/drivers/bluetooth.o
 .debug_abbrev  0x00002209      0x1d0 src/DomOctopus/drivers/DomOctopus.o
 .debug_abbrev  0x000023d9      0x285 src/DomOctopus/drivers/leds.o
 .debug_abbrev  0x0000265e      0x1ef src/DomOctopus/drivers/switch.o
 .debug_abbrev  0x0000284d      0x28c src/DomOctopus/drivers/usb_serial.o
 .debug_abbrev  0x00002ad9      0x383 src/main.o

.debug_line     0x00000000     0xb622
 *(.debug_line .debug_line.* .debug_line_end)
 .debug_line    0x00000000      0x8b8 src/ASF/common/boards/user_board/init.o
 .debug_line    0x000008b8      0x74a src/ASF/common/services/clock/xmega/sysclk.o
 .debug_line    0x00001002      0x424 src/ASF/common/services/ioport/xmega/ioport_compat.o
 .debug_line    0x00001426      0x5f6 src/ASF/common/services/serial/usart_serial.o
 .debug_line    0x00001a1c      0x430 src/ASF/common/services/sleepmgr/xmega/sleepmgr.o
 .debug_line    0x00001e4c      0xe43 src/ASF/common/services/usb/class/cdc/device/udi_cdc.o
 .debug_line    0x00002c8f      0x4a1 src/ASF/common/services/usb/class/cdc/device/udi_cdc_desc.o
 .debug_line    0x00003130      0xa67 src/ASF/common/services/usb/udc/udc.o
 .debug_line    0x00003b97       0x6e src/ASF/xmega/drivers/cpu/ccp.o
 .debug_line    0x00003c05      0xb37 src/ASF/xmega/drivers/nvm/nvm.o
 .debug_line    0x0000473c      0x11f src/ASF/xmega/drivers/nvm/nvm_asm.o
 .debug_line    0x0000485b      0x736 src/ASF/xmega/drivers/rtc/rtc.o
 .debug_line    0x00004f91      0xba2 src/ASF/xmega/drivers/usart/usart.o
 .debug_line    0x00005b33     0x1494 src/ASF/xmega/drivers/usb/usb_device.o
 .debug_line    0x00006fc7      0xe14 src/DomOctopus/drivers/bluetooth.o
 .debug_line    0x00007ddb      0xa0f src/DomOctopus/drivers/DomOctopus.o
 .debug_line    0x000087ea      0xbfd src/DomOctopus/drivers/leds.o
 .debug_line    0x000093e7      0xa8a src/DomOctopus/drivers/switch.o
 .debug_line    0x00009e71      0xba4 src/DomOctopus/drivers/usb_serial.o
 .debug_line    0x0000aa15      0xc0d src/main.o

.debug_frame    0x00000000     0x1404
 *(.debug_frame)
 .debug_frame   0x00000000       0x24 src/ASF/common/boards/user_board/init.o
 .debug_frame   0x00000024       0x74 src/ASF/common/services/clock/xmega/sysclk.o
 .debug_frame   0x00000098       0x74 src/ASF/common/services/serial/usart_serial.o
 .debug_frame   0x0000010c      0x380 src/ASF/common/services/usb/class/cdc/device/udi_cdc.o
 .debug_frame   0x0000048c      0x120 src/ASF/common/services/usb/udc/udc.o
 .debug_frame   0x000005ac      0x340 src/ASF/xmega/drivers/nvm/nvm.o
 .debug_frame   0x000008ec       0xb0 src/ASF/xmega/drivers/rtc/rtc.o
 .debug_frame   0x0000099c      0x148 src/ASF/xmega/drivers/usart/usart.o
 .debug_frame   0x00000ae4      0x3d0 src/ASF/xmega/drivers/usb/usb_device.o
 .debug_frame   0x00000eb4      0x22c src/DomOctopus/drivers/bluetooth.o
 .debug_frame   0x000010e0       0x24 src/DomOctopus/drivers/DomOctopus.o
 .debug_frame   0x00001104       0xc8 src/DomOctopus/drivers/leds.o
 .debug_frame   0x000011cc       0x34 src/DomOctopus/drivers/switch.o
 .debug_frame   0x00001200       0xe4 src/DomOctopus/drivers/usb_serial.o
 .debug_frame   0x000012e4      0x120 src/main.o

.debug_str      0x00000000    0x30373
 *(.debug_str)
 .debug_str     0x00000000    0x2807e src/ASF/common/boards/user_board/init.o
                              0x28704 (size before relaxing)
 .debug_str     0x0002807e      0x812 src/ASF/common/services/clock/xmega/sysclk.o
                              0x24a35 (size before relaxing)
 .debug_str     0x00028890      0x3c9 src/ASF/common/services/ioport/xmega/ioport_compat.o
                              0x234f2 (size before relaxing)
 .debug_str     0x00028c59      0x206 src/ASF/common/services/serial/usart_serial.o
                              0x24306 (size before relaxing)
 .debug_str     0x00028e5f       0x96 src/ASF/common/services/sleepmgr/xmega/sleepmgr.o
                              0x233c4 (size before relaxing)
 .debug_str     0x00028ef5      0xf0a src/ASF/common/services/usb/class/cdc/device/udi_cdc.o
                              0x279cd (size before relaxing)
 .debug_str     0x00029dff      0x5e8 src/ASF/common/services/usb/class/cdc/device/udi_cdc_desc.o
                              0x27063 (size before relaxing)
 .debug_str     0x0002a3e7      0x743 src/ASF/common/services/usb/udc/udc.o
                              0x2613a (size before relaxing)
 .debug_str     0x0002ab2a      0x57d src/ASF/xmega/drivers/nvm/nvm.o
                              0x23aee (size before relaxing)
 .debug_str     0x0002b0a7      0x375 src/ASF/xmega/drivers/rtc/rtc.o
                              0x24996 (size before relaxing)
 .debug_str     0x0002b41c      0xc99 src/ASF/xmega/drivers/usart/usart.o
                              0x2549a (size before relaxing)
 .debug_str     0x0002c0b5     0x3506 src/ASF/xmega/drivers/usb/usb_device.o
                              0x2abd1 (size before relaxing)
 .debug_str     0x0002f5bb      0xaf7 src/DomOctopus/drivers/bluetooth.o
                              0x29a26 (size before relaxing)
 .debug_str     0x000300b2       0x5e src/DomOctopus/drivers/DomOctopus.o
                              0x29099 (size before relaxing)
 .debug_str     0x00030110       0x73 src/DomOctopus/drivers/leds.o
                              0x29301 (size before relaxing)
 .debug_str     0x00030183       0x4a src/DomOctopus/drivers/switch.o
                              0x2907f (size before relaxing)
 .debug_str     0x000301cd       0x8d src/DomOctopus/drivers/usb_serial.o
                              0x29222 (size before relaxing)
 .debug_str     0x0003025a      0x119 src/main.o
                              0x29678 (size before relaxing)

.debug_loc      0x00000000     0x609a
 *(.debug_loc)
 .debug_loc     0x00000000      0x39a src/ASF/common/services/clock/xmega/sysclk.o
 .debug_loc     0x0000039a      0x280 src/ASF/common/services/serial/usart_serial.o
 .debug_loc     0x0000061a      0xddc src/ASF/common/services/usb/class/cdc/device/udi_cdc.o
 .debug_loc     0x000013f6      0x4f1 src/ASF/common/services/usb/udc/udc.o
 .debug_loc     0x000018e7     0x113c src/ASF/xmega/drivers/nvm/nvm.o
 .debug_loc     0x00002a23       0xe8 src/ASF/xmega/drivers/rtc/rtc.o
 .debug_loc     0x00002b0b      0xfcf src/ASF/xmega/drivers/usart/usart.o
 .debug_loc     0x00003ada      0xfa4 src/ASF/xmega/drivers/usb/usb_device.o
 .debug_loc     0x00004a7e      0x882 src/DomOctopus/drivers/bluetooth.o
 .debug_loc     0x00005300      0x51d src/DomOctopus/drivers/leds.o
 .debug_loc     0x0000581d       0x58 src/DomOctopus/drivers/switch.o
 .debug_loc     0x00005875      0x2d7 src/DomOctopus/drivers/usb_serial.o
 .debug_loc     0x00005b4c      0x54e src/main.o

.debug_macinfo
 *(.debug_macinfo)

.debug_weaknames
 *(.debug_weaknames)

.debug_funcnames
 *(.debug_funcnames)

.debug_typenames
 *(.debug_typenames)

.debug_varnames
 *(.debug_varnames)

.debug_pubtypes
 *(.debug_pubtypes)

.debug_ranges   0x00000000      0x680
 *(.debug_ranges)
 .debug_ranges  0x00000000       0x10 src/ASF/common/boards/user_board/init.o
 .debug_ranges  0x00000010       0x30 src/ASF/common/services/clock/xmega/sysclk.o
 .debug_ranges  0x00000040       0x18 src/ASF/common/services/serial/usart_serial.o
 .debug_ranges  0x00000058      0x158 src/ASF/common/services/usb/class/cdc/device/udi_cdc.o
 .debug_ranges  0x000001b0       0x60 src/ASF/common/services/usb/udc/udc.o
 .debug_ranges  0x00000210       0xc8 src/ASF/xmega/drivers/nvm/nvm.o
 .debug_ranges  0x000002d8       0x20 src/ASF/xmega/drivers/nvm/nvm_asm.o
 .debug_ranges  0x000002f8       0x40 src/ASF/xmega/drivers/rtc/rtc.o
 .debug_ranges  0x00000338       0x80 src/ASF/xmega/drivers/usart/usart.o
 .debug_ranges  0x000003b8      0x128 src/ASF/xmega/drivers/usb/usb_device.o
 .debug_ranges  0x000004e0       0xa0 src/DomOctopus/drivers/bluetooth.o
 .debug_ranges  0x00000580       0x10 src/DomOctopus/drivers/DomOctopus.o
 .debug_ranges  0x00000590       0x40 src/DomOctopus/drivers/leds.o
 .debug_ranges  0x000005d0       0x18 src/DomOctopus/drivers/switch.o
 .debug_ranges  0x000005e8       0x40 src/DomOctopus/drivers/usb_serial.o
 .debug_ranges  0x00000628       0x58 src/main.o

.debug_macro    0x00000000     0xc483
 *(.debug_macro)
 .debug_macro   0x00000000      0x340 src/ASF/common/boards/user_board/init.o
 .debug_macro   0x00000340      0xa36 src/ASF/common/boards/user_board/init.o
 .debug_macro   0x00000d76       0x10 src/ASF/common/boards/user_board/init.o
 .debug_macro   0x00000d86      0x1ad src/ASF/common/boards/user_board/init.o
 .debug_macro   0x00000f33      0x293 src/ASF/common/boards/user_board/init.o
 .debug_macro   0x000011c6       0x9e src/ASF/common/boards/user_board/init.o
 .debug_macro   0x00001264     0x5486 src/ASF/common/boards/user_board/init.o
 .debug_macro   0x000066ea       0x9a src/ASF/common/boards/user_board/init.o
 .debug_macro   0x00006784       0xf1 src/ASF/common/boards/user_board/init.o
 .debug_macro   0x00006875       0x34 src/ASF/common/boards/user_board/init.o
 .debug_macro   0x000068a9       0x10 src/ASF/common/boards/user_board/init.o
 .debug_macro   0x000068b9       0x18 src/ASF/common/boards/user_board/init.o
 .debug_macro   0x000068d1       0x5e src/ASF/common/boards/user_board/init.o
 .debug_macro   0x0000692f       0x10 src/ASF/common/boards/user_board/init.o
 .debug_macro   0x0000693f       0x22 src/ASF/common/boards/user_board/init.o
 .debug_macro   0x00006961      0x166 src/ASF/common/boards/user_board/init.o
 .debug_macro   0x00006ac7       0x1c src/ASF/common/boards/user_board/init.o
 .debug_macro   0x00006ae3       0x35 src/ASF/common/boards/user_board/init.o
 .debug_macro   0x00006b18       0x66 src/ASF/common/boards/user_board/init.o
 .debug_macro   0x00006b7e      0x476 src/ASF/common/boards/user_board/init.o
 .debug_macro   0x00006ff4       0x97 src/ASF/common/boards/user_board/init.o
 .debug_macro   0x0000708b       0x17 src/ASF/common/boards/user_board/init.o
 .debug_macro   0x000070a2      0x250 src/ASF/common/boards/user_board/init.o
 .debug_macro   0x000072f2       0x76 src/ASF/common/boards/user_board/init.o
 .debug_macro   0x00007368       0x16 src/ASF/common/boards/user_board/init.o
 .debug_macro   0x0000737e      0x6e0 src/ASF/common/boards/user_board/init.o
 .debug_macro   0x00007a5e       0x10 src/ASF/common/boards/user_board/init.o
 .debug_macro   0x00007a6e      0x175 src/ASF/common/boards/user_board/init.o
 .debug_macro   0x00007be3       0x40 src/ASF/common/boards/user_board/init.o
 .debug_macro   0x00007c23       0x69 src/ASF/common/boards/user_board/init.o
 .debug_macro   0x00007c8c       0x32 src/ASF/common/boards/user_board/init.o
 .debug_macro   0x00007cbe       0xe4 src/ASF/common/boards/user_board/init.o
 .debug_macro   0x00007da2       0x34 src/ASF/common/boards/user_board/init.o
 .debug_macro   0x00007dd6       0x34 src/ASF/common/boards/user_board/init.o
 .debug_macro   0x00007e0a      0x229 src/ASF/common/boards/user_board/init.o
 .debug_macro   0x00008033       0x66 src/ASF/common/boards/user_board/init.o
 .debug_macro   0x00008099       0x2f src/ASF/common/boards/user_board/init.o
 .debug_macro   0x000080c8      0x154 src/ASF/common/boards/user_board/init.o
 .debug_macro   0x0000821c       0x28 src/ASF/common/boards/user_board/init.o
 .debug_macro   0x00008244       0x22 src/ASF/common/boards/user_board/init.o
 .debug_macro   0x00008266       0x7c src/ASF/common/boards/user_board/init.o
 .debug_macro   0x000082e2       0x26 src/ASF/common/boards/user_board/init.o
 .debug_macro   0x00008308       0x1c src/ASF/common/boards/user_board/init.o
 .debug_macro   0x00008324       0x5e src/ASF/common/boards/user_board/init.o
 .debug_macro   0x00008382       0x10 src/ASF/common/boards/user_board/init.o
 .debug_macro   0x00008392       0x3a src/ASF/common/boards/user_board/init.o
 .debug_macro   0x000083cc      0x225 src/ASF/common/boards/user_board/init.o
 .debug_macro   0x000085f1       0x84 src/ASF/common/boards/user_board/init.o
 .debug_macro   0x00008675       0xf0 src/ASF/common/boards/user_board/init.o
 .debug_macro   0x00008765      0x241 src/ASF/common/boards/user_board/init.o
 .debug_macro   0x000089a6      0x17e src/ASF/common/boards/user_board/init.o
 .debug_macro   0x00008b24       0x16 src/ASF/common/boards/user_board/init.o
 .debug_macro   0x00008b3a       0x1c src/ASF/common/boards/user_board/init.o
 .debug_macro   0x00008b56      0x190 src/ASF/common/boards/user_board/init.o
 .debug_macro   0x00008ce6      0x1e6 src/ASF/common/services/clock/xmega/sysclk.o
 .debug_macro   0x00008ecc      0x18f src/ASF/common/services/ioport/xmega/ioport_compat.o
 .debug_macro   0x0000905b      0x109 src/ASF/common/services/ioport/xmega/ioport_compat.o
 .debug_macro   0x00009164      0x21e src/ASF/common/services/serial/usart_serial.o
 .debug_macro   0x00009382       0x34 src/ASF/common/services/serial/usart_serial.o
 .debug_macro   0x000093b6      0x1a3 src/ASF/common/services/sleepmgr/xmega/sleepmgr.o
 .debug_macro   0x00009559      0x299 src/ASF/common/services/usb/class/cdc/device/udi_cdc.o
 .debug_macro   0x000097f2       0x7e src/ASF/common/services/usb/class/cdc/device/udi_cdc.o
 .debug_macro   0x00009870       0x16 src/ASF/common/services/usb/class/cdc/device/udi_cdc.o
 .debug_macro   0x00009886      0x20a src/ASF/common/services/usb/class/cdc/device/udi_cdc_desc.o
 .debug_macro   0x00009a90      0x1f6 src/ASF/common/services/usb/udc/udc.o
 .debug_macro   0x00009c86      0x198 src/ASF/xmega/drivers/nvm/nvm.o
 .debug_macro   0x00009e1e      0x232 src/ASF/xmega/drivers/rtc/rtc.o
 .debug_macro   0x0000a050      0x219 src/ASF/xmega/drivers/usart/usart.o
 .debug_macro   0x0000a269      0x299 src/ASF/xmega/drivers/usart/usart.o
 .debug_macro   0x0000a502      0x2ca src/ASF/xmega/drivers/usb/usb_device.o
 .debug_macro   0x0000a7cc      0x467 src/ASF/xmega/drivers/usb/usb_device.o
 .debug_macro   0x0000ac33      0x3b8 src/DomOctopus/drivers/bluetooth.o
 .debug_macro   0x0000afeb       0x58 src/DomOctopus/drivers/bluetooth.o
 .debug_macro   0x0000b043       0x10 src/DomOctopus/drivers/bluetooth.o
 .debug_macro   0x0000b053       0xeb src/DomOctopus/drivers/bluetooth.o
 .debug_macro   0x0000b13e       0x22 src/DomOctopus/drivers/bluetooth.o
 .debug_macro   0x0000b160       0x10 src/DomOctopus/drivers/bluetooth.o
 .debug_macro   0x0000b170       0x40 src/DomOctopus/drivers/bluetooth.o
 .debug_macro   0x0000b1b0       0x22 src/DomOctopus/drivers/bluetooth.o
 .debug_macro   0x0000b1d2      0x3ad src/DomOctopus/drivers/DomOctopus.o
 .debug_macro   0x0000b57f       0x10 src/DomOctopus/drivers/DomOctopus.o
 .debug_macro   0x0000b58f      0x3ad src/DomOctopus/drivers/leds.o
 .debug_macro   0x0000b93c      0x3b8 src/DomOctopus/drivers/switch.o
 .debug_macro   0x0000bcf4      0x3b8 src/DomOctopus/drivers/usb_serial.o
 .debug_macro   0x0000c0ac      0x3d7 src/main.o
OUTPUT(DomoctopusBase-v1.elf elf32-avr)
LOAD linker stubs
