Archive member included because of file (symbol)

c:/program files (x86)/atmel/atmel toolchain/avr8 gcc/native/3.4.1056/avr8-gnu-toolchain/bin/../lib/gcc/avr/4.8.1/avrxmega2\libgcc.a(_udivmodhi4.o)
                              src/ASF/xmega/drivers/usb/usb_device.o (__udivmodhi4)
c:/program files (x86)/atmel/atmel toolchain/avr8 gcc/native/3.4.1056/avr8-gnu-toolchain/bin/../lib/gcc/avr/4.8.1/avrxmega2\libgcc.a(_udivmodsi4.o)
                              src/ASF/xmega/drivers/usart/usart.o (__udivmodsi4)
c:/program files (x86)/atmel/atmel toolchain/avr8 gcc/native/3.4.1056/avr8-gnu-toolchain/bin/../lib/gcc/avr/4.8.1/avrxmega2\libgcc.a(_exit.o)
                              c:/program files (x86)/atmel/atmel toolchain/avr8 gcc/native/3.4.1056/avr8-gnu-toolchain/bin/../lib/gcc/avr/4.8.1/../../../../avr/lib/avrxmega2/crtx32a4u.o (exit)
c:/program files (x86)/atmel/atmel toolchain/avr8 gcc/native/3.4.1056/avr8-gnu-toolchain/bin/../lib/gcc/avr/4.8.1/avrxmega2\libgcc.a(_tablejump.o)
                              src/ASF/xmega/drivers/usb/usb_device.o (__tablejump2__)
c:/program files (x86)/atmel/atmel toolchain/avr8 gcc/native/3.4.1056/avr8-gnu-toolchain/bin/../lib/gcc/avr/4.8.1/avrxmega2\libgcc.a(_copy_data.o)
                              src/OctopusBot/drivers/bluetooth.o (__do_copy_data)
c:/program files (x86)/atmel/atmel toolchain/avr8 gcc/native/3.4.1056/avr8-gnu-toolchain/bin/../lib/gcc/avr/4.8.1/avrxmega2\libgcc.a(_clear_bss.o)
                              src/ASF/xmega/drivers/rtc/rtc.o (__do_clear_bss)
c:/program files (x86)/atmel/atmel toolchain/avr8 gcc/native/3.4.1056/avr8-gnu-toolchain/bin/../lib/gcc/avr/4.8.1/avrxmega2\libgcc.a(_umulhisi3.o)
                              src/ASF/xmega/services/pwm/pwm.o (__umulhisi3)
c:/program files (x86)/atmel/atmel toolchain/avr8 gcc/native/3.4.1056/avr8-gnu-toolchain/bin/../lib/gcc/avr/4.8.1/avrxmega2\libgcc.a(_muldi3.o)
                              src/OctopusBot/drivers/leds.o (__muldi3)
c:/program files (x86)/atmel/atmel toolchain/avr8 gcc/native/3.4.1056/avr8-gnu-toolchain/bin/../lib/gcc/avr/4.8.1/avrxmega2\libgcc.a(_muldi3_6.o)
                              c:/program files (x86)/atmel/atmel toolchain/avr8 gcc/native/3.4.1056/avr8-gnu-toolchain/bin/../lib/gcc/avr/4.8.1/avrxmega2\libgcc.a(_muldi3.o) (__muldi3_6)
c:/program files (x86)/atmel/atmel toolchain/avr8 gcc/native/3.4.1056/avr8-gnu-toolchain/bin/../lib/gcc/avr/4.8.1/../../../../avr/lib/avrxmega2\libm.a(divsf3.o)
                              src/OctopusBot/drivers/leds.o (__divsf3)
c:/program files (x86)/atmel/atmel toolchain/avr8 gcc/native/3.4.1056/avr8-gnu-toolchain/bin/../lib/gcc/avr/4.8.1/../../../../avr/lib/avrxmega2\libm.a(divsf3x.o)
                              c:/program files (x86)/atmel/atmel toolchain/avr8 gcc/native/3.4.1056/avr8-gnu-toolchain/bin/../lib/gcc/avr/4.8.1/../../../../avr/lib/avrxmega2\libm.a(divsf3.o) (__divsf3x)
c:/program files (x86)/atmel/atmel toolchain/avr8 gcc/native/3.4.1056/avr8-gnu-toolchain/bin/../lib/gcc/avr/4.8.1/../../../../avr/lib/avrxmega2\libm.a(fixsfdi.o)
                              src/OctopusBot/drivers/leds.o (__fixunssfdi)
c:/program files (x86)/atmel/atmel toolchain/avr8 gcc/native/3.4.1056/avr8-gnu-toolchain/bin/../lib/gcc/avr/4.8.1/../../../../avr/lib/avrxmega2\libm.a(fixunssfsi.o)
                              src/OctopusBot/drivers/PWM.o (__fixunssfsi)
c:/program files (x86)/atmel/atmel toolchain/avr8 gcc/native/3.4.1056/avr8-gnu-toolchain/bin/../lib/gcc/avr/4.8.1/../../../../avr/lib/avrxmega2\libm.a(floatsisf.o)
                              src/OctopusBot/drivers/PWM.o (__floatunsisf)
c:/program files (x86)/atmel/atmel toolchain/avr8 gcc/native/3.4.1056/avr8-gnu-toolchain/bin/../lib/gcc/avr/4.8.1/../../../../avr/lib/avrxmega2\libm.a(floatundisf.o)
                              src/OctopusBot/drivers/leds.o (__floatundisf)
c:/program files (x86)/atmel/atmel toolchain/avr8 gcc/native/3.4.1056/avr8-gnu-toolchain/bin/../lib/gcc/avr/4.8.1/../../../../avr/lib/avrxmega2\libm.a(fp_inf.o)
                              c:/program files (x86)/atmel/atmel toolchain/avr8 gcc/native/3.4.1056/avr8-gnu-toolchain/bin/../lib/gcc/avr/4.8.1/../../../../avr/lib/avrxmega2\libm.a(divsf3x.o) (__fp_inf)
c:/program files (x86)/atmel/atmel toolchain/avr8 gcc/native/3.4.1056/avr8-gnu-toolchain/bin/../lib/gcc/avr/4.8.1/../../../../avr/lib/avrxmega2\libm.a(fp_nan.o)
                              c:/program files (x86)/atmel/atmel toolchain/avr8 gcc/native/3.4.1056/avr8-gnu-toolchain/bin/../lib/gcc/avr/4.8.1/../../../../avr/lib/avrxmega2\libm.a(divsf3x.o) (__fp_nan)
c:/program files (x86)/atmel/atmel toolchain/avr8 gcc/native/3.4.1056/avr8-gnu-toolchain/bin/../lib/gcc/avr/4.8.1/../../../../avr/lib/avrxmega2\libm.a(fp_negdi.o)
                              c:/program files (x86)/atmel/atmel toolchain/avr8 gcc/native/3.4.1056/avr8-gnu-toolchain/bin/../lib/gcc/avr/4.8.1/../../../../avr/lib/avrxmega2\libm.a(fixsfdi.o) (__fp_negdi)
[...]
Memory Configuration

Name             Origin             Length             Attributes
text             0x00000000         0x00100000         xr
data             0x00802000         0x0000ffa0         rw !x
eeprom           0x00810000         0x00010000         rw !x
fuse             0x00820000         0x00000400         rw !x
lock             0x00830000         0x00000400         rw !x
signature        0x00840000         0x00000400         rw !x
user_signatures  0x00850000         0x00000400         rw !x
*default*        0x00000000         0xffffffff

Linker script and memory map

LOAD c:/program files (x86)/atmel/atmel toolchain/avr8 gcc/native/3.4.1056/avr8-gnu-toolchain/bin/../lib/gcc/avr/4.8.1/../../../../avr/lib/avrxmega2/crtx32a4u.o
LOAD src/ASF/xmega/drivers/rtc/rtc.o
LOAD src/OctopusBot/drivers/bluetooth.o
LOAD src/OctopusBot/drivers/leds.o
LOAD src/OctopusBot/drivers/motors.o
LOAD src/OctopusBot/drivers/OctopusBot.o
LOAD src/OctopusBot/drivers/PWM.o
LOAD src/OctopusBot/drivers/switch.o
LOAD src/OctopusBot/drivers/usb_serial.o
LOAD src/ASF/common/services/clock/xmega/sysclk.o
LOAD src/ASF/common/services/ioport/xmega/ioport_compat.o
LOAD src/ASF/common/services/serial/usart_serial.o
LOAD src/ASF/common/services/sleepmgr/xmega/sleepmgr.o
LOAD src/ASF/common/services/usb/class/cdc/device/udi_cdc.o
LOAD src/ASF/common/services/usb/class/cdc/device/udi_cdc_desc.o
LOAD src/ASF/common/services/usb/udc/udc.o
LOAD src/ASF/xmega/drivers/cpu/ccp.o
LOAD src/ASF/xmega/drivers/nvm/nvm.o
LOAD src/ASF/xmega/drivers/nvm/nvm_asm.o
LOAD src/ASF/xmega/drivers/tc/tc.o
LOAD src/ASF/xmega/drivers/usart/usart.o
LOAD src/ASF/xmega/drivers/usb/usb_device.o
LOAD src/ASF/xmega/services/pwm/pwm.o
LOAD src/main.o
LOAD src/ASF/common/boards/user_board/init.o
START GROUP
END GROUP
START GROUP
LOAD c:/program files (x86)/atmel/atmel toolchain/avr8 gcc/native/3.4.1056/avr8-gnu-toolchain/bin/../lib/gcc/avr/4.8.1/avrxmega2\libgcc.a
LOAD c:/program files (x86)/atmel/atmel toolchain/avr8 gcc/native/3.4.1056/avr8-gnu-toolchain/bin/../lib/gcc/avr/4.8.1/../../../../avr/lib/avrxmega2\libm.a
LOAD c:/program files (x86)/atmel/atmel toolchain/avr8 gcc/native/3.4.1056/avr8-gnu-toolchain/bin/../lib/gcc/avr/4.8.1/../../../../avr/lib/avrxmega2\libc.a
END GROUP

.hash
 *(.hash)

.dynsym
 *(.dynsym)

.dynstr
 *(.dynstr)

.gnu.version
 *(.gnu.version)

.gnu.version_d
 *(.gnu.version_d)

.gnu.version_r
 *(.gnu.version_r)

.rel.init
 *(.rel.init)

.rela.init
 *(.rela.init)

.rel.text
 *(.rel.text)
 *(.rel.text.*)
 *(.rel.gnu.linkonce.t*)

.rela.text
 *(.rela.text)
 *(.rela.text.*)
 *(.rela.gnu.linkonce.t*)

.rel.fini
 *(.rel.fini)

.rela.fini
 *(.rela.fini)

.rel.rodata
 *(.rel.rodata)
 *(.rel.rodata.*)
 *(.rel.gnu.linkonce.r*)

.rela.rodata
 *(.rela.rodata)
 *(.rela.rodata.*)
 *(.rela.gnu.linkonce.r*)

.rel.data
 *(.rel.data)
 *(.rel.data.*)
 *(.rel.gnu.linkonce.d*)

.rela.data
 *(.rela.data)
 *(.rela.data.*)
 *(.rela.gnu.linkonce.d*)

.rel.ctors
 *(.rel.ctors)

.rela.ctors
 *(.rela.ctors)

.rel.dtors
 *(.rel.dtors)

.rela.dtors
 *(.rela.dtors)

.rel.got
 *(.rel.got)

.rela.got
 *(.rela.got)

.rel.bss
 *(.rel.bss)

.rela.bss
 *(.rela.bss)

.rel.plt
 *(.rel.plt)

.rela.plt
 *(.rela.plt)

.text           0x00000000     0x41b8
 *(.vectors)
 .vectors       0x00000000      0x1fc c:/program files (x86)/atmel/atmel toolchain/avr8 gcc/native/3.4.1056/avr8-gnu-toolchain/bin/../lib/gcc/avr/4.8.1/../../../../avr/lib/avrxmega2/crtx32a4u.o
                0x00000000                __vector_default
                0x00000000                __vectors
 *(.vectors)
 *(.progmem.gcc*)
 .progmem.gcc_sw_table.udd_ep_get_size
                0x000001fc        0xe src/ASF/xmega/drivers/usb/usb_device.o
                0x0000020a                . = ALIGN (0x2)
                0x0000020a                __trampolines_start = .
 *(.trampolines)
 .trampolines   0x0000020a        0x0 linker stubs
 *(.trampolines*)
                0x0000020a                __trampolines_end = .
 *(.progmem*)
 .progmem.data  0x0000020a        0xc c:/program files (x86)/atmel/atmel toolchain/avr8 gcc/native/3.4.1056/avr8-gnu-toolchain/bin/../lib/gcc/avr/4.8.1/../../../../avr/lib/avrxmega2\libc.a(vfscanf_std.o)
                0x00000216                . = ALIGN (0x2)
 *(.jumptables)
 *(.jumptables*)
 *(.lowtext)
 *(.lowtext*)
                0x00000216                __ctors_start = .
 *(.ctors)
                0x00000216                __ctors_end = .
                0x00000216                __dtors_start = .
 *(.dtors)
                0x00000216                __dtors_end = .
 SORT(*)(.ctors)
 SORT(*)(.dtors)
 *(.init0)
 .init0         0x00000216        0x0 c:/program files (x86)/atmel/atmel toolchain/avr8 gcc/native/3.4.1056/avr8-gnu-toolchain/bin/../lib/gcc/avr/4.8.1/../../../../avr/lib/avrxmega2/crtx32a4u.o
                0x00000216                __init
 *(.init0)
 *(.init1)
 *(.init1)
 *(.init2)
 .init2         0x00000216        0xc c:/program files (x86)/atmel/atmel toolchain/avr8 gcc/native/3.4.1056/avr8-gnu-toolchain/bin/../lib/gcc/avr/4.8.1/../../../../avr/lib/avrxmega2/crtx32a4u.o
 *(.init2)
 *(.init3)
 *(.init3)
 *(.init4)
 .init4         0x00000222       0x16 c:/program files (x86)/atmel/atmel toolchain/avr8 gcc/native/3.4.1056/avr8-gnu-toolchain/bin/../lib/gcc/avr/4.8.1/avrxmega2\libgcc.a(_copy_data.o)
                0x00000222                __do_copy_data
 .init4         0x00000238       0x10 c:/program files (x86)/atmel/atmel toolchain/avr8 gcc/native/3.4.1056/avr8-gnu-toolchain/bin/../lib/gcc/avr/4.8.1/avrxmega2\libgcc.a(_clear_bss.o)
                0x00000238                __do_clear_bss
 *(.init4)
 *(.init5)
 *(.init5)
 *(.init6)
 *(.init6)
 *(.init7)
 *(.init7)
 *(.init8)
 *(.init8)
 *(.init9)
 .init9         0x00000248        0x8 c:/program files (x86)/atmel/atmel toolchain/avr8 gcc/native/3.4.1056/avr8-gnu-toolchain/bin/../lib/gcc/avr/4.8.1/../../../../avr/lib/avrxmega2/crtx32a4u.o
 *(.init9)
 *(.text)
 .text          0x00000250        0x2 c:/program files (x86)/atmel/atmel toolchain/avr8 gcc/native/3.4.1056/avr8-gnu-toolchain/bin/../lib/gcc/avr/4.8.1/../../../../avr/lib/avrxmega2/crtx32a4u.o
                0x00000250                __vector_38
                0x00000250                __vector_104
                0x00000250                __vector_63
                0x00000250                __vector_28
                0x00000250                __vector_67
                0x00000250                __vector_1
                0x00000250                __vector_119
                0x00000250                __vector_32
                0x00000250                __vector_75
                0x00000250                __vector_71
                0x00000250                __vector_91
                0x00000250                __vector_34
                0x00000250                __vector_62
                0x00000250                __vector_102
                0x00000250                __vector_24
                0x00000250                __vector_12
                0x00000250                __vector_55
                0x00000250                __vector_69
                0x00000250                __vector_90
                0x00000250                __vector_46
                0x00000250                __bad_interrupt
                0x00000250                __vector_122
                0x00000250                __vector_72
                0x00000250                __vector_114
                0x00000250                __vector_6
                0x00000250                __vector_110
                0x00000250                __vector_31
                0x00000250                __vector_92
                0x00000250                __vector_35
                0x00000250                __vector_74
                0x00000250                __vector_117
                0x00000250                __vector_39
                0x00000250                __vector_107
                0x00000250                __vector_3
                0x00000250                __vector_105
                0x00000250                __vector_98
                0x00000250                __vector_68
                0x00000250                __vector_30
                0x00000250                __vector_73
                0x00000250                __vector_45
                0x00000250                __vector_25
                0x00000250                __vector_93
                0x00000250                __vector_61
                0x00000250                __vector_54
                0x00000250                __vector_99
                0x00000250                __vector_13
                0x00000250                __vector_56
                0x00000250                __vector_7
                0x00000250                __vector_123
                0x00000250                __vector_41
                0x00000250                __vector_100
                0x00000250                __vector_101
                0x00000250                __vector_109
                0x00000250                __vector_43
                0x00000250                __vector_27
                0x00000250                __vector_5
                0x00000250                __vector_113
                0x00000250                __vector_33
                0x00000250                __vector_76
                0x00000250                __vector_115
                0x00000250                __vector_37
                0x00000250                __vector_95
                0x00000250                __vector_103
                0x00000250                __vector_96
                0x00000250                __vector_89
                0x00000250                __vector_108
                0x00000250                __vector_4
                0x00000250                __vector_44
                0x00000250                __vector_106
                0x00000250                __vector_118
                0x00000250                __vector_9
                0x00000250                __vector_66
                0x00000250                __vector_36
                0x00000250                __vector_58
                0x00000250                __vector_70
                0x00000250                __vector_29
                0x00000250                __vector_60
                0x00000250                __vector_121
                0x00000250                __vector_40
                0x00000250                __vector_94
                0x00000250                __vector_8
                0x00000250                __vector_26
                0x00000250                __vector_124
                0x00000250                __vector_116
                0x00000250                __vector_112
                0x00000250                __vector_111
                0x00000250                __vector_57
                0x00000250                __vector_53
                0x00000250                __vector_59
                0x00000250                __vector_97
                0x00000250                __vector_42
                0x00000250                __vector_87
                0x00000250                __vector_65
                0x00000250                __vector_120
                0x00000252                . = ALIGN (0x2)
 *(.text.*)
 .text.rtc_init
                0x00000252       0x34 src/ASF/xmega/drivers/rtc/rtc.o
                0x00000252                rtc_init
 .text.__vector_10
                0x00000286       0x32 src/ASF/xmega/drivers/rtc/rtc.o
                0x00000286                __vector_10
 .text.bluetooth_init
                0x000002b8       0x82 src/OctopusBot/drivers/bluetooth.o
                0x000002b8                bluetooth_init
 .text.bluetooth_putchar
                0x0000033a        0xc src/OctopusBot/drivers/bluetooth.o
                0x0000033a                bluetooth_putchar
 .text.bluetooth_putchar_printf
                0x00000346       0x18 src/OctopusBot/drivers/bluetooth.o
                0x00000346                bluetooth_putchar_printf
 .text.bluetooth_getchar
                0x0000035e        0xa src/OctopusBot/drivers/bluetooth.o
                0x0000035e                bluetooth_getchar
 .text.bluetooth_getchar_scanf
                0x00000368       0x1c src/OctopusBot/drivers/bluetooth.o
                0x00000368                bluetooth_getchar_scanf
 .text.bluetooth_is_rx_complete
                0x00000384       0x18 src/OctopusBot/drivers/bluetooth.o
                0x00000384                bluetooth_is_rx_complete
 .text.leds_init
                0x0000039c       0x16 src/OctopusBot/drivers/leds.o
                0x0000039c                leds_init
 .text.led1     0x000003b2       0x30 src/OctopusBot/drivers/leds.o
                0x000003b2                led1
 .text.led2     0x000003e2       0x30 src/OctopusBot/drivers/leds.o
                0x000003e2                led2
 .text.led3     0x00000412       0x30 src/OctopusBot/drivers/leds.o
                0x00000412                led3
 .text.led4     0x00000442       0x30 src/OctopusBot/drivers/leds.o
                0x00000442                led4
 .text.animation
                0x00000472      0x45e src/OctopusBot/drivers/leds.o
                0x00000472                animation
 .text.init_octopus
                0x000008d0        0xa src/OctopusBot/drivers/OctopusBot.o
                0x000008d0                init_octopus
 .text.switch_init
                0x000008da        0xe src/OctopusBot/drivers/switch.o
                0x000008da                switch_init
 .text.sysclk_init
                0x000008e8       0xea src/ASF/common/services/clock/xmega/sysclk.o
                0x000008e8                sysclk_init
 .text.sysclk_enable_module
                0x000009d2       0x16 src/ASF/common/services/clock/xmega/sysclk.o
                0x000009d2                sysclk_enable_module
 .text.udi_cdc_comm_enable
                0x000009e8       0x70 src/ASF/common/services/usb/class/cdc/device/udi_cdc.o
                0x000009e8                udi_cdc_comm_enable
 .text.udi_cdc_comm_disable
                0x00000a58        0xc src/ASF/common/services/usb/class/cdc/device/udi_cdc.o
                0x00000a58                udi_cdc_comm_disable
 .text.udi_cdc_data_disable
                0x00000a64       0x14 src/ASF/common/services/usb/class/cdc/device/udi_cdc.o
                0x00000a64                udi_cdc_data_disable
 .text.udi_cdc_data_setup
                0x00000a78        0x4 src/ASF/common/services/usb/class/cdc/device/udi_cdc.o
                0x00000a78                udi_cdc_data_setup
 .text.udi_cdc_getsetting
                0x00000a7c        0x4 src/ASF/common/services/usb/class/cdc/device/udi_cdc.o
                0x00000a7c                udi_cdc_getsetting
 .text.udi_cdc_comm_setup
                0x00000a80       0xa0 src/ASF/common/services/usb/class/cdc/device/udi_cdc.o
                0x00000a80                udi_cdc_comm_setup
 .text.udi_cdc_line_coding_received
                0x00000b20        0x2 src/ASF/common/services/usb/class/cdc/device/udi_cdc.o
 .text.udi_cdc_tx_send
                0x00000b22      0x156 src/ASF/common/services/usb/class/cdc/device/udi_cdc.o
 .text.udi_cdc_data_sent
                0x00000c78       0x30 src/ASF/common/services/usb/class/cdc/device/udi_cdc.o
 .text.udi_cdc_data_sof_notify
                0x00000ca8        0x6 src/ASF/common/services/usb/class/cdc/device/udi_cdc.o
                0x00000ca8                udi_cdc_data_sof_notify
 .text.udi_cdc_multi_get_nb_received_data
                0x00000cae       0x26 src/ASF/common/services/usb/class/cdc/device/udi_cdc.o
                0x00000cae                udi_cdc_multi_get_nb_received_data
 .text.udi_cdc_multi_is_rx_ready
                0x00000cd4        0xe src/ASF/common/services/usb/class/cdc/device/udi_cdc.o
                0x00000cd4                udi_cdc_multi_is_rx_ready
 .text.udi_cdc_rx_start
                0x00000ce2       0x8e src/ASF/common/services/usb/class/cdc/device/udi_cdc.o
 .text.udi_cdc_data_enable
                0x00000d70       0x64 src/ASF/common/services/usb/class/cdc/device/udi_cdc.o
                0x00000d70                udi_cdc_data_enable
 .text.udi_cdc_data_received
                0x00000dd4       0x62 src/ASF/common/services/usb/class/cdc/device/udi_cdc.o
 .text.udc_next_desc_in_iface
                0x00000e36       0x6a src/ASF/common/services/usb/udc/udc.o
 .text.udc_valid_address
                0x00000ea0        0xc src/ASF/common/services/usb/udc/udc.o
 .text.udc_update_iface_desc
                0x00000eac       0x74 src/ASF/common/services/usb/udc/udc.o
 .text.udc_iface_disable
                0x00000f20       0x84 src/ASF/common/services/usb/udc/udc.o
 .text.udc_iface_enable
                0x00000fa4       0x66 src/ASF/common/services/usb/udc/udc.o
 .text.udc_reset
                0x0000100a       0x4e src/ASF/common/services/usb/udc/udc.o
                0x0000100a                udc_reset
 .text.udc_sof_notify
                0x00001058       0x5e src/ASF/common/services/usb/udc/udc.o
                0x00001058                udc_sof_notify
 .text.udc_process_setup
                0x000010b6      0x50c src/ASF/common/services/usb/udc/udc.o
                0x000010b6                udc_process_setup
 .text.ccp_write_io
                0x000015c2        0xc src/ASF/xmega/drivers/cpu/ccp.o
                0x000015c2                ccp_write_io
 .text.nvm_read_byte
                0x000015ce       0x14 src/ASF/xmega/drivers/nvm/nvm_asm.o
                0x000015ce                nvm_read_byte
 .text.__vector_14
                0x000015e2       0x52 src/ASF/xmega/drivers/tc/tc.o
                0x000015e2                __vector_14
 .text.__vector_15
                0x00001634       0x52 src/ASF/xmega/drivers/tc/tc.o
                0x00001634                __vector_15
 .text.__vector_16
                0x00001686       0x52 src/ASF/xmega/drivers/tc/tc.o
                0x00001686                __vector_16
 .text.__vector_17
                0x000016d8       0x52 src/ASF/xmega/drivers/tc/tc.o
                0x000016d8                __vector_17
 .text.__vector_18
                0x0000172a       0x52 src/ASF/xmega/drivers/tc/tc.o
                0x0000172a                __vector_18
 .text.__vector_19
                0x0000177c       0x52 src/ASF/xmega/drivers/tc/tc.o
                0x0000177c                __vector_19
 .text.__vector_20
                0x000017ce       0x52 src/ASF/xmega/drivers/tc/tc.o
                0x000017ce                __vector_20
 .text.__vector_21
                0x00001820       0x52 src/ASF/xmega/drivers/tc/tc.o
                0x00001820                __vector_21
 .text.__vector_22
                0x00001872       0x52 src/ASF/xmega/drivers/tc/tc.o
                0x00001872                __vector_22
 .text.__vector_23
                0x000018c4       0x52 src/ASF/xmega/drivers/tc/tc.o
                0x000018c4                __vector_23
 .text.__vector_77
                0x00001916       0x52 src/ASF/xmega/drivers/tc/tc.o
                0x00001916                __vector_77
 .text.__vector_78
                0x00001968       0x52 src/ASF/xmega/drivers/tc/tc.o
                0x00001968                __vector_78
 .text.__vector_79
                0x000019ba       0x52 src/ASF/xmega/drivers/tc/tc.o
                0x000019ba                __vector_79
 .text.__vector_80
                0x00001a0c       0x52 src/ASF/xmega/drivers/tc/tc.o
                0x00001a0c                __vector_80
 .text.__vector_81
                0x00001a5e       0x52 src/ASF/xmega/drivers/tc/tc.o
                0x00001a5e                __vector_81
 .text.__vector_82
                0x00001ab0       0x52 src/ASF/xmega/drivers/tc/tc.o
                0x00001ab0                __vector_82
 .text.__vector_83
                0x00001b02       0x52 src/ASF/xmega/drivers/tc/tc.o
                0x00001b02                __vector_83
 .text.__vector_84
                0x00001b54       0x52 src/ASF/xmega/drivers/tc/tc.o
                0x00001b54                __vector_84
 .text.__vector_85
                0x00001ba6       0x52 src/ASF/xmega/drivers/tc/tc.o
                0x00001ba6                __vector_85
 .text.__vector_86
                0x00001bf8       0x52 src/ASF/xmega/drivers/tc/tc.o
                0x00001bf8                __vector_86
 .text.__vector_47
                0x00001c4a       0x52 src/ASF/xmega/drivers/tc/tc.o
                0x00001c4a                __vector_47
 .text.__vector_48
                0x00001c9c       0x52 src/ASF/xmega/drivers/tc/tc.o
                0x00001c9c                __vector_48
 .text.__vector_49
                0x00001cee       0x52 src/ASF/xmega/drivers/tc/tc.o
                0x00001cee                __vector_49
 .text.__vector_50
                0x00001d40       0x52 src/ASF/xmega/drivers/tc/tc.o
                0x00001d40                __vector_50
 .text.__vector_51
                0x00001d92       0x52 src/ASF/xmega/drivers/tc/tc.o
                0x00001d92                __vector_51
 .text.__vector_52
                0x00001de4       0x52 src/ASF/xmega/drivers/tc/tc.o
                0x00001de4                __vector_52
 .text.usart_putchar
                0x00001e36       0x10 src/ASF/xmega/drivers/usart/usart.o
                0x00001e36                usart_putchar
 .text.usart_getchar
                0x00001e46        0xc src/ASF/xmega/drivers/usart/usart.o
                0x00001e46                usart_getchar
 .text.usart_set_baudrate
                0x00001e52      0x214 src/ASF/xmega/drivers/usart/usart.o
                0x00001e52                usart_set_baudrate
 .text.usart_init_rs232
                0x00002066      0x238 src/ASF/xmega/drivers/usart/usart.o
                0x00002066                usart_init_rs232
 .text.udd_sleep_mode
                0x0000229e       0x3e src/ASF/xmega/drivers/usb/usb_device.o
 .text.udd_ctrl_init
                0x000022dc       0x5a src/ASF/xmega/drivers/usb/usb_device.o
 .text.udd_ctrl_stall_data
                0x00002336       0x22 src/ASF/xmega/drivers/usb/usb_device.o
 .text.udd_ctrl_send_zlp_in
                0x00002358       0x22 src/ASF/xmega/drivers/usb/usb_device.o
 .text.udd_ctrl_endofrequest
                0x0000237a       0x10 src/ASF/xmega/drivers/usb/usb_device.o
 .text.udd_ctrl_in_sent
                0x0000238a       0xe6 src/ASF/xmega/drivers/usb/usb_device.o
 .text.udd_ep_get_size
                0x00002470       0x48 src/ASF/xmega/drivers/usb/usb_device.o
 .text.udd_ep_get_job
                0x000024b8       0x36 src/ASF/xmega/drivers/usb/usb_device.o
 .text.udd_ctrl_interrupt_tc_setup
                0x000024ee       0xf0 src/ASF/xmega/drivers/usb/usb_device.o
 .text.udd_ep_trans_complet
                0x000025de      0x21e src/ASF/xmega/drivers/usb/usb_device.o
 .text.udd_is_high_speed
                0x000027fc        0x4 src/ASF/xmega/drivers/usb/usb_device.o
                0x000027fc                udd_is_high_speed
 .text.udd_set_address
                0x00002800        0x6 src/ASF/xmega/drivers/usb/usb_device.o
                0x00002800                udd_set_address
 .text.udd_getaddress
                0x00002806        0x6 src/ASF/xmega/drivers/usb/usb_device.o
                0x00002806                udd_getaddress
 .text.udd_get_frame_number
                0x0000280c        0xa src/ASF/xmega/drivers/usb/usb_device.o
                0x0000280c                udd_get_frame_number
 .text.udd_get_micro_frame_number
                0x00002816        0x6 src/ASF/xmega/drivers/usb/usb_device.o
                0x00002816                udd_get_micro_frame_number
 .text.udd_set_setup_payload
                0x0000281c       0x12 src/ASF/xmega/drivers/usb/usb_device.o
                0x0000281c                udd_set_setup_payload
 .text.udd_ep_alloc
                0x0000282e       0xc2 src/ASF/xmega/drivers/usb/usb_device.o
                0x0000282e                udd_ep_alloc
 .text.udd_ep_is_halted
                0x000028f0       0x36 src/ASF/xmega/drivers/usb/usb_device.o
                0x000028f0                udd_ep_is_halted
 .text.udd_ep_clear_halt
                0x00002926       0x54 src/ASF/xmega/drivers/usb/usb_device.o
                0x00002926                udd_ep_clear_halt
 .text.udd_ep_run
                0x0000297a      0x10e src/ASF/xmega/drivers/usb/usb_device.o
                0x0000297a                udd_ep_run
 .text.udd_ep_abort
                0x00002a88       0x74 src/ASF/xmega/drivers/usb/usb_device.o
                0x00002a88                udd_ep_abort
 .text.udd_ep_free
                0x00002afc       0x3a src/ASF/xmega/drivers/usb/usb_device.o
                0x00002afc                udd_ep_free
 .text.udd_ep_set_halt
                0x00002b36       0x42 src/ASF/xmega/drivers/usb/usb_device.o
                0x00002b36                udd_ep_set_halt
 .text.__vector_125
                0x00002b78      0x17e src/ASF/xmega/drivers/usb/usb_device.o
                0x00002b78                __vector_125
 .text.__vector_126
                0x00002cf6      0x1d6 src/ASF/xmega/drivers/usb/usb_device.o
                0x00002cf6                __vector_126
 .text.__vector_64
                0x00002ecc       0x30 src/main.o
                0x00002ecc                __vector_64
 .text.__vector_2
                0x00002efc       0x88 src/main.o
                0x00002efc                __vector_2
 .text.__vector_11
                0x00002f84       0x58 src/main.o
                0x00002f84                __vector_11
 .text.__vector_88
                0x00002fdc       0x88 src/main.o
                0x00002fdc                __vector_88
 .text.main     0x00003064      0x202 src/main.o
                0x00003064                main
 .text.libgcc.div
                0x00003266       0x28 c:/program files (x86)/atmel/atmel toolchain/avr8 gcc/native/3.4.1056/avr8-gnu-toolchain/bin/../lib/gcc/avr/4.8.1/avrxmega2\libgcc.a(_udivmodhi4.o)
                0x00003266                __udivmodhi4
 .text.libgcc.div
                0x0000328e       0x44 c:/program files (x86)/atmel/atmel toolchain/avr8 gcc/native/3.4.1056/avr8-gnu-toolchain/bin/../lib/gcc/avr/4.8.1/avrxmega2\libgcc.a(_udivmodsi4.o)
                0x0000328e                __udivmodsi4
 .text.libgcc   0x000032d2        0xc c:/program files (x86)/atmel/atmel toolchain/avr8 gcc/native/3.4.1056/avr8-gnu-toolchain/bin/../lib/gcc/avr/4.8.1/avrxmega2\libgcc.a(_tablejump.o)
                0x000032d2                __tablejump2__
                0x000032d6                __tablejump__
 .text.libgcc.mul
                0x000032de       0x1e c:/program files (x86)/atmel/atmel toolchain/avr8 gcc/native/3.4.1056/avr8-gnu-toolchain/bin/../lib/gcc/avr/4.8.1/avrxmega2\libgcc.a(_umulhisi3.o)
                0x000032de                __umulhisi3
 .text.libgcc.mul
                0x000032fc       0x92 c:/program files (x86)/atmel/atmel toolchain/avr8 gcc/native/3.4.1056/avr8-gnu-toolchain/bin/../lib/gcc/avr/4.8.1/avrxmega2\libgcc.a(_muldi3.o)
                0x000032fc                __muldi3
 .text.libgcc.mul
                0x0000338e       0x10 c:/program files (x86)/atmel/atmel toolchain/avr8 gcc/native/3.4.1056/avr8-gnu-toolchain/bin/../lib/gcc/avr/4.8.1/avrxmega2\libgcc.a(_muldi3_6.o)
                0x0000338e                __muldi3_6
 .text.avr-libc.fplib
                0x0000339e        0x4 c:/program files (x86)/atmel/atmel toolchain/avr8 gcc/native/3.4.1056/avr8-gnu-toolchain/bin/../lib/gcc/avr/4.8.1/../../../../avr/lib/avrxmega2\libm.a(divsf3.o)
                0x0000339e                __divsf3
 .text.avr-libc.fplib
                0x000033a2       0xcc c:/program files (x86)/atmel/atmel toolchain/avr8 gcc/native/3.4.1056/avr8-gnu-toolchain/bin/../lib/gcc/avr/4.8.1/../../../../avr/lib/avrxmega2\libm.a(divsf3x.o)
                0x000033b8                __divsf3x
                0x000033bc                __divsf3_pse
 .text.avr-libc.fplib
                0x0000346e       0x74 c:/program files (x86)/atmel/atmel toolchain/avr8 gcc/native/3.4.1056/avr8-gnu-toolchain/bin/../lib/gcc/avr/4.8.1/../../../../avr/lib/avrxmega2\libm.a(fixsfdi.o)
                0x0000346e                __fixsfdi
                0x00003478                __fixunssfdi
 .text.avr-libc.fplib
                0x000034e2       0x7c c:/program files (x86)/atmel/atmel toolchain/avr8 gcc/native/3.4.1056/avr8-gnu-toolchain/bin/../lib/gcc/avr/4.8.1/../../../../avr/lib/avrxmega2\libm.a(floatundisf.o)
                0x000034e2                __floatundisf
                0x000034e4                __fp_di2sf
 .text.avr-libc.fplib
                0x0000355e        0xc c:/program files (x86)/atmel/atmel toolchain/avr8 gcc/native/3.4.1056/avr8-gnu-toolchain/bin/../lib/gcc/avr/4.8.1/../../../../avr/lib/avrxmega2\libm.a(fp_inf.o)
                0x0000355e                __fp_inf
 .text.avr-libc.fplib
                0x0000356a        0x6 c:/program files (x86)/atmel/atmel toolchain/avr8 gcc/native/3.4.1056/avr8-gnu-toolchain/bin/../lib/gcc/avr/4.8.1/../../../../avr/lib/avrxmega2\libm.a(fp_nan.o)
                0x0000356a                __fp_nan
 .text.avr-libc.fplib
                0x00003570       0x20 c:/program files (x86)/atmel/atmel toolchain/avr8 gcc/native/3.4.1056/avr8-gnu-toolchain/bin/../lib/gcc/avr/4.8.1/../../../../avr/lib/avrxmega2\libm.a(fp_negdi.o)
                0x00003570                __fp_negdi
 .text.avr-libc.fplib
                0x00003590        0xe c:/program files (x86)/atmel/atmel toolchain/avr8 gcc/native/3.4.1056/avr8-gnu-toolchain/bin/../lib/gcc/avr/4.8.1/../../../../avr/lib/avrxmega2\libm.a(fp_pscA.o)
                0x00003590                __fp_pscA
 .text.avr-libc.fplib
                0x0000359e        0xe c:/program files (x86)/atmel/atmel toolchain/avr8 gcc/native/3.4.1056/avr8-gnu-toolchain/bin/../lib/gcc/avr/4.8.1/../../../../avr/lib/avrxmega2\libm.a(fp_pscB.o)
                0x0000359e                __fp_pscB
 .text.avr-libc.fplib
                0x000035ac       0x22 c:/program files (x86)/atmel/atmel toolchain/avr8 gcc/native/3.4.1056/avr8-gnu-toolchain/bin/../lib/gcc/avr/4.8.1/../../../../avr/lib/avrxmega2\libm.a(fp_round.o)
                0x000035ac                __fp_round
 .text.avr-libc.fplib
                0x000035ce       0x44 c:/program files (x86)/atmel/atmel toolchain/avr8 gcc/native/3.4.1056/avr8-gnu-toolchain/bin/../lib/gcc/avr/4.8.1/../../../../avr/lib/avrxmega2\libm.a(fp_split3.o)
                0x000035ce                __fp_split3
                0x000035de                __fp_splitA
 .text.avr-libc.fplib
                0x00003612        0xe c:/program files (x86)/atmel/atmel toolchain/avr8 gcc/native/3.4.1056/avr8-gnu-toolchain/bin/../lib/gcc/avr/4.8.1/../../../../avr/lib/avrxmega2\libm.a(fp_zero.o)
                0x00003612                __fp_zero
                0x00003614                __fp_szero
 .text.avr-libc
                0x00003620       0x12 c:/program files (x86)/atmel/atmel toolchain/avr8 gcc/native/3.4.1056/avr8-gnu-toolchain/bin/../lib/gcc/avr/4.8.1/../../../../avr/lib/avrxmega2\libc.a(memcpy.o)
                0x00003620                memcpy
 .text.avr-libc
                0x00003632       0x22 c:/program files (x86)/atmel/atmel toolchain/avr8 gcc/native/3.4.1056/avr8-gnu-toolchain/bin/../lib/gcc/avr/4.8.1/../../../../avr/lib/avrxmega2\libc.a(printf.o)
                0x00003632                printf
 .text.avr-libc
                0x00003654       0x22 c:/program files (x86)/atmel/atmel toolchain/avr8 gcc/native/3.4.1056/avr8-gnu-toolchain/bin/../lib/gcc/avr/4.8.1/../../../../avr/lib/avrxmega2\libc.a(scanf.o)
                0x00003654                scanf
 .text.avr-libc
                0x00003676      0x386 c:/program files (x86)/atmel/atmel toolchain/avr8 gcc/native/3.4.1056/avr8-gnu-toolchain/bin/../lib/gcc/avr/4.8.1/../../../../avr/lib/avrxmega2\libc.a(vfprintf_std.o)
                0x00003676                vfprintf
 .text.avr-libc
                0x000039fc      0x530 c:/program files (x86)/atmel/atmel toolchain/avr8 gcc/native/3.4.1056/avr8-gnu-toolchain/bin/../lib/gcc/avr/4.8.1/../../../../avr/lib/avrxmega2\libc.a(vfscanf_std.o)
                0x00003cda                vfscanf
 .text.avr-libc
                0x00003f2c       0x10 c:/program files (x86)/atmel/atmel toolchain/avr8 gcc/native/3.4.1056/avr8-gnu-toolchain/bin/../lib/gcc/avr/4.8.1/../../../../avr/lib/avrxmega2\libc.a(isspace.o)
                0x00003f2c                isspace
 .text.avr-libc
                0x00003f3c       0x16 c:/program files (x86)/atmel/atmel toolchain/avr8 gcc/native/3.4.1056/avr8-gnu-toolchain/bin/../lib/gcc/avr/4.8.1/../../../../avr/lib/avrxmega2\libc.a(strchr_P.o)
                0x00003f3c                strchr_P
 .text.avr-libc
                0x00003f52       0x16 c:/program files (x86)/atmel/atmel toolchain/avr8 gcc/native/3.4.1056/avr8-gnu-toolchain/bin/../lib/gcc/avr/4.8.1/../../../../avr/lib/avrxmega2\libc.a(strnlen_P.o)
                0x00003f52                strnlen_P
 .text.avr-libc
                0x00003f68       0x16 c:/program files (x86)/atmel/atmel toolchain/avr8 gcc/native/3.4.1056/avr8-gnu-toolchain/bin/../lib/gcc/avr/4.8.1/../../../../avr/lib/avrxmega2\libc.a(strnlen.o)
                0x00003f68                strnlen
 .text.avr-libc
                0x00003f7e       0x7c c:/program files (x86)/atmel/atmel toolchain/avr8 gcc/native/3.4.1056/avr8-gnu-toolchain/bin/../lib/gcc/avr/4.8.1/../../../../avr/lib/avrxmega2\libc.a(fgetc.o)
                0x00003f7e                fgetc
 .text.avr-libc
                0x00003ffa       0x64 c:/program files (x86)/atmel/atmel toolchain/avr8 gcc/native/3.4.1056/avr8-gnu-toolchain/bin/../lib/gcc/avr/4.8.1/../../../../avr/lib/avrxmega2\libc.a(fputc.o)
                0x00003ffa                fputc
 .text.avr-libc
                0x0000405e       0x32 c:/program files (x86)/atmel/atmel toolchain/avr8 gcc/native/3.4.1056/avr8-gnu-toolchain/bin/../lib/gcc/avr/4.8.1/../../../../avr/lib/avrxmega2\libc.a(ungetc.o)
                0x0000405e                ungetc
 .text.avr-libc
                0x00004090       0xbc c:/program files (x86)/atmel/atmel toolchain/avr8 gcc/native/3.4.1056/avr8-gnu-toolchain/bin/../lib/gcc/avr/4.8.1/../../../../avr/lib/avrxmega2\libc.a(ultoa_invert.o)
                0x00004090                __ultoa_invert
 .text.avr-libc
                0x0000414c        0x6 c:/program files (x86)/atmel/atmel toolchain/avr8 gcc/native/3.4.1056/avr8-gnu-toolchain/bin/../lib/gcc/avr/4.8.1/../../../../avr/lib/avrxmega2\libc.a(cty_isfalse.o)
                0x0000414c                __ctype_isfalse
                0x00004150                __ctype_istrue
 .text.libgcc.prologue
                0x00004152       0x32 c:/program files (x86)/atmel/atmel toolchain/avr8 gcc/native/3.4.1056/avr8-gnu-toolchain/bin/../lib/gcc/avr/4.8.1/avrxmega2\libgcc.a(_prologue.o)
                0x00004152                __prologue_saves__
 .text.libgcc.prologue
                0x00004184       0x30 c:/program files (x86)/atmel/atmel toolchain/avr8 gcc/native/3.4.1056/avr8-gnu-toolchain/bin/../lib/gcc/avr/4.8.1/avrxmega2\libgcc.a(_epilogue.o)
                0x00004184                __epilogue_restores__
                0x000041b4                . = ALIGN (0x2)
 *(.fini9)
 .fini9         0x000041b4        0x0 c:/program files (x86)/atmel/atmel toolchain/avr8 gcc/native/3.4.1056/avr8-gnu-toolchain/bin/../lib/gcc/avr/4.8.1/avrxmega2\libgcc.a(_exit.o)
                0x000041b4                _exit
                0x000041b4                exit
 *(.fini9)
 *(.fini8)
 *(.fini8)
 *(.fini7)
 *(.fini7)
 *(.fini6)
 *(.fini6)
 *(.fini5)
 *(.fini5)
 *(.fini4)
 *(.fini4)
 *(.fini3)
 *(.fini3)
 *(.fini2)
 *(.fini2)
 *(.fini1)
 *(.fini1)
 *(.fini0)
 .fini0         0x000041b4        0x4 c:/program files (x86)/atmel/atmel toolchain/avr8 gcc/native/3.4.1056/avr8-gnu-toolchain/bin/../lib/gcc/avr/4.8.1/avrxmega2\libgcc.a(_exit.o)
 *(.fini0)
                0x000041b8                _etext = .

.data           0x00802000       0xa0 load address 0x000041b8
                0x00802000                PROVIDE (__data_start, .)
 *(.data)
 .data          0x00802000        0x0 c:/program files (x86)/atmel/atmel toolchain/avr8 gcc/native/3.4.1056/avr8-gnu-toolchain/bin/../lib/gcc/avr/4.8.1/../../../../avr/lib/avrxmega2/crtx32a4u.o
 .data          0x00802000        0x0 src/ASF/xmega/drivers/rtc/rtc.o
 .data          0x00802000        0x0 src/OctopusBot/drivers/bluetooth.o
 .data          0x00802000        0x0 src/OctopusBot/drivers/leds.o
 .data          0x00802000        0x0 src/OctopusBot/drivers/motors.o
 .data          0x00802000        0x0 src/OctopusBot/drivers/OctopusBot.o
 .data          0x00802000        0x0 src/OctopusBot/drivers/PWM.o
 .data          0x00802000        0x0 src/OctopusBot/drivers/switch.o
 .data          0x00802000        0x0 src/OctopusBot/drivers/usb_serial.o
 .data          0x00802000        0x0 src/ASF/common/services/clock/xmega/sysclk.o
 .data          0x00802000        0x0 src/ASF/common/services/ioport/xmega/ioport_compat.o
 .data          0x00802000        0x0 src/ASF/common/services/serial/usart_serial.o
 .data          0x00802000        0x0 src/ASF/common/services/sleepmgr/xmega/sleepmgr.o
 .data          0x00802000        0x0 src/ASF/common/services/usb/class/cdc/device/udi_cdc.o
 .data          0x00802000        0x0 src/ASF/common/services/usb/class/cdc/device/udi_cdc_desc.o
 .data          0x00802000        0x0 src/ASF/common/services/usb/udc/udc.o
 .data          0x00802000        0x0 src/ASF/xmega/drivers/cpu/ccp.o
 .data          0x00802000        0x0 src/ASF/xmega/drivers/nvm/nvm.o
 .data          0x00802000        0x0 src/ASF/xmega/drivers/nvm/nvm_asm.o
 .data          0x00802000        0x0 src/ASF/xmega/drivers/tc/tc.o
 .data          0x00802000        0x0 src/ASF/xmega/drivers/usart/usart.o
 .data          0x00802000        0x0 src/ASF/xmega/drivers/usb/usb_device.o
 .data          0x00802000        0x0 src/ASF/xmega/services/pwm/pwm.o
 .data          0x00802000        0x0 src/main.o
 .data          0x00802000        0x0 src/ASF/common/boards/user_board/init.o
 .data          0x00802000        0x0 c:/program files (x86)/atmel/atmel toolchain/avr8 gcc/native/3.4.1056/avr8-gnu-toolchain/bin/../lib/gcc/avr/4.8.1/avrxmega2\libgcc.a(_udivmodhi4.o)
 .data          0x00802000        0x0 c:/program files (x86)/atmel/atmel toolchain/avr8 gcc/native/3.4.1056/avr8-gnu-toolchain/bin/../lib/gcc/avr/4.8.1/avrxmega2\libgcc.a(_udivmodsi4.o)
 .data          0x00802000        0x0 c:/program files (x86)/atmel/atmel toolchain/avr8 gcc/native/3.4.1056/avr8-gnu-toolchain/bin/../lib/gcc/avr/4.8.1/avrxmega2\libgcc.a(_exit.o)
 .data          0x00802000        0x0 c:/program files (x86)/atmel/atmel toolchain/avr8 gcc/native/3.4.1056/avr8-gnu-toolchain/bin/../lib/gcc/avr/4.8.1/avrxmega2\libgcc.a(_tablejump.o)
 .data          0x00802000        0x0 c:/program files (x86)/atmel/atmel toolchain/avr8 gcc/native/3.4.1056/avr8-gnu-toolchain/bin/../lib/gcc/avr/4.8.1/avrxmega2\libgcc.a(_copy_data.o)
 .data          0x00802000        0x0 c:/program files (x86)/atmel/atmel toolchain/avr8 gcc/native/3.4.1056/avr8-gnu-toolchain/bin/../lib/gcc/avr/4.8.1/avrxmega2\libgcc.a(_clear_bss.o)
 .data          0x00802000        0x0 c:/program files (x86)/atmel/atmel toolchain/avr8 gcc/native/3.4.1056/avr8-gnu-toolchain/bin/../lib/gcc/avr/4.8.1/avrxmega2\libgcc.a(_umulhisi3.o)
 .data          0x00802000        0x0 c:/program files (x86)/atmel/atmel toolchain/avr8 gcc/native/3.4.1056/avr8-gnu-toolchain/bin/../lib/gcc/avr/4.8.1/avrxmega2\libgcc.a(_muldi3.o)
 .data          0x00802000        0x0 c:/program files (x86)/atmel/atmel toolchain/avr8 gcc/native/3.4.1056/avr8-gnu-toolchain/bin/../lib/gcc/avr/4.8.1/avrxmega2\libgcc.a(_muldi3_6.o)
 .data          0x00802000        0x0 c:/program files (x86)/atmel/atmel toolchain/avr8 gcc/native/3.4.1056/avr8-gnu-toolchain/bin/../lib/gcc/avr/4.8.1/../../../../avr/lib/avrxmega2\libm.a(divsf3.o)
 .data          0x00802000        0x0 c:/program files (x86)/atmel/atmel toolchain/avr8 gcc/native/3.4.1056/avr8-gnu-toolchain/bin/../lib/gcc/avr/4.8.1/../../../../avr/lib/avrxmega2\libm.a(divsf3x.o)
 .data          0x00802000        0x0 c:/program files (x86)/atmel/atmel toolchain/avr8 gcc/native/3.4.1056/avr8-gnu-toolchain/bin/../lib/gcc/avr/4.8.1/../../../../avr/lib/avrxmega2\libm.a(fixsfdi.o)
 .data          0x00802000        0x0 c:/program files (x86)/atmel/atmel toolchain/avr8 gcc/native/3.4.1056/avr8-gnu-toolchain/bin/../lib/gcc/avr/4.8.1/../../../../avr/lib/avrxmega2\libm.a(fixunssfsi.o)
 .data          0x00802000        0x0 c:/program files (x86)/atmel/atmel toolchain/avr8 gcc/native/3.4.1056/avr8-gnu-toolchain/bin/../lib/gcc/avr/4.8.1/../../../../avr/lib/avrxmega2\libm.a(floatsisf.o)
 .data          0x00802000        0x0 c:/program files (x86)/atmel/atmel toolchain/avr8 gcc/native/3.4.1056/avr8-gnu-toolchain/bin/../lib/gcc/avr/4.8.1/../../../../avr/lib/avrxmega2\libm.a(floatundisf.o)
 .data          0x00802000        0x0 c:/program files (x86)/atmel/atmel toolchain/avr8 gcc/native/3.4.1056/avr8-gnu-toolchain/bin/../lib/gcc/avr/4.8.1/../../../../avr/lib/avrxmega2\libm.a(fp_inf.o)
 .data          0x00802000        0x0 c:/program files (x86)/atmel/atmel toolchain/avr8 gcc/native/3.4.1056/avr8-gnu-toolchain/bin/../lib/gcc/avr/4.8.1/../../../../avr/lib/avrxmega2\libm.a(fp_nan.o)
 .data          0x00802000        0x0 c:/program files (x86)/atmel/atmel toolchain/avr8 gcc/native/3.4.1056/avr8-gnu-toolchain/bin/../lib/gcc/avr/4.8.1/../../../../avr/lib/avrxmega2\libm.a(fp_negdi.o)
 .data          0x00802000        0x0 c:/program files (x86)/atmel/atmel toolchain/avr8 gcc/native/3.4.1056/avr8-gnu-toolchain/bin/../lib/gcc/avr/4.8.1/../../../../avr/lib/avrxmega2\libm.a(fp_pscA.o)
 .data          0x00802000        0x0 c:/program files (x86)/atmel/atmel toolchain/avr8 gcc/native/3.4.1056/avr8-gnu-toolchain/bin/../lib/gcc/avr/4.8.1/../../../../avr/lib/avrxmega2\libm.a(fp_pscB.o)
 .data          0x00802000        0x0 c:/program files (x86)/atmel/atmel toolchain/avr8 gcc/native/3.4.1056/avr8-gnu-toolchain/bin/../lib/gcc/avr/4.8.1/../../../../avr/lib/avrxmega2\libm.a(fp_round.o)
 .data          0x00802000        0x0 c:/program files (x86)/atmel/atmel toolchain/avr8 gcc/native/3.4.1056/avr8-gnu-toolchain/bin/../lib/gcc/avr/4.8.1/../../../../avr/lib/avrxmega2\libm.a(fp_split3.o)
 .data          0x00802000        0x0 c:/program files (x86)/atmel/atmel toolchain/avr8 gcc/native/3.4.1056/avr8-gnu-toolchain/bin/../lib/gcc/avr/4.8.1/../../../../avr/lib/avrxmega2\libm.a(fp_zero.o)
 .data          0x00802000        0x0 c:/program files (x86)/atmel/atmel toolchain/avr8 gcc/native/3.4.1056/avr8-gnu-toolchain/bin/../lib/gcc/avr/4.8.1/../../../../avr/lib/avrxmega2\libm.a(mulsf3.o)
 .data          0x00802000        0x0 c:/program files (x86)/atmel/atmel toolchain/avr8 gcc/native/3.4.1056/avr8-gnu-toolchain/bin/../lib/gcc/avr/4.8.1/../../../../avr/lib/avrxmega2\libm.a(mulsf3x.o)
 .data          0x00802000        0x0 c:/program files (x86)/atmel/atmel toolchain/avr8 gcc/native/3.4.1056/avr8-gnu-toolchain/bin/../lib/gcc/avr/4.8.1/../../../../avr/lib/avrxmega2\libc.a(memcpy.o)
 .data          0x00802000        0x0 c:/program files (x86)/atmel/atmel toolchain/avr8 gcc/native/3.4.1056/avr8-gnu-toolchain/bin/../lib/gcc/avr/4.8.1/../../../../avr/lib/avrxmega2\libc.a(iob.o)
 .data          0x00802000        0x0 c:/program files (x86)/atmel/atmel toolchain/avr8 gcc/native/3.4.1056/avr8-gnu-toolchain/bin/../lib/gcc/avr/4.8.1/../../../../avr/lib/avrxmega2\libc.a(printf.o)
 .data          0x00802000        0x0 c:/program files (x86)/atmel/atmel toolchain/avr8 gcc/native/3.4.1056/avr8-gnu-toolchain/bin/../lib/gcc/avr/4.8.1/../../../../avr/lib/avrxmega2\libc.a(scanf.o)
 .data          0x00802000        0x0 c:/program files (x86)/atmel/atmel toolchain/avr8 gcc/native/3.4.1056/avr8-gnu-toolchain/bin/../lib/gcc/avr/4.8.1/../../../../avr/lib/avrxmega2\libc.a(sprintf.o)
 .data          0x00802000        0x0 c:/program files (x86)/atmel/atmel toolchain/avr8 gcc/native/3.4.1056/avr8-gnu-toolchain/bin/../lib/gcc/avr/4.8.1/../../../../avr/lib/avrxmega2\libc.a(vfprintf_std.o)
 .data          0x00802000        0x0 c:/program files (x86)/atmel/atmel toolchain/avr8 gcc/native/3.4.1056/avr8-gnu-toolchain/bin/../lib/gcc/avr/4.8.1/../../../../avr/lib/avrxmega2\libc.a(vfscanf_std.o)
 .data          0x00802000        0x0 c:/program files (x86)/atmel/atmel toolchain/avr8 gcc/native/3.4.1056/avr8-gnu-toolchain/bin/../lib/gcc/avr/4.8.1/../../../../avr/lib/avrxmega2\libc.a(isspace.o)
 .data          0x00802000        0x0 c:/program files (x86)/atmel/atmel toolchain/avr8 gcc/native/3.4.1056/avr8-gnu-toolchain/bin/../lib/gcc/avr/4.8.1/../../../../avr/lib/avrxmega2\libc.a(strchr_P.o)
 .data          0x00802000        0x0 c:/program files (x86)/atmel/atmel toolchain/avr8 gcc/native/3.4.1056/avr8-gnu-toolchain/bin/../lib/gcc/avr/4.8.1/../../../../avr/lib/avrxmega2\libc.a(strnlen_P.o)
 .data          0x00802000        0x0 c:/program files (x86)/atmel/atmel toolchain/avr8 gcc/native/3.4.1056/avr8-gnu-toolchain/bin/../lib/gcc/avr/4.8.1/../../../../avr/lib/avrxmega2\libc.a(strnlen.o)
 .data          0x00802000        0x0 c:/program files (x86)/atmel/atmel toolchain/avr8 gcc/native/3.4.1056/avr8-gnu-toolchain/bin/../lib/gcc/avr/4.8.1/../../../../avr/lib/avrxmega2\libc.a(fgetc.o)
 .data          0x00802000        0x0 c:/program files (x86)/atmel/atmel toolchain/avr8 gcc/native/3.4.1056/avr8-gnu-toolchain/bin/../lib/gcc/avr/4.8.1/../../../../avr/lib/avrxmega2\libc.a(fputc.o)
 .data          0x00802000        0x0 c:/program files (x86)/atmel/atmel toolchain/avr8 gcc/native/3.4.1056/avr8-gnu-toolchain/bin/../lib/gcc/avr/4.8.1/../../../../avr/lib/avrxmega2\libc.a(ungetc.o)
 .data          0x00802000        0x0 c:/program files (x86)/atmel/atmel toolchain/avr8 gcc/native/3.4.1056/avr8-gnu-toolchain/bin/../lib/gcc/avr/4.8.1/../../../../avr/lib/avrxmega2\libc.a(ultoa_invert.o)
 .data          0x00802000        0x0 c:/program files (x86)/atmel/atmel toolchain/avr8 gcc/native/3.4.1056/avr8-gnu-toolchain/bin/../lib/gcc/avr/4.8.1/../../../../avr/lib/avrxmega2\libc.a(cty_isfalse.o)
 .data          0x00802000        0x0 c:/program files (x86)/atmel/atmel toolchain/avr8 gcc/native/3.4.1056/avr8-gnu-toolchain/bin/../lib/gcc/avr/4.8.1/avrxmega2\libgcc.a(_prologue.o)
 .data          0x00802000        0x0 c:/program files (x86)/atmel/atmel toolchain/avr8 gcc/native/3.4.1056/avr8-gnu-toolchain/bin/../lib/gcc/avr/4.8.1/avrxmega2\libgcc.a(_epilogue.o)
 *(.data*)
 .data.usart_options.6145
                0x00802000        0x9 src/OctopusBot/drivers/bluetooth.o
 .data.mystdout
                0x00802009        0xe src/OctopusBot/drivers/bluetooth.o
 .data.udi_api_cdc_data
                0x00802017        0xa src/ASF/common/services/usb/class/cdc/device/udi_cdc.o
                0x00802017                udi_api_cdc_data
 .data.udi_api_cdc_comm
                0x00802021        0xa src/ASF/common/services/usb/class/cdc/device/udi_cdc.o
                0x00802021                udi_api_cdc_comm
 .data.udc_config
                0x0080202b        0x4 src/ASF/common/services/usb/class/cdc/device/udi_cdc_desc.o
                0x0080202b                udc_config
 .data.udc_config_fs
                0x0080202f        0x4 src/ASF/common/services/usb/class/cdc/device/udi_cdc_desc.o
                0x0080202f                udc_config_fs
 .data.udi_apis
                0x00802033        0x4 src/ASF/common/services/usb/class/cdc/device/udi_cdc_desc.o
                0x00802033                udi_apis
 *fill*         0x00802037        0x1 
 .data.udc_desc_fs
                0x00802038       0x44 src/ASF/common/services/usb/class/cdc/device/udi_cdc_desc.o
                0x00802038                udc_desc_fs
 .data.udc_device_desc
                0x0080207c       0x12 src/ASF/common/services/usb/class/cdc/device/udi_cdc_desc.o
                0x0080207c                udc_device_desc
 .data.udc_string_desc_languageid
                0x0080208e        0x4 src/ASF/common/services/usb/udc/udc.o
 *(.rodata)
 *(.rodata*)
 .rodata.str1.1
                0x00802092        0xd src/main.o
 *(.gnu.linkonce.d*)
                0x008020a0                . = ALIGN (0x2)
 *fill*         0x0080209f        0x1 
                0x008020a0                _edata = .
                0x008020a0                PROVIDE (__data_end, .)

.bss            0x008020a0      0x2bb
                0x008020a0                PROVIDE (__bss_start, .)
 *(.bss)
 *(.bss*)
 .bss.sof_zlp_counter.4798
                0x008020a0        0x2 src/ASF/common/services/usb/class/cdc/device/udi_cdc.o
 .bss.udi_cdc_tx_both_buf_to_send
                0x008020a2        0x1 src/ASF/common/services/usb/class/cdc/device/udi_cdc.o
 .bss.udi_cdc_tx_trans_ongoing
                0x008020a3        0x1 src/ASF/common/services/usb/class/cdc/device/udi_cdc.o
 .bss.udi_cdc_tx_sof_num
                0x008020a4        0x2 src/ASF/common/services/usb/class/cdc/device/udi_cdc.o
 .bss.udi_cdc_tx_buf_sel
                0x008020a6        0x1 src/ASF/common/services/usb/class/cdc/device/udi_cdc.o
 .bss.udi_cdc_tx_buf_nb
                0x008020a7        0x4 src/ASF/common/services/usb/class/cdc/device/udi_cdc.o
 *fill*         0x008020ab        0x1 
 .bss.udi_cdc_tx_buf
                0x008020ac       0x80 src/ASF/common/services/usb/class/cdc/device/udi_cdc.o
 .bss.udi_cdc_rx_trans_ongoing
                0x0080212c        0x1 src/ASF/common/services/usb/class/cdc/device/udi_cdc.o
 .bss.udi_cdc_rx_pos
                0x0080212d        0x2 src/ASF/common/services/usb/class/cdc/device/udi_cdc.o
 .bss.udi_cdc_rx_buf_sel
                0x0080212f        0x1 src/ASF/common/services/usb/class/cdc/device/udi_cdc.o
 .bss.udi_cdc_rx_buf_nb
                0x00802130        0x4 src/ASF/common/services/usb/class/cdc/device/udi_cdc.o
 .bss.udi_cdc_rx_buf
                0x00802134       0x80 src/ASF/common/services/usb/class/cdc/device/udi_cdc.o
 .bss.udi_cdc_data_running
                0x008021b4        0x1 src/ASF/common/services/usb/class/cdc/device/udi_cdc.o
 .bss.udi_cdc_nb_data_enabled
                0x008021b5        0x1 src/ASF/common/services/usb/class/cdc/device/udi_cdc.o
 .bss.udi_cdc_nb_comm_enabled
                0x008021b6        0x1 src/ASF/common/services/usb/class/cdc/device/udi_cdc.o
 *fill*         0x008021b7        0x1 
 .bss.uid_cdc_state_msg
                0x008021b8        0xa src/ASF/common/services/usb/class/cdc/device/udi_cdc.o
 .bss.udi_cdc_state
                0x008021c2        0x2 src/ASF/common/services/usb/class/cdc/device/udi_cdc.o
 .bss.udi_cdc_line_coding
                0x008021c4        0x7 src/ASF/common/services/usb/class/cdc/device/udi_cdc.o
 .bss.udc_ep_status.4502
                0x008021cb        0x2 src/ASF/common/services/usb/udc/udc.o
 .bss.udc_iface_setting.4558
                0x008021cd        0x1 src/ASF/common/services/usb/udc/udc.o
 .bss.udc_ptr_iface
                0x008021ce        0x2 src/ASF/common/services/usb/udc/udc.o
 .bss.udc_ptr_conf
                0x008021d0        0x2 src/ASF/common/services/usb/udc/udc.o
 .bss.udc_num_configuration
                0x008021d2        0x1 src/ASF/common/services/usb/udc/udc.o
 .bss.udc_device_status
                0x008021d3        0x2 src/ASF/common/services/usb/udc/udc.o
 .bss.tc_tce0_ccd_callback
                0x008021d5        0x2 src/ASF/xmega/drivers/tc/tc.o
 .bss.tc_tce0_ccc_callback
                0x008021d7        0x2 src/ASF/xmega/drivers/tc/tc.o
 .bss.tc_tce0_ccb_callback
                0x008021d9        0x2 src/ASF/xmega/drivers/tc/tc.o
 .bss.tc_tce0_cca_callback
                0x008021db        0x2 src/ASF/xmega/drivers/tc/tc.o
 .bss.tc_tce0_err_callback
                0x008021dd        0x2 src/ASF/xmega/drivers/tc/tc.o
 .bss.tc_tce0_ovf_callback
                0x008021df        0x2 src/ASF/xmega/drivers/tc/tc.o
 .bss.tc_tcd1_ccb_callback
                0x008021e1        0x2 src/ASF/xmega/drivers/tc/tc.o
 .bss.tc_tcd1_cca_callback
                0x008021e3        0x2 src/ASF/xmega/drivers/tc/tc.o
 .bss.tc_tcd1_err_callback
                0x008021e5        0x2 src/ASF/xmega/drivers/tc/tc.o
 .bss.tc_tcd1_ovf_callback
                0x008021e7        0x2 src/ASF/xmega/drivers/tc/tc.o
 .bss.tc_tcd0_ccd_callback
                0x008021e9        0x2 src/ASF/xmega/drivers/tc/tc.o
 .bss.tc_tcd0_ccc_callback
                0x008021eb        0x2 src/ASF/xmega/drivers/tc/tc.o
 .bss.tc_tcd0_ccb_callback
                0x008021ed        0x2 src/ASF/xmega/drivers/tc/tc.o
 .bss.tc_tcd0_cca_callback
                0x008021ef        0x2 src/ASF/xmega/drivers/tc/tc.o
 .bss.tc_tcd0_err_callback
                0x008021f1        0x2 src/ASF/xmega/drivers/tc/tc.o
 .bss.tc_tcd0_ovf_callback
                0x008021f3        0x2 src/ASF/xmega/drivers/tc/tc.o
 .bss.tc_tcc1_ccb_callback
                0x008021f5        0x2 src/ASF/xmega/drivers/tc/tc.o
 .bss.tc_tcc1_cca_callback
                0x008021f7        0x2 src/ASF/xmega/drivers/tc/tc.o
 .bss.tc_tcc1_err_callback
                0x008021f9        0x2 src/ASF/xmega/drivers/tc/tc.o
 .bss.tc_tcc1_ovf_callback
                0x008021fb        0x2 src/ASF/xmega/drivers/tc/tc.o
 .bss.tc_tcc0_ccd_callback
                0x008021fd        0x2 src/ASF/xmega/drivers/tc/tc.o
 .bss.tc_tcc0_ccc_callback
                0x008021ff        0x2 src/ASF/xmega/drivers/tc/tc.o
 .bss.tc_tcc0_ccb_callback
                0x00802201        0x2 src/ASF/xmega/drivers/tc/tc.o
 .bss.tc_tcc0_cca_callback
                0x00802203        0x2 src/ASF/xmega/drivers/tc/tc.o
 .bss.tc_tcc0_err_callback
                0x00802205        0x2 src/ASF/xmega/drivers/tc/tc.o
 .bss.tc_tcc0_ovf_callback
                0x00802207        0x2 src/ASF/xmega/drivers/tc/tc.o
 .bss.b_shortpacket.5207
                0x00802209        0x1 src/ASF/xmega/drivers/usb/usb_device.o
 .bss.udd_ep_out_cache_buffer
                0x0080220a       0x80 src/ASF/xmega/drivers/usb/usb_device.o
 .bss.udd_ep_job
                0x0080228a       0x24 src/ASF/xmega/drivers/usb/usb_device.o
 .bss.udd_ctrl_buffer
                0x008022ae       0x40 src/ASF/xmega/drivers/usb/usb_device.o
 .bss.udd_ctrl_payload_nb_trans
                0x008022ee        0x2 src/ASF/xmega/drivers/usb/usb_device.o
 .bss.udd_ctrl_prev_payload_nb_trans
                0x008022f0        0x2 src/ASF/xmega/drivers/usb/usb_device.o
 .bss.udd_ep_control_state
                0x008022f2        0x2 src/ASF/xmega/drivers/usb/usb_device.o
 .bss.udd_sram  0x008022f4       0x40 src/ASF/xmega/drivers/usb/usb_device.o
 .bss.udd_b_idle
                0x00802334        0x1 src/ASF/xmega/drivers/usb/usb_device.o
 .bss.dimmer    0x00802335        0x2 src/main.o
                0x00802335                dimmer
 *(COMMON)
 COMMON         0x00802337        0x8 src/ASF/xmega/drivers/rtc/rtc.o
                0x00802337                rtc_data
 COMMON         0x0080233f        0x6 src/ASF/common/services/sleepmgr/xmega/sleepmgr.o
                0x0080233f                sleepmgr_locks
 COMMON         0x00802345       0x10 src/ASF/xmega/drivers/usb/usb_device.o
                0x00802345                udd_g_ctrlreq
 COMMON         0x00802355        0x6 c:/program files (x86)/atmel/atmel toolchain/avr8 gcc/native/3.4.1056/avr8-gnu-toolchain/bin/../lib/gcc/avr/4.8.1/../../../../avr/lib/avrxmega2\libc.a(iob.o)
                0x00802355                __iob
                0x0080235b                PROVIDE (__bss_end, .)
                0x000041b8                __data_load_start = LOADADDR (.data)
                0x00004258                __data_load_end = (__data_load_start + SIZEOF (.data))

.noinit         0x0080235b        0x0
                0x0080235b                PROVIDE (__noinit_start, .)
 *(.noinit*)
                0x0080235b                PROVIDE (__noinit_end, .)
                0x0080235b                _end = .
                0x0080235b                PROVIDE (__heap_start, .)

.eeprom         0x00810000        0x0
 *(.eeprom*)
                0x00810000                __eeprom_end = .

.fuse
 *(.fuse)
 *(.lfuse)
 *(.hfuse)
 *(.efuse)

.lock
 *(.lock*)

.signature
 *(.signature*)

.user_signatures
 *(.user_signatures*)

.stab
 *(.stab)

.stabstr
 *(.stabstr)

.stab.excl
 *(.stab.excl)

.stab.exclstr
 *(.stab.exclstr)

.stab.index
 *(.stab.index)

.stab.indexstr
 *(.stab.indexstr)

.comment        0x00000000       0x5c
 *(.comment)
 .comment       0x00000000       0x30 src/ASF/xmega/drivers/rtc/rtc.o
                                 0x31 (size before relaxing)
 .comment       0x00000000       0x31 src/OctopusBot/drivers/bluetooth.o
 .comment       0x00000000       0x31 src/OctopusBot/drivers/leds.o
 .comment       0x00000000       0x31 src/OctopusBot/drivers/motors.o
 .comment       0x00000000       0x31 src/OctopusBot/drivers/OctopusBot.o
 .comment       0x00000000       0x31 src/OctopusBot/drivers/PWM.o
 .comment       0x00000000       0x31 src/OctopusBot/drivers/switch.o
 .comment       0x00000000       0x31 src/OctopusBot/drivers/usb_serial.o
 .comment       0x00000000       0x31 src/ASF/common/services/clock/xmega/sysclk.o
 .comment       0x00000000       0x31 src/ASF/common/services/ioport/xmega/ioport_compat.o
 .comment       0x00000000       0x31 src/ASF/common/services/serial/usart_serial.o
 .comment       0x00000000       0x31 src/ASF/common/services/sleepmgr/xmega/sleepmgr.o
 .comment       0x00000000       0x31 src/ASF/common/services/usb/class/cdc/device/udi_cdc.o
 .comment       0x00000000       0x31 src/ASF/common/services/usb/class/cdc/device/udi_cdc_desc.o
 .comment       0x00000000       0x31 src/ASF/common/services/usb/udc/udc.o
 .comment       0x00000000       0x31 src/ASF/xmega/drivers/nvm/nvm.o
 .comment       0x00000000       0x31 src/ASF/xmega/drivers/tc/tc.o
 .comment       0x00000000       0x31 src/ASF/xmega/drivers/usart/usart.o
 .comment       0x00000000       0x31 src/ASF/xmega/drivers/usb/usb_device.o
 .comment       0x00000000       0x31 src/ASF/xmega/services/pwm/pwm.o
 .comment       0x00000000       0x31 src/main.o
 .comment       0x00000000       0x31 src/ASF/common/boards/user_board/init.o
 .comment       0x00000000       0x31 c:/program files (x86)/atmel/atmel toolchain/avr8 gcc/native/3.4.1056/avr8-gnu-toolchain/bin/../lib/gcc/avr/4.8.1/../../../../avr/lib/avrxmega2\libc.a(iob.o)
 .comment       0x00000000       0x31 c:/program files (x86)/atmel/atmel toolchain/avr8 gcc/native/3.4.1056/avr8-gnu-toolchain/bin/../lib/gcc/avr/4.8.1/../../../../avr/lib/avrxmega2\libc.a(printf.o)
 .comment       0x00000000       0x31 c:/program files (x86)/atmel/atmel toolchain/avr8 gcc/native/3.4.1056/avr8-gnu-toolchain/bin/../lib/gcc/avr/4.8.1/../../../../avr/lib/avrxmega2\libc.a(scanf.o)
 .comment       0x00000000       0x31 c:/program files (x86)/atmel/atmel toolchain/avr8 gcc/native/3.4.1056/avr8-gnu-toolchain/bin/../lib/gcc/avr/4.8.1/../../../../avr/lib/avrxmega2\libc.a(sprintf.o)
 .comment       0x00000030       0x2c c:/program files (x86)/atmel/atmel toolchain/avr8 gcc/native/3.4.1056/avr8-gnu-toolchain/bin/../lib/gcc/avr/4.8.1/../../../../avr/lib/avrxmega2\libc.a(vfprintf_std.o)
                                 0x2d (size before relaxing)
 .comment       0x00000000       0x2d c:/program files (x86)/atmel/atmel toolchain/avr8 gcc/native/3.4.1056/avr8-gnu-toolchain/bin/../lib/gcc/avr/4.8.1/../../../../avr/lib/avrxmega2\libc.a(vfscanf_std.o)
 .comment       0x00000000       0x31 c:/program files (x86)/atmel/atmel toolchain/avr8 gcc/native/3.4.1056/avr8-gnu-toolchain/bin/../lib/gcc/avr/4.8.1/../../../../avr/lib/avrxmega2\libc.a(fgetc.o)
 .comment       0x00000000       0x31 c:/program files (x86)/atmel/atmel toolchain/avr8 gcc/native/3.4.1056/avr8-gnu-toolchain/bin/../lib/gcc/avr/4.8.1/../../../../avr/lib/avrxmega2\libc.a(fputc.o)
 .comment       0x00000000       0x31 c:/program files (x86)/atmel/atmel toolchain/avr8 gcc/native/3.4.1056/avr8-gnu-toolchain/bin/../lib/gcc/avr/4.8.1/../../../../avr/lib/avrxmega2\libc.a(ungetc.o)

.note.gnu.build-id
 *(.note.gnu.build-id)

.debug
 *(.debug)

.line
 *(.line)

.debug_srcinfo
 *(.debug_srcinfo)

.debug_sfnames
 *(.debug_sfnames)

.debug_aranges  0x00000000      0x920
 *(.debug_aranges)
 .debug_aranges
                0x00000000       0x50 src/ASF/xmega/drivers/rtc/rtc.o
 .debug_aranges
                0x00000050       0xb0 src/OctopusBot/drivers/bluetooth.o
 .debug_aranges
                0x00000100       0x50 src/OctopusBot/drivers/leds.o
 .debug_aranges
                0x00000150       0x48 src/OctopusBot/drivers/motors.o
 .debug_aranges
                0x00000198       0x28 src/OctopusBot/drivers/OctopusBot.o
 .debug_aranges
                0x000001c0       0x28 src/OctopusBot/drivers/PWM.o
 .debug_aranges
                0x000001e8       0x28 src/OctopusBot/drivers/switch.o
 .debug_aranges
                0x00000210       0x50 src/OctopusBot/drivers/usb_serial.o
 .debug_aranges
                0x00000260       0x40 src/ASF/common/services/clock/xmega/sysclk.o
 .debug_aranges
                0x000002a0       0x18 src/ASF/common/services/ioport/xmega/ioport_compat.o
 .debug_aranges
                0x000002b8       0x28 src/ASF/common/services/serial/usart_serial.o
 .debug_aranges
                0x000002e0       0x18 src/ASF/common/services/sleepmgr/xmega/sleepmgr.o
 .debug_aranges
                0x000002f8      0x168 src/ASF/common/services/usb/class/cdc/device/udi_cdc.o
 .debug_aranges
                0x00000460       0x18 src/ASF/common/services/usb/class/cdc/device/udi_cdc_desc.o
 .debug_aranges
                0x00000478       0x70 src/ASF/common/services/usb/udc/udc.o
 .debug_aranges
                0x000004e8       0x20 src/ASF/xmega/drivers/cpu/ccp.o
 .debug_aranges
                0x00000508       0xc0 src/ASF/xmega/drivers/nvm/nvm.o
 .debug_aranges
                0x000005c8       0x28 src/ASF/xmega/drivers/nvm/nvm_asm.o
 .debug_aranges
                0x000005f0      0x128 src/ASF/xmega/drivers/tc/tc.o
 .debug_aranges
                0x00000718       0x58 src/ASF/xmega/drivers/usart/usart.o
 .debug_aranges
                0x00000770      0x120 src/ASF/xmega/drivers/usb/usb_device.o
 .debug_aranges
                0x00000890       0x30 src/ASF/xmega/services/pwm/pwm.o
 .debug_aranges
                0x000008c0       0x40 src/main.o
 .debug_aranges
                0x00000900       0x20 src/ASF/common/boards/user_board/init.o

.debug_pubnames
 *(.debug_pubnames)

.debug_info     0x00000000    0x147bc
 *(.debug_info .gnu.linkonce.wi.*)
 .debug_info    0x00000000      0x6c2 src/ASF/xmega/drivers/rtc/rtc.o
 .debug_info    0x000006c2     0x13cb src/OctopusBot/drivers/bluetooth.o
 .debug_info    0x00001a8d      0xf38 src/OctopusBot/drivers/leds.o
 .debug_info    0x000029c5      0xddd src/OctopusBot/drivers/motors.o
 .debug_info    0x000037a2      0x861 src/OctopusBot/drivers/OctopusBot.o
 .debug_info    0x00004003     0x1174 src/OctopusBot/drivers/PWM.o
 .debug_info    0x00005177      0x70a src/OctopusBot/drivers/switch.o
 .debug_info    0x00005881      0x78b src/OctopusBot/drivers/usb_serial.o
 .debug_info    0x0000600c      0xd02 src/ASF/common/services/clock/xmega/sysclk.o
 .debug_info    0x00006d0e       0x6f src/ASF/common/services/ioport/xmega/ioport_compat.o
 .debug_info    0x00006d7d      0x393 src/ASF/common/services/serial/usart_serial.o
 .debug_info    0x00007110      0x121 src/ASF/common/services/sleepmgr/xmega/sleepmgr.o
 .debug_info    0x00007231     0x17d9 src/ASF/common/services/usb/class/cdc/device/udi_cdc.o
 .debug_info    0x00008a0a      0x74a src/ASF/common/services/usb/class/cdc/device/udi_cdc_desc.o
 .debug_info    0x00009154     0x1077 src/ASF/common/services/usb/udc/udc.o
 .debug_info    0x0000a1cb       0x84 src/ASF/xmega/drivers/cpu/ccp.o
 .debug_info    0x0000a24f     0x13ae src/ASF/xmega/drivers/nvm/nvm.o
 .debug_info    0x0000b5fd       0x84 src/ASF/xmega/drivers/nvm/nvm_asm.o
 .debug_info    0x0000b681     0x174d src/ASF/xmega/drivers/tc/tc.o
 .debug_info    0x0000cdce     0x2e82 src/ASF/xmega/drivers/usart/usart.o
 .debug_info    0x0000fc50     0x1e24 src/ASF/xmega/drivers/usb/usb_device.o
 .debug_info    0x00011a74     0x1388 src/ASF/xmega/services/pwm/pwm.o
 .debug_info    0x00012dfc     0x1886 src/main.o
 .debug_info    0x00014682      0x13a src/ASF/common/boards/user_board/init.o

.debug_abbrev   0x00000000     0x3a86
 *(.debug_abbrev)
 .debug_abbrev  0x00000000      0x2b3 src/ASF/xmega/drivers/rtc/rtc.o
 .debug_abbrev  0x000002b3      0x3c3 src/OctopusBot/drivers/bluetooth.o
 .debug_abbrev  0x00000676      0x2f5 src/OctopusBot/drivers/leds.o
 .debug_abbrev  0x0000096b      0x2a0 src/OctopusBot/drivers/motors.o
 .debug_abbrev  0x00000c0b      0x285 src/OctopusBot/drivers/OctopusBot.o
 .debug_abbrev  0x00000e90      0x264 src/OctopusBot/drivers/PWM.o
 .debug_abbrev  0x000010f4      0x245 src/OctopusBot/drivers/switch.o
 .debug_abbrev  0x00001339      0x2d1 src/OctopusBot/drivers/usb_serial.o
 .debug_abbrev  0x0000160a      0x2cf src/ASF/common/services/clock/xmega/sysclk.o
 .debug_abbrev  0x000018d9       0x29 src/ASF/common/services/ioport/xmega/ioport_compat.o
 .debug_abbrev  0x00001902      0x18b src/ASF/common/services/serial/usart_serial.o
 .debug_abbrev  0x00001a8d       0x80 src/ASF/common/services/sleepmgr/xmega/sleepmgr.o
 .debug_abbrev  0x00001b0d      0x39f src/ASF/common/services/usb/class/cdc/device/udi_cdc.o
 .debug_abbrev  0x00001eac       0xef src/ASF/common/services/usb/class/cdc/device/udi_cdc_desc.o
 .debug_abbrev  0x00001f9b      0x3a0 src/ASF/common/services/usb/udc/udc.o
 .debug_abbrev  0x0000233b       0x14 src/ASF/xmega/drivers/cpu/ccp.o
 .debug_abbrev  0x0000234f      0x3ed src/ASF/xmega/drivers/nvm/nvm.o
 .debug_abbrev  0x0000273c       0x12 src/ASF/xmega/drivers/nvm/nvm_asm.o
 .debug_abbrev  0x0000274e      0x2a7 src/ASF/xmega/drivers/tc/tc.o
 .debug_abbrev  0x000029f5      0x3e8 src/ASF/xmega/drivers/usart/usart.o
 .debug_abbrev  0x00002ddd      0x5b2 src/ASF/xmega/drivers/usb/usb_device.o
 .debug_abbrev  0x0000338f      0x29c src/ASF/xmega/services/pwm/pwm.o
 .debug_abbrev  0x0000362b      0x3b3 src/main.o
 .debug_abbrev  0x000039de       0xa8 src/ASF/common/boards/user_board/init.o

.debug_line     0x00000000     0xe8c3
 *(.debug_line .debug_line.* .debug_line_end)
 .debug_line    0x00000000      0x736 src/ASF/xmega/drivers/rtc/rtc.o
 .debug_line    0x00000736      0xe74 src/OctopusBot/drivers/bluetooth.o
 .debug_line    0x000015aa      0xc56 src/OctopusBot/drivers/leds.o
 .debug_line    0x00002200      0xbff src/OctopusBot/drivers/motors.o
 .debug_line    0x00002dff      0xaa4 src/OctopusBot/drivers/OctopusBot.o
 .debug_line    0x000038a3      0xc79 src/OctopusBot/drivers/PWM.o
 .debug_line    0x0000451c      0xafc src/OctopusBot/drivers/switch.o
 .debug_line    0x00005018      0xc04 src/OctopusBot/drivers/usb_serial.o
 .debug_line    0x00005c1c      0x74a src/ASF/common/services/clock/xmega/sysclk.o
 .debug_line    0x00006366      0x424 src/ASF/common/services/ioport/xmega/ioport_compat.o
 .debug_line    0x0000678a      0x5f6 src/ASF/common/services/serial/usart_serial.o
 .debug_line    0x00006d80      0x430 src/ASF/common/services/sleepmgr/xmega/sleepmgr.o
 .debug_line    0x000071b0      0xe43 src/ASF/common/services/usb/class/cdc/device/udi_cdc.o
 .debug_line    0x00007ff3      0x4a1 src/ASF/common/services/usb/class/cdc/device/udi_cdc_desc.o
 .debug_line    0x00008494      0xa55 src/ASF/common/services/usb/udc/udc.o
 .debug_line    0x00008ee9       0x6e src/ASF/xmega/drivers/cpu/ccp.o
 .debug_line    0x00008f57      0xb37 src/ASF/xmega/drivers/nvm/nvm.o
 .debug_line    0x00009a8e      0x11f src/ASF/xmega/drivers/nvm/nvm_asm.o
 .debug_line    0x00009bad      0xc5c src/ASF/xmega/drivers/tc/tc.o
 .debug_line    0x0000a809      0xba2 src/ASF/xmega/drivers/usart/usart.o
 .debug_line    0x0000b3ab     0x1492 src/ASF/xmega/drivers/usb/usb_device.o
 .debug_line    0x0000c83d      0xb37 src/ASF/xmega/services/pwm/pwm.o
 .debug_line    0x0000d374      0xc4c src/main.o
 .debug_line    0x0000dfc0      0x903 src/ASF/common/boards/user_board/init.o

.debug_frame    0x00000000     0x1f34
 *(.debug_frame)
 .debug_frame   0x00000000       0xb0 src/ASF/xmega/drivers/rtc/rtc.o
 .debug_frame   0x000000b0      0x22c src/OctopusBot/drivers/bluetooth.o
 .debug_frame   0x000002dc       0xc8 src/OctopusBot/drivers/leds.o
 .debug_frame   0x000003a4       0xa4 src/OctopusBot/drivers/motors.o
 .debug_frame   0x00000448       0x34 src/OctopusBot/drivers/OctopusBot.o
 .debug_frame   0x0000047c       0x54 src/OctopusBot/drivers/PWM.o
 .debug_frame   0x000004d0       0x34 src/OctopusBot/drivers/switch.o
 .debug_frame   0x00000504       0xe4 src/OctopusBot/drivers/usb_serial.o
 .debug_frame   0x000005e8       0x74 src/ASF/common/services/clock/xmega/sysclk.o
 .debug_frame   0x0000065c       0x74 src/ASF/common/services/serial/usart_serial.o
 .debug_frame   0x000006d0      0x380 src/ASF/common/services/usb/class/cdc/device/udi_cdc.o
 .debug_frame   0x00000a50      0x120 src/ASF/common/services/usb/udc/udc.o
 .debug_frame   0x00000b70      0x340 src/ASF/xmega/drivers/nvm/nvm.o
 .debug_frame   0x00000eb0      0x994 src/ASF/xmega/drivers/tc/tc.o
 .debug_frame   0x00001844      0x148 src/ASF/xmega/drivers/usart/usart.o
 .debug_frame   0x0000198c      0x3d0 src/ASF/xmega/drivers/usb/usb_device.o
 .debug_frame   0x00001d5c       0x84 src/ASF/xmega/services/pwm/pwm.o
 .debug_frame   0x00001de0      0x130 src/main.o
 .debug_frame   0x00001f10       0x24 src/ASF/common/boards/user_board/init.o

.debug_str      0x00000000    0x2fbd2
 *(.debug_str)
 .debug_str     0x00000000    0x23269 src/ASF/xmega/drivers/rtc/rtc.o
                              0x23967 (size before relaxing)
 .debug_str     0x00023269     0x5347 src/OctopusBot/drivers/bluetooth.o
                              0x28a5e (size before relaxing)
 .debug_str     0x000285b0       0xa1 src/OctopusBot/drivers/leds.o
                              0x2833d (size before relaxing)
 .debug_str     0x00028651       0xcb src/OctopusBot/drivers/motors.o
                              0x28154 (size before relaxing)
 .debug_str     0x0002871c       0x63 src/OctopusBot/drivers/OctopusBot.o
                              0x282c8 (size before relaxing)
 .debug_str     0x0002877f      0x35f src/OctopusBot/drivers/PWM.o
                              0x282a5 (size before relaxing)
 .debug_str     0x00028ade       0x4a src/OctopusBot/drivers/switch.o
                              0x280b1 (size before relaxing)
 .debug_str     0x00028b28       0xd0 src/OctopusBot/drivers/usb_serial.o
                              0x28254 (size before relaxing)
 .debug_str     0x00028bf8      0x6fa src/ASF/common/services/clock/xmega/sysclk.o
                              0x23a06 (size before relaxing)
 .debug_str     0x000292f2      0x3c9 src/ASF/common/services/ioport/xmega/ioport_compat.o
                              0x225b3 (size before relaxing)
 .debug_str     0x000296bb       0x9c src/ASF/common/services/serial/usart_serial.o
                              0x232d7 (size before relaxing)
 .debug_str     0x00029757       0x35 src/ASF/common/services/sleepmgr/xmega/sleepmgr.o
                              0x22485 (size before relaxing)
 .debug_str     0x0002978c      0xed3 src/ASF/common/services/usb/class/cdc/device/udi_cdc.o
                              0x2675a (size before relaxing)
 .debug_str     0x0002a65f      0x584 src/ASF/common/services/usb/class/cdc/device/udi_cdc_desc.o
                              0x25d8c (size before relaxing)
 .debug_str     0x0002abe3      0x732 src/ASF/common/services/usb/udc/udc.o
                              0x24e78 (size before relaxing)
 .debug_str     0x0002b315      0x53d src/ASF/xmega/drivers/nvm/nvm.o
                              0x22baf (size before relaxing)
 .debug_str     0x0002b852      0x538 src/ASF/xmega/drivers/tc/tc.o
                              0x23e25 (size before relaxing)
 .debug_str     0x0002bd8a      0x65b src/ASF/xmega/drivers/usart/usart.o
                              0x2446b (size before relaxing)
 .debug_str     0x0002c3e5     0x34e6 src/ASF/xmega/drivers/usb/usb_device.o
                              0x2986e (size before relaxing)
 .debug_str     0x0002f8cb      0x27b src/ASF/xmega/services/pwm/pwm.o
                              0x27e0b (size before relaxing)
 .debug_str     0x0002fb46       0x56 src/main.o
                              0x285b2 (size before relaxing)
 .debug_str     0x0002fb9c       0x36 src/ASF/common/boards/user_board/init.o
                              0x27416 (size before relaxing)

.debug_loc      0x00000000     0x8482
 *(.debug_loc)
 .debug_loc     0x00000000       0xe8 src/ASF/xmega/drivers/rtc/rtc.o
 .debug_loc     0x000000e8      0x882 src/OctopusBot/drivers/bluetooth.o
 .debug_loc     0x0000096a      0x51d src/OctopusBot/drivers/leds.o
 .debug_loc     0x00000e87      0x2ef src/OctopusBot/drivers/motors.o
 .debug_loc     0x00001176       0xa2 src/OctopusBot/drivers/OctopusBot.o
 .debug_loc     0x00001218      0x439 src/OctopusBot/drivers/PWM.o
 .debug_loc     0x00001651       0x8a src/OctopusBot/drivers/switch.o
 .debug_loc     0x000016db      0x2d7 src/OctopusBot/drivers/usb_serial.o
 .debug_loc     0x000019b2      0x3a4 src/ASF/common/services/clock/xmega/sysclk.o
 .debug_loc     0x00001d56      0x280 src/ASF/common/services/serial/usart_serial.o
 .debug_loc     0x00001fd6      0xdeb src/ASF/common/services/usb/class/cdc/device/udi_cdc.o
 .debug_loc     0x00002dc1      0x4e6 src/ASF/common/services/usb/udc/udc.o
 .debug_loc     0x000032a7     0x1135 src/ASF/xmega/drivers/nvm/nvm.o
 .debug_loc     0x000043dc     0x16a8 src/ASF/xmega/drivers/tc/tc.o
 .debug_loc     0x00005a84      0xfcf src/ASF/xmega/drivers/usart/usart.o
 .debug_loc     0x00006a53      0xf83 src/ASF/xmega/drivers/usb/usb_device.o
 .debug_loc     0x000079d6      0x676 src/ASF/xmega/services/pwm/pwm.o
 .debug_loc     0x0000804c      0x436 src/main.o

.debug_macinfo
 *(.debug_macinfo)

.debug_weaknames
 *(.debug_weaknames)

.debug_funcnames
 *(.debug_funcnames)

.debug_typenames
 *(.debug_typenames)

.debug_varnames
 *(.debug_varnames)

.debug_pubtypes
 *(.debug_pubtypes)

.debug_ranges   0x00000000      0x800
 *(.debug_ranges)
 .debug_ranges  0x00000000       0x40 src/ASF/xmega/drivers/rtc/rtc.o
 .debug_ranges  0x00000040       0xa0 src/OctopusBot/drivers/bluetooth.o
 .debug_ranges  0x000000e0       0x40 src/OctopusBot/drivers/leds.o
 .debug_ranges  0x00000120       0x38 src/OctopusBot/drivers/motors.o
 .debug_ranges  0x00000158       0x18 src/OctopusBot/drivers/OctopusBot.o
 .debug_ranges  0x00000170       0x18 src/OctopusBot/drivers/PWM.o
 .debug_ranges  0x00000188       0x18 src/OctopusBot/drivers/switch.o
 .debug_ranges  0x000001a0       0x40 src/OctopusBot/drivers/usb_serial.o
 .debug_ranges  0x000001e0       0x30 src/ASF/common/services/clock/xmega/sysclk.o
 .debug_ranges  0x00000210       0x18 src/ASF/common/services/serial/usart_serial.o
 .debug_ranges  0x00000228      0x158 src/ASF/common/services/usb/class/cdc/device/udi_cdc.o
 .debug_ranges  0x00000380       0x60 src/ASF/common/services/usb/udc/udc.o
 .debug_ranges  0x000003e0       0xc8 src/ASF/xmega/drivers/nvm/nvm.o
 .debug_ranges  0x000004a8       0x20 src/ASF/xmega/drivers/nvm/nvm_asm.o
 .debug_ranges  0x000004c8      0x118 src/ASF/xmega/drivers/tc/tc.o
 .debug_ranges  0x000005e0       0x80 src/ASF/xmega/drivers/usart/usart.o
 .debug_ranges  0x00000660      0x128 src/ASF/xmega/drivers/usb/usb_device.o
 .debug_ranges  0x00000788       0x20 src/ASF/xmega/services/pwm/pwm.o
 .debug_ranges  0x000007a8       0x48 src/main.o
 .debug_ranges  0x000007f0       0x10 src/ASF/common/boards/user_board/init.o

.debug_macro    0x00000000     0xd07a
 *(.debug_macro)
 .debug_macro   0x00000000      0x232 src/ASF/xmega/drivers/rtc/rtc.o
 .debug_macro   0x00000232      0xa30 src/ASF/xmega/drivers/rtc/rtc.o
 .debug_macro   0x00000c62       0x10 src/ASF/xmega/drivers/rtc/rtc.o
 .debug_macro   0x00000c72      0x1ad src/ASF/xmega/drivers/rtc/rtc.o
 .debug_macro   0x00000e1f      0x293 src/ASF/xmega/drivers/rtc/rtc.o
 .debug_macro   0x000010b2       0x9e src/ASF/xmega/drivers/rtc/rtc.o
 .debug_macro   0x00001150     0x5486 src/ASF/xmega/drivers/rtc/rtc.o
 .debug_macro   0x000065d6       0x9a src/ASF/xmega/drivers/rtc/rtc.o
 .debug_macro   0x00006670       0xf1 src/ASF/xmega/drivers/rtc/rtc.o
 .debug_macro   0x00006761       0x34 src/ASF/xmega/drivers/rtc/rtc.o
 .debug_macro   0x00006795       0x10 src/ASF/xmega/drivers/rtc/rtc.o
 .debug_macro   0x000067a5       0x18 src/ASF/xmega/drivers/rtc/rtc.o
 .debug_macro   0x000067bd       0x5e src/ASF/xmega/drivers/rtc/rtc.o
 .debug_macro   0x0000681b       0x10 src/ASF/xmega/drivers/rtc/rtc.o
 .debug_macro   0x0000682b       0x22 src/ASF/xmega/drivers/rtc/rtc.o
 .debug_macro   0x0000684d      0x166 src/ASF/xmega/drivers/rtc/rtc.o
 .debug_macro   0x000069b3       0x1c src/ASF/xmega/drivers/rtc/rtc.o
 .debug_macro   0x000069cf       0x35 src/ASF/xmega/drivers/rtc/rtc.o
 .debug_macro   0x00006a04       0x66 src/ASF/xmega/drivers/rtc/rtc.o
 .debug_macro   0x00006a6a      0x2d9 src/ASF/xmega/drivers/rtc/rtc.o
 .debug_macro   0x00006d43       0x97 src/ASF/xmega/drivers/rtc/rtc.o
 .debug_macro   0x00006dda       0x17 src/ASF/xmega/drivers/rtc/rtc.o
 .debug_macro   0x00006df1      0x250 src/ASF/xmega/drivers/rtc/rtc.o
 .debug_macro   0x00007041       0x76 src/ASF/xmega/drivers/rtc/rtc.o
 .debug_macro   0x000070b7       0x16 src/ASF/xmega/drivers/rtc/rtc.o
 .debug_macro   0x000070cd      0x6e0 src/ASF/xmega/drivers/rtc/rtc.o
 .debug_macro   0x000077ad       0x10 src/ASF/xmega/drivers/rtc/rtc.o
 .debug_macro   0x000077bd      0x175 src/ASF/xmega/drivers/rtc/rtc.o
 .debug_macro   0x00007932       0x40 src/ASF/xmega/drivers/rtc/rtc.o
 .debug_macro   0x00007972       0x69 src/ASF/xmega/drivers/rtc/rtc.o
 .debug_macro   0x000079db       0x32 src/ASF/xmega/drivers/rtc/rtc.o
 .debug_macro   0x00007a0d       0xe4 src/ASF/xmega/drivers/rtc/rtc.o
 .debug_macro   0x00007af1       0x34 src/ASF/xmega/drivers/rtc/rtc.o
 .debug_macro   0x00007b25      0x1ce src/ASF/xmega/drivers/rtc/rtc.o
 .debug_macro   0x00007cf3       0x66 src/ASF/xmega/drivers/rtc/rtc.o
 .debug_macro   0x00007d59       0x2f src/ASF/xmega/drivers/rtc/rtc.o
 .debug_macro   0x00007d88      0x154 src/ASF/xmega/drivers/rtc/rtc.o
 .debug_macro   0x00007edc       0x10 src/ASF/xmega/drivers/rtc/rtc.o
 .debug_macro   0x00007eec       0x5e src/ASF/xmega/drivers/rtc/rtc.o
 .debug_macro   0x00007f4a       0x1c src/ASF/xmega/drivers/rtc/rtc.o
 .debug_macro   0x00007f66      0x3dc src/OctopusBot/drivers/bluetooth.o
 .debug_macro   0x00008342       0x34 src/OctopusBot/drivers/bluetooth.o
 .debug_macro   0x00008376       0x28 src/OctopusBot/drivers/bluetooth.o
 .debug_macro   0x0000839e       0x22 src/OctopusBot/drivers/bluetooth.o
 .debug_macro   0x000083c0       0x7c src/OctopusBot/drivers/bluetooth.o
 .debug_macro   0x0000843c       0x26 src/OctopusBot/drivers/bluetooth.o
 .debug_macro   0x00008462       0x12 src/OctopusBot/drivers/bluetooth.o
 .debug_macro   0x00008474       0x3a src/OctopusBot/drivers/bluetooth.o
 .debug_macro   0x000084ae      0x225 src/OctopusBot/drivers/bluetooth.o
 .debug_macro   0x000086d3       0x84 src/OctopusBot/drivers/bluetooth.o
 .debug_macro   0x00008757       0xec src/OctopusBot/drivers/bluetooth.o
 .debug_macro   0x00008843      0x241 src/OctopusBot/drivers/bluetooth.o
 .debug_macro   0x00008a84       0xbb src/OctopusBot/drivers/bluetooth.o
 .debug_macro   0x00008b3f       0x16 src/OctopusBot/drivers/bluetooth.o
 .debug_macro   0x00008b55       0x1c src/OctopusBot/drivers/bluetooth.o
 .debug_macro   0x00008b71      0x190 src/OctopusBot/drivers/bluetooth.o
 .debug_macro   0x00008d01       0x58 src/OctopusBot/drivers/bluetooth.o
 .debug_macro   0x00008d59       0x10 src/OctopusBot/drivers/bluetooth.o
 .debug_macro   0x00008d69       0xeb src/OctopusBot/drivers/bluetooth.o
 .debug_macro   0x00008e54       0x28 src/OctopusBot/drivers/bluetooth.o
 .debug_macro   0x00008e7c       0x4c src/OctopusBot/drivers/bluetooth.o
 .debug_macro   0x00008ec8       0x10 src/OctopusBot/drivers/bluetooth.o
 .debug_macro   0x00008ed8       0x10 src/OctopusBot/drivers/bluetooth.o
 .debug_macro   0x00008ee8       0x22 src/OctopusBot/drivers/bluetooth.o
 .debug_macro   0x00008f0a       0x3a src/OctopusBot/drivers/bluetooth.o
 .debug_macro   0x00008f44       0x22 src/OctopusBot/drivers/bluetooth.o
 .debug_macro   0x00008f66      0x3d6 src/OctopusBot/drivers/leds.o
 .debug_macro   0x0000933c       0x16 src/OctopusBot/drivers/leds.o
 .debug_macro   0x00009352      0x3d6 src/OctopusBot/drivers/motors.o
 .debug_macro   0x00009728      0x3d2 src/OctopusBot/drivers/OctopusBot.o
 .debug_macro   0x00009afa      0x3dc src/OctopusBot/drivers/PWM.o
 .debug_macro   0x00009ed6       0x1c src/OctopusBot/drivers/PWM.o
 .debug_macro   0x00009ef2      0x3dc src/OctopusBot/drivers/switch.o
 .debug_macro   0x0000a2ce      0x3dd src/OctopusBot/drivers/usb_serial.o
 .debug_macro   0x0000a6ab      0x1e6 src/ASF/common/services/clock/xmega/sysclk.o
 .debug_macro   0x0000a891      0x18f src/ASF/common/services/ioport/xmega/ioport_compat.o
 .debug_macro   0x0000aa20      0x109 src/ASF/common/services/ioport/xmega/ioport_compat.o
 .debug_macro   0x0000ab29      0x21e src/ASF/common/services/serial/usart_serial.o
 .debug_macro   0x0000ad47       0x34 src/ASF/common/services/serial/usart_serial.o
 .debug_macro   0x0000ad7b      0x1a3 src/ASF/common/services/sleepmgr/xmega/sleepmgr.o
 .debug_macro   0x0000af1e      0x299 src/ASF/common/services/usb/class/cdc/device/udi_cdc.o
 .debug_macro   0x0000b1b7       0x7e src/ASF/common/services/usb/class/cdc/device/udi_cdc.o
 .debug_macro   0x0000b235       0x16 src/ASF/common/services/usb/class/cdc/device/udi_cdc.o
 .debug_macro   0x0000b24b      0x204 src/ASF/common/services/usb/class/cdc/device/udi_cdc_desc.o
 .debug_macro   0x0000b44f      0x1f6 src/ASF/common/services/usb/udc/udc.o
 .debug_macro   0x0000b645      0x198 src/ASF/xmega/drivers/nvm/nvm.o
 .debug_macro   0x0000b7dd      0x230 src/ASF/xmega/drivers/tc/tc.o
 .debug_macro   0x0000ba0d      0x299 src/ASF/xmega/drivers/tc/tc.o
 .debug_macro   0x0000bca6      0x219 src/ASF/xmega/drivers/usart/usart.o
 .debug_macro   0x0000bebf      0x2ca src/ASF/xmega/drivers/usb/usb_device.o
 .debug_macro   0x0000c189      0x467 src/ASF/xmega/drivers/usb/usb_device.o
 .debug_macro   0x0000c5f0      0x359 src/ASF/xmega/services/pwm/pwm.o
 .debug_macro   0x0000c949      0x3d8 src/main.o
 .debug_macro   0x0000cd21      0x359 src/ASF/common/boards/user_board/init.o
OUTPUT(Jord_Octopus.elf elf32-avr)
LOAD linker stubs
